Copyright 1986-2022 Xilinx, Inc. All Rights Reserved. Copyright 2022-2023 Advanced Micro Devices, Inc. All Rights Reserved.
----------------------------------------------------------------------------------------------------------------------------------------------------------------------------------
| Tool Version : Vivado v.2023.2 (lin64) Build 4029153 Fri Oct 13 20:13:54 MDT 2023
| Date         : Wed Jun 10 19:07:58 2026
| Host         : <REDACTED_HOST> running 64-bit Ubuntu 22.04.5 LTS
| Command      : report_accelerator_utilization -kernels { gemv_kernel:level0_i/ulp/gemv_kernel_1/inst:gemv_kernel_1} -file kernel_util_routed.rpt -name kernel_util_routed -json
| Design       : level0_wrapper
| Device       : xcu55c
| Design State : Routed
----------------------------------------------------------------------------------------------------------------------------------------------------------------------------------

Accelerator Utilization Design Information

Table of Contents
-----------------
1. System Utilization

1. System Utilization
---------------------

+---------------------+-------------------+------------------+-------------------+----------------+---------------+----------------+
| Name                | LUT               | LUTAsMem         | REG               | BRAM           | URAM          | DSP            |
+---------------------+-------------------+------------------+-------------------+----------------+---------------+----------------+
| Platform            |  131679 [ 10.10%] |  10111 [  1.68%] |  183970 [  7.06%] |  202 [ 10.02%] |   0 [  0.00%] |    4 [  0.04%] |
| User Budget         | 1172001 [100.00%] | 590849 [100.00%] | 2423390 [100.00%] | 1814 [100.00%] | 960 [100.00%] | 9020 [100.00%] |
|    Used Resources   |  233637 [ 19.93%] |  29781 [  5.04%] |  205052 [  8.46%] |   23 [  1.27%] |   0 [  0.00%] | 4096 [ 45.41%] |
|    Unused Resources |  938364 [ 80.07%] | 561068 [ 94.96%] | 2218338 [ 91.54%] | 1791 [ 98.73%] | 960 [100.00%] | 4924 [ 54.59%] |
| gemv_kernel         |  233637 [ 19.93%] |  29781 [  5.04%] |  205052 [  8.46%] |   23 [  1.27%] |   0 [  0.00%] | 4096 [ 45.41%] |
|    gemv_kernel_1    |  233637 [ 19.93%] |  29781 [  5.04%] |  205052 [  8.46%] |   23 [  1.27%] |   0 [  0.00%] | 4096 [ 45.41%] |
+---------------------+-------------------+------------------+-------------------+----------------+---------------+----------------+


