

================================================================
== Vitis HLS Report for 'compute_mha'
================================================================
* Date:           Wed Apr  1 17:58:14 2026

* Version:        2024.1 (Build 5069499 on May 21 2024)
* Project:        transformer_layer_pipeline
* Solution:       hls (Vitis Kernel Flow Target)
* Product family: virtexuplusHBM
* Target device:  xcu55c-fsvh2892-2L-e


================================================================
== Performance Estimates
================================================================
+ Timing: 
    * Summary: 
    +--------+---------+----------+------------+
    |  Clock |  Target | Estimated| Uncertainty|
    +--------+---------+----------+------------+
    |ap_clk  |  5.00 ns|  3.757 ns|     1.35 ns|
    +--------+---------+----------+------------+

+ Latency: 
    * Summary: 
    +---------+---------+-----------+----------+-------+-------+---------+
    |  Latency (cycles) |  Latency (absolute)  |    Interval   | Pipeline|
    |   min   |   max   |    min    |    max   |  min  |  max  |   Type  |
    +---------+---------+-----------+----------+-------+-------+---------+
    |    18613|    21285|  93.065 us|  0.106 ms|  18613|  21285|       no|
    +---------+---------+-----------+----------+-------+-------+---------+

    + Detail: 
        * Instance: 
        +-------------------------------------------------+--------------------------------------+---------+---------+-----------+-----------+------+------+-----------------------------------------------+
        |                                                 |                                      |  Latency (cycles) |   Latency (absolute)  |   Interval  |                    Pipeline                   |
        |                     Instance                    |                Module                |   min   |   max   |    min    |    max    |  min |  max |                      Type                     |
        +-------------------------------------------------+--------------------------------------+---------+---------+-----------+-----------+------+------+-----------------------------------------------+
        |grp_compute_mha_Pipeline_rope_rotation_fu_154    |compute_mha_Pipeline_rope_rotation    |     4149|     4149|  20.745 us|  20.745 us|  4098|  4098|  loop auto-rewind stp(delay=0 clock cycles(s))|
        |grp_compute_mha_Pipeline_write_kv_cache_fu_235   |compute_mha_Pipeline_write_kv_cache   |     8300|     8300|  41.500 us|  41.500 us|  8194|  8194|  loop auto-rewind stp(delay=0 clock cycles(s))|
        |grp_multihead_attention_dataflow_wrapper_fu_310  |multihead_attention_dataflow_wrapper  |     6156|     8828|  30.780 us|  44.140 us|  6156|  8828|                                             no|
        +-------------------------------------------------+--------------------------------------+---------+---------+-----------+-----------+------+------+-----------------------------------------------+

        * Loop: 
        N/A



================================================================
== Utilization Estimates
================================================================
* Summary: 
+---------------------+---------+------+---------+---------+-----+
|         Name        | BRAM_18K|  DSP |    FF   |   LUT   | URAM|
+---------------------+---------+------+---------+---------+-----+
|DSP                  |        -|     -|        -|        -|    -|
|Expression           |        -|     -|        0|       40|    -|
|FIFO                 |        -|     -|        -|        -|    -|
|Instance             |      113|  1598|   189634|   161638|    0|
|Memory               |        -|     -|        -|        -|    -|
|Multiplexer          |        -|     -|        0|     3621|    -|
|Register             |        -|     -|       70|        -|    -|
+---------------------+---------+------+---------+---------+-----+
|Total                |      113|  1598|   189704|   165299|    0|
+---------------------+---------+------+---------+---------+-----+
|Available SLR        |     1344|  3008|   869120|   434560|  320|
+---------------------+---------+------+---------+---------+-----+
|Utilization SLR (%)  |        8|    53|       21|       38|    0|
+---------------------+---------+------+---------+---------+-----+
|Available            |     4032|  9024|  2607360|  1303680|  960|
+---------------------+---------+------+---------+---------+-----+
|Utilization (%)      |        2|    17|        7|       12|    0|
+---------------------+---------+------+---------+---------+-----+

+ Detail: 
    * Instance: 
    +-------------------------------------------------+--------------------------------------+---------+------+--------+--------+-----+
    |                     Instance                    |                Module                | BRAM_18K|  DSP |   FF   |   LUT  | URAM|
    +-------------------------------------------------+--------------------------------------+---------+------+--------+--------+-----+
    |grp_compute_mha_Pipeline_rope_rotation_fu_154    |compute_mha_Pipeline_rope_rotation    |        1|    46|   11655|   10664|    0|
    |grp_compute_mha_Pipeline_write_kv_cache_fu_235   |compute_mha_Pipeline_write_kv_cache   |        0|     0|    4778|    7392|    0|
    |grp_multihead_attention_dataflow_wrapper_fu_310  |multihead_attention_dataflow_wrapper  |      112|  1552|  173201|  143582|    0|
    |sitofp_32ns_32_3_no_dsp_1_U13456                 |sitofp_32ns_32_3_no_dsp_1             |        0|     0|       0|       0|    0|
    +-------------------------------------------------+--------------------------------------+---------+------+--------+--------+-----+
    |Total                                            |                                      |      113|  1598|  189634|  161638|    0|
    +-------------------------------------------------+--------------------------------------+---------+------+--------+--------+-----+

    * DSP: 
    N/A

    * Memory: 
    N/A

    * FIFO: 
    N/A

    * Expression: 
    +---------------------+----------+----+---+----+------------+------------+
    |    Variable Name    | Operation| DSP| FF| LUT| Bitwidth P0| Bitwidth P1|
    +---------------------+----------+----+---+----+------------+------------+
    |add_ln515_fu_409_p2  |         +|   0|  0|  40|          33|          33|
    +---------------------+----------+----+---+----+------------+------------+
    |Total                |          |   0|  0|  40|          33|          33|
    +---------------------+----------+----+---+----+------------+------------+

    * Multiplexer: 
    +------------------------+----+-----------+-----+-----------+
    |          Name          | LUT| Input Size| Bits| Total Bits|
    +------------------------+----+-----------+-----+-----------+
    |ap_NS_fsm               |  54|         10|    1|         10|
    |attn_out_0_address0     |  20|          4|   11|         44|
    |attn_out_0_address1     |  14|          3|   11|         33|
    |attn_out_0_ce0          |  20|          4|    1|          4|
    |attn_out_0_ce1          |  14|          3|    1|          3|
    |attn_out_0_d0           |  14|          3|   32|         96|
    |attn_out_0_we0          |  14|          3|    1|          3|
    |attn_out_0_we1          |   9|          2|    1|          2|
    |attn_out_10_address0    |  20|          4|   11|         44|
    |attn_out_10_address1    |  14|          3|   11|         33|
    |attn_out_10_ce0         |  20|          4|    1|          4|
    |attn_out_10_ce1         |  14|          3|    1|          3|
    |attn_out_10_d0          |  14|          3|   32|         96|
    |attn_out_10_we0         |  14|          3|    1|          3|
    |attn_out_10_we1         |   9|          2|    1|          2|
    |attn_out_11_address0    |  20|          4|   11|         44|
    |attn_out_11_address1    |  14|          3|   11|         33|
    |attn_out_11_ce0         |  20|          4|    1|          4|
    |attn_out_11_ce1         |  14|          3|    1|          3|
    |attn_out_11_d0          |  14|          3|   32|         96|
    |attn_out_11_we0         |  14|          3|    1|          3|
    |attn_out_11_we1         |   9|          2|    1|          2|
    |attn_out_12_address0    |  20|          4|   11|         44|
    |attn_out_12_address1    |  14|          3|   11|         33|
    |attn_out_12_ce0         |  20|          4|    1|          4|
    |attn_out_12_ce1         |  14|          3|    1|          3|
    |attn_out_12_d0          |  14|          3|   32|         96|
    |attn_out_12_we0         |  14|          3|    1|          3|
    |attn_out_12_we1         |   9|          2|    1|          2|
    |attn_out_13_address0    |  20|          4|   11|         44|
    |attn_out_13_address1    |  14|          3|   11|         33|
    |attn_out_13_ce0         |  20|          4|    1|          4|
    |attn_out_13_ce1         |  14|          3|    1|          3|
    |attn_out_13_d0          |  14|          3|   32|         96|
    |attn_out_13_we0         |  14|          3|    1|          3|
    |attn_out_13_we1         |   9|          2|    1|          2|
    |attn_out_14_address0    |  20|          4|   11|         44|
    |attn_out_14_address1    |  14|          3|   11|         33|
    |attn_out_14_ce0         |  20|          4|    1|          4|
    |attn_out_14_ce1         |  14|          3|    1|          3|
    |attn_out_14_d0          |  14|          3|   32|         96|
    |attn_out_14_we0         |  14|          3|    1|          3|
    |attn_out_14_we1         |   9|          2|    1|          2|
    |attn_out_15_address0    |  20|          4|   11|         44|
    |attn_out_15_address1    |  14|          3|   11|         33|
    |attn_out_15_ce0         |  20|          4|    1|          4|
    |attn_out_15_ce1         |  14|          3|    1|          3|
    |attn_out_15_d0          |  14|          3|   32|         96|
    |attn_out_15_we0         |  14|          3|    1|          3|
    |attn_out_15_we1         |   9|          2|    1|          2|
    |attn_out_16_address0    |  20|          4|   11|         44|
    |attn_out_16_address1    |  14|          3|   11|         33|
    |attn_out_16_ce0         |  20|          4|    1|          4|
    |attn_out_16_ce1         |  14|          3|    1|          3|
    |attn_out_16_d0          |  14|          3|   32|         96|
    |attn_out_16_we0         |  14|          3|    1|          3|
    |attn_out_16_we1         |   9|          2|    1|          2|
    |attn_out_17_address0    |  20|          4|   11|         44|
    |attn_out_17_address1    |  14|          3|   11|         33|
    |attn_out_17_ce0         |  20|          4|    1|          4|
    |attn_out_17_ce1         |  14|          3|    1|          3|
    |attn_out_17_d0          |  14|          3|   32|         96|
    |attn_out_17_we0         |  14|          3|    1|          3|
    |attn_out_17_we1         |   9|          2|    1|          2|
    |attn_out_18_address0    |  20|          4|   11|         44|
    |attn_out_18_address1    |  14|          3|   11|         33|
    |attn_out_18_ce0         |  20|          4|    1|          4|
    |attn_out_18_ce1         |  14|          3|    1|          3|
    |attn_out_18_d0          |  14|          3|   32|         96|
    |attn_out_18_we0         |  14|          3|    1|          3|
    |attn_out_18_we1         |   9|          2|    1|          2|
    |attn_out_19_address0    |  20|          4|   11|         44|
    |attn_out_19_address1    |  14|          3|   11|         33|
    |attn_out_19_ce0         |  20|          4|    1|          4|
    |attn_out_19_ce1         |  14|          3|    1|          3|
    |attn_out_19_d0          |  14|          3|   32|         96|
    |attn_out_19_we0         |  14|          3|    1|          3|
    |attn_out_19_we1         |   9|          2|    1|          2|
    |attn_out_1_address0     |  20|          4|   11|         44|
    |attn_out_1_address1     |  14|          3|   11|         33|
    |attn_out_1_ce0          |  20|          4|    1|          4|
    |attn_out_1_ce1          |  14|          3|    1|          3|
    |attn_out_1_d0           |  14|          3|   32|         96|
    |attn_out_1_we0          |  14|          3|    1|          3|
    |attn_out_1_we1          |   9|          2|    1|          2|
    |attn_out_20_address0    |  20|          4|   11|         44|
    |attn_out_20_address1    |  14|          3|   11|         33|
    |attn_out_20_ce0         |  20|          4|    1|          4|
    |attn_out_20_ce1         |  14|          3|    1|          3|
    |attn_out_20_d0          |  14|          3|   32|         96|
    |attn_out_20_we0         |  14|          3|    1|          3|
    |attn_out_20_we1         |   9|          2|    1|          2|
    |attn_out_21_address0    |  20|          4|   11|         44|
    |attn_out_21_address1    |  14|          3|   11|         33|
    |attn_out_21_ce0         |  20|          4|    1|          4|
    |attn_out_21_ce1         |  14|          3|    1|          3|
    |attn_out_21_d0          |  14|          3|   32|         96|
    |attn_out_21_we0         |  14|          3|    1|          3|
    |attn_out_21_we1         |   9|          2|    1|          2|
    |attn_out_22_address0    |  20|          4|   11|         44|
    |attn_out_22_address1    |  14|          3|   11|         33|
    |attn_out_22_ce0         |  20|          4|    1|          4|
    |attn_out_22_ce1         |  14|          3|    1|          3|
    |attn_out_22_d0          |  14|          3|   32|         96|
    |attn_out_22_we0         |  14|          3|    1|          3|
    |attn_out_22_we1         |   9|          2|    1|          2|
    |attn_out_23_address0    |  20|          4|   11|         44|
    |attn_out_23_address1    |  14|          3|   11|         33|
    |attn_out_23_ce0         |  20|          4|    1|          4|
    |attn_out_23_ce1         |  14|          3|    1|          3|
    |attn_out_23_d0          |  14|          3|   32|         96|
    |attn_out_23_we0         |  14|          3|    1|          3|
    |attn_out_23_we1         |   9|          2|    1|          2|
    |attn_out_24_address0    |  20|          4|   11|         44|
    |attn_out_24_address1    |  14|          3|   11|         33|
    |attn_out_24_ce0         |  20|          4|    1|          4|
    |attn_out_24_ce1         |  14|          3|    1|          3|
    |attn_out_24_d0          |  14|          3|   32|         96|
    |attn_out_24_we0         |  14|          3|    1|          3|
    |attn_out_24_we1         |   9|          2|    1|          2|
    |attn_out_25_address0    |  20|          4|   11|         44|
    |attn_out_25_address1    |  14|          3|   11|         33|
    |attn_out_25_ce0         |  20|          4|    1|          4|
    |attn_out_25_ce1         |  14|          3|    1|          3|
    |attn_out_25_d0          |  14|          3|   32|         96|
    |attn_out_25_we0         |  14|          3|    1|          3|
    |attn_out_25_we1         |   9|          2|    1|          2|
    |attn_out_26_address0    |  20|          4|   11|         44|
    |attn_out_26_address1    |  14|          3|   11|         33|
    |attn_out_26_ce0         |  20|          4|    1|          4|
    |attn_out_26_ce1         |  14|          3|    1|          3|
    |attn_out_26_d0          |  14|          3|   32|         96|
    |attn_out_26_we0         |  14|          3|    1|          3|
    |attn_out_26_we1         |   9|          2|    1|          2|
    |attn_out_27_address0    |  20|          4|   11|         44|
    |attn_out_27_address1    |  14|          3|   11|         33|
    |attn_out_27_ce0         |  20|          4|    1|          4|
    |attn_out_27_ce1         |  14|          3|    1|          3|
    |attn_out_27_d0          |  14|          3|   32|         96|
    |attn_out_27_we0         |  14|          3|    1|          3|
    |attn_out_27_we1         |   9|          2|    1|          2|
    |attn_out_28_address0    |  20|          4|   11|         44|
    |attn_out_28_address1    |  14|          3|   11|         33|
    |attn_out_28_ce0         |  20|          4|    1|          4|
    |attn_out_28_ce1         |  14|          3|    1|          3|
    |attn_out_28_d0          |  14|          3|   32|         96|
    |attn_out_28_we0         |  14|          3|    1|          3|
    |attn_out_28_we1         |   9|          2|    1|          2|
    |attn_out_29_address0    |  20|          4|   11|         44|
    |attn_out_29_address1    |  14|          3|   11|         33|
    |attn_out_29_ce0         |  20|          4|    1|          4|
    |attn_out_29_ce1         |  14|          3|    1|          3|
    |attn_out_29_d0          |  14|          3|   32|         96|
    |attn_out_29_we0         |  14|          3|    1|          3|
    |attn_out_29_we1         |   9|          2|    1|          2|
    |attn_out_2_address0     |  20|          4|   11|         44|
    |attn_out_2_address1     |  14|          3|   11|         33|
    |attn_out_2_ce0          |  20|          4|    1|          4|
    |attn_out_2_ce1          |  14|          3|    1|          3|
    |attn_out_2_d0           |  14|          3|   32|         96|
    |attn_out_2_we0          |  14|          3|    1|          3|
    |attn_out_2_we1          |   9|          2|    1|          2|
    |attn_out_30_address0    |  20|          4|   11|         44|
    |attn_out_30_address1    |  14|          3|   11|         33|
    |attn_out_30_ce0         |  20|          4|    1|          4|
    |attn_out_30_ce1         |  14|          3|    1|          3|
    |attn_out_30_d0          |  14|          3|   32|         96|
    |attn_out_30_we0         |  14|          3|    1|          3|
    |attn_out_30_we1         |   9|          2|    1|          2|
    |attn_out_31_address0    |  20|          4|   11|         44|
    |attn_out_31_address1    |  14|          3|   11|         33|
    |attn_out_31_ce0         |  20|          4|    1|          4|
    |attn_out_31_ce1         |  14|          3|    1|          3|
    |attn_out_31_d0          |  14|          3|   32|         96|
    |attn_out_31_we0         |  14|          3|    1|          3|
    |attn_out_31_we1         |   9|          2|    1|          2|
    |attn_out_3_address0     |  20|          4|   11|         44|
    |attn_out_3_address1     |  14|          3|   11|         33|
    |attn_out_3_ce0          |  20|          4|    1|          4|
    |attn_out_3_ce1          |  14|          3|    1|          3|
    |attn_out_3_d0           |  14|          3|   32|         96|
    |attn_out_3_we0          |  14|          3|    1|          3|
    |attn_out_3_we1          |   9|          2|    1|          2|
    |attn_out_4_address0     |  20|          4|   11|         44|
    |attn_out_4_address1     |  14|          3|   11|         33|
    |attn_out_4_ce0          |  20|          4|    1|          4|
    |attn_out_4_ce1          |  14|          3|    1|          3|
    |attn_out_4_d0           |  14|          3|   32|         96|
    |attn_out_4_we0          |  14|          3|    1|          3|
    |attn_out_4_we1          |   9|          2|    1|          2|
    |attn_out_5_address0     |  20|          4|   11|         44|
    |attn_out_5_address1     |  14|          3|   11|         33|
    |attn_out_5_ce0          |  20|          4|    1|          4|
    |attn_out_5_ce1          |  14|          3|    1|          3|
    |attn_out_5_d0           |  14|          3|   32|         96|
    |attn_out_5_we0          |  14|          3|    1|          3|
    |attn_out_5_we1          |   9|          2|    1|          2|
    |attn_out_6_address0     |  20|          4|   11|         44|
    |attn_out_6_address1     |  14|          3|   11|         33|
    |attn_out_6_ce0          |  20|          4|    1|          4|
    |attn_out_6_ce1          |  14|          3|    1|          3|
    |attn_out_6_d0           |  14|          3|   32|         96|
    |attn_out_6_we0          |  14|          3|    1|          3|
    |attn_out_6_we1          |   9|          2|    1|          2|
    |attn_out_7_address0     |  20|          4|   11|         44|
    |attn_out_7_address1     |  14|          3|   11|         33|
    |attn_out_7_ce0          |  20|          4|    1|          4|
    |attn_out_7_ce1          |  14|          3|    1|          3|
    |attn_out_7_d0           |  14|          3|   32|         96|
    |attn_out_7_we0          |  14|          3|    1|          3|
    |attn_out_7_we1          |   9|          2|    1|          2|
    |attn_out_8_address0     |  20|          4|   11|         44|
    |attn_out_8_address1     |  14|          3|   11|         33|
    |attn_out_8_ce0          |  20|          4|    1|          4|
    |attn_out_8_ce1          |  14|          3|    1|          3|
    |attn_out_8_d0           |  14|          3|   32|         96|
    |attn_out_8_we0          |  14|          3|    1|          3|
    |attn_out_8_we1          |   9|          2|    1|          2|
    |attn_out_9_address0     |  20|          4|   11|         44|
    |attn_out_9_address1     |  14|          3|   11|         33|
    |attn_out_9_ce0          |  20|          4|    1|          4|
    |attn_out_9_ce1          |  14|          3|    1|          3|
    |attn_out_9_d0           |  14|          3|   32|         96|
    |attn_out_9_we0          |  14|          3|    1|          3|
    |attn_out_9_we1          |   9|          2|    1|          2|
    |grp_fu_458_ce           |   9|          2|    1|          2|
    |grp_fu_461_ce           |   9|          2|    1|          2|
    |grp_fu_464_ce           |   9|          2|    1|          2|
    |grp_fu_467_ce           |   9|          2|    1|          2|
    |grp_fu_470_ce           |   9|          2|    1|          2|
    |grp_fu_473_ce           |   9|          2|    1|          2|
    |grp_fu_476_ce           |   9|          2|    1|          2|
    |grp_fu_479_ce           |   9|          2|    1|          2|
    |grp_fu_482_ce           |   9|          2|    1|          2|
    |grp_fu_485_ce           |   9|          2|    1|          2|
    |grp_fu_488_ce           |   9|          2|    1|          2|
    |grp_fu_491_ce           |   9|          2|    1|          2|
    |grp_fu_494_ce           |   9|          2|    1|          2|
    |grp_fu_497_ce           |   9|          2|    1|          2|
    |grp_fu_500_ce           |   9|          2|    1|          2|
    |grp_fu_503_ce           |   9|          2|    1|          2|
    |grp_fu_506_ce           |   9|          2|    1|          2|
    |grp_fu_509_ce           |   9|          2|    1|          2|
    |m_axi_gmem_kvc_ARVALID  |   9|          2|    1|          2|
    |m_axi_gmem_kvc_AWVALID  |   9|          2|    1|          2|
    |m_axi_gmem_kvc_BREADY   |   9|          2|    1|          2|
    |m_axi_gmem_kvc_RREADY   |   9|          2|    1|          2|
    |m_axi_gmem_kvc_WVALID   |   9|          2|    1|          2|
    +------------------------+----+-----------+-----+-----------+
    |Total                   |3621|        760| 1880|       5976|
    +------------------------+----+-----------+-----+-----------+

    * Register: 
    +--------------------------------------------------------------+----+----+-----+-----------+
    |                             Name                             | FF | LUT| Bits| Const Bits|
    +--------------------------------------------------------------+----+----+-----+-----------+
    |ap_CS_fsm                                                     |   9|   0|    9|          0|
    |conv2_reg_431                                                 |  32|   0|   32|          0|
    |grp_compute_mha_Pipeline_rope_rotation_fu_154_ap_start_reg    |   1|   0|    1|          0|
    |grp_compute_mha_Pipeline_write_kv_cache_fu_235_ap_start_reg   |   1|   0|    1|          0|
    |grp_multihead_attention_dataflow_wrapper_fu_310_ap_start_reg  |   1|   0|    1|          0|
    |loff_reg_448                                                  |   5|   0|   24|         19|
    |tmp_2294_reg_453                                              |  21|   0|   34|         13|
    +--------------------------------------------------------------+----+----+-----+-----------+
    |Total                                                         |  70|   0|  102|         32|
    +--------------------------------------------------------------+----+----+-----+-----------+



================================================================
== Interface
================================================================
* Summary: 
+-------------------------+-----+------+------------+--------------+--------------+
|        RTL Ports        | Dir | Bits |  Protocol  | Source Object|    C Type    |
+-------------------------+-----+------+------------+--------------+--------------+
|ap_clk                   |   in|     1|  ap_ctrl_hs|   compute_mha|  return value|
|ap_rst                   |   in|     1|  ap_ctrl_hs|   compute_mha|  return value|
|ap_start                 |   in|     1|  ap_ctrl_hs|   compute_mha|  return value|
|ap_done                  |  out|     1|  ap_ctrl_hs|   compute_mha|  return value|
|ap_idle                  |  out|     1|  ap_ctrl_hs|   compute_mha|  return value|
|ap_ready                 |  out|     1|  ap_ctrl_hs|   compute_mha|  return value|
|grp_fu_9815_p_din0       |  out|    32|  ap_ctrl_hs|   compute_mha|  return value|
|grp_fu_9815_p_dout0      |   in|    16|  ap_ctrl_hs|   compute_mha|  return value|
|grp_fu_9815_p_ce         |  out|     1|  ap_ctrl_hs|   compute_mha|  return value|
|grp_fu_9818_p_din0       |  out|    32|  ap_ctrl_hs|   compute_mha|  return value|
|grp_fu_9818_p_dout0      |   in|    16|  ap_ctrl_hs|   compute_mha|  return value|
|grp_fu_9818_p_ce         |  out|     1|  ap_ctrl_hs|   compute_mha|  return value|
|grp_fu_9821_p_din0       |  out|    16|  ap_ctrl_hs|   compute_mha|  return value|
|grp_fu_9821_p_dout0      |   in|    32|  ap_ctrl_hs|   compute_mha|  return value|
|grp_fu_9821_p_ce         |  out|     1|  ap_ctrl_hs|   compute_mha|  return value|
|grp_fu_9824_p_din0       |  out|    16|  ap_ctrl_hs|   compute_mha|  return value|
|grp_fu_9824_p_dout0      |   in|    32|  ap_ctrl_hs|   compute_mha|  return value|
|grp_fu_9824_p_ce         |  out|     1|  ap_ctrl_hs|   compute_mha|  return value|
|grp_fu_9827_p_din0       |  out|    16|  ap_ctrl_hs|   compute_mha|  return value|
|grp_fu_9827_p_dout0      |   in|    32|  ap_ctrl_hs|   compute_mha|  return value|
|grp_fu_9827_p_ce         |  out|     1|  ap_ctrl_hs|   compute_mha|  return value|
|grp_fu_9830_p_din0       |  out|    16|  ap_ctrl_hs|   compute_mha|  return value|
|grp_fu_9830_p_dout0      |   in|    32|  ap_ctrl_hs|   compute_mha|  return value|
|grp_fu_9830_p_ce         |  out|     1|  ap_ctrl_hs|   compute_mha|  return value|
|grp_fu_9833_p_din0       |  out|    16|  ap_ctrl_hs|   compute_mha|  return value|
|grp_fu_9833_p_dout0      |   in|    32|  ap_ctrl_hs|   compute_mha|  return value|
|grp_fu_9833_p_ce         |  out|     1|  ap_ctrl_hs|   compute_mha|  return value|
|grp_fu_9836_p_din0       |  out|    16|  ap_ctrl_hs|   compute_mha|  return value|
|grp_fu_9836_p_dout0      |   in|    32|  ap_ctrl_hs|   compute_mha|  return value|
|grp_fu_9836_p_ce         |  out|     1|  ap_ctrl_hs|   compute_mha|  return value|
|grp_fu_9839_p_din0       |  out|    16|  ap_ctrl_hs|   compute_mha|  return value|
|grp_fu_9839_p_dout0      |   in|    32|  ap_ctrl_hs|   compute_mha|  return value|
|grp_fu_9839_p_ce         |  out|     1|  ap_ctrl_hs|   compute_mha|  return value|
|grp_fu_9842_p_din0       |  out|    16|  ap_ctrl_hs|   compute_mha|  return value|
|grp_fu_9842_p_dout0      |   in|    32|  ap_ctrl_hs|   compute_mha|  return value|
|grp_fu_9842_p_ce         |  out|     1|  ap_ctrl_hs|   compute_mha|  return value|
|grp_fu_9845_p_din0       |  out|    16|  ap_ctrl_hs|   compute_mha|  return value|
|grp_fu_9845_p_dout0      |   in|    32|  ap_ctrl_hs|   compute_mha|  return value|
|grp_fu_9845_p_ce         |  out|     1|  ap_ctrl_hs|   compute_mha|  return value|
|grp_fu_9848_p_din0       |  out|    16|  ap_ctrl_hs|   compute_mha|  return value|
|grp_fu_9848_p_dout0      |   in|    32|  ap_ctrl_hs|   compute_mha|  return value|
|grp_fu_9848_p_ce         |  out|     1|  ap_ctrl_hs|   compute_mha|  return value|
|grp_fu_9851_p_din0       |  out|    16|  ap_ctrl_hs|   compute_mha|  return value|
|grp_fu_9851_p_dout0      |   in|    32|  ap_ctrl_hs|   compute_mha|  return value|
|grp_fu_9851_p_ce         |  out|     1|  ap_ctrl_hs|   compute_mha|  return value|
|grp_fu_9854_p_din0       |  out|    16|  ap_ctrl_hs|   compute_mha|  return value|
|grp_fu_9854_p_dout0      |   in|    32|  ap_ctrl_hs|   compute_mha|  return value|
|grp_fu_9854_p_ce         |  out|     1|  ap_ctrl_hs|   compute_mha|  return value|
|grp_fu_9857_p_din0       |  out|    16|  ap_ctrl_hs|   compute_mha|  return value|
|grp_fu_9857_p_dout0      |   in|    32|  ap_ctrl_hs|   compute_mha|  return value|
|grp_fu_9857_p_ce         |  out|     1|  ap_ctrl_hs|   compute_mha|  return value|
|grp_fu_9860_p_din0       |  out|    16|  ap_ctrl_hs|   compute_mha|  return value|
|grp_fu_9860_p_dout0      |   in|    32|  ap_ctrl_hs|   compute_mha|  return value|
|grp_fu_9860_p_ce         |  out|     1|  ap_ctrl_hs|   compute_mha|  return value|
|grp_fu_9863_p_din0       |  out|    16|  ap_ctrl_hs|   compute_mha|  return value|
|grp_fu_9863_p_dout0      |   in|    32|  ap_ctrl_hs|   compute_mha|  return value|
|grp_fu_9863_p_ce         |  out|     1|  ap_ctrl_hs|   compute_mha|  return value|
|grp_fu_9866_p_din0       |  out|    16|  ap_ctrl_hs|   compute_mha|  return value|
|grp_fu_9866_p_dout0      |   in|    32|  ap_ctrl_hs|   compute_mha|  return value|
|grp_fu_9866_p_ce         |  out|     1|  ap_ctrl_hs|   compute_mha|  return value|
|l                        |   in|     5|     ap_none|             l|        scalar|
|pos_r                    |   in|    32|     ap_none|         pos_r|        scalar|
|attn_out_0_address0      |  out|    11|   ap_memory|    attn_out_0|         array|
|attn_out_0_ce0           |  out|     1|   ap_memory|    attn_out_0|         array|
|attn_out_0_we0           |  out|     1|   ap_memory|    attn_out_0|         array|
|attn_out_0_d0            |  out|    32|   ap_memory|    attn_out_0|         array|
|attn_out_0_q0            |   in|    32|   ap_memory|    attn_out_0|         array|
|attn_out_0_address1      |  out|    11|   ap_memory|    attn_out_0|         array|
|attn_out_0_ce1           |  out|     1|   ap_memory|    attn_out_0|         array|
|attn_out_0_we1           |  out|     1|   ap_memory|    attn_out_0|         array|
|attn_out_0_d1            |  out|    32|   ap_memory|    attn_out_0|         array|
|attn_out_0_q1            |   in|    32|   ap_memory|    attn_out_0|         array|
|attn_out_1_address0      |  out|    11|   ap_memory|    attn_out_1|         array|
|attn_out_1_ce0           |  out|     1|   ap_memory|    attn_out_1|         array|
|attn_out_1_we0           |  out|     1|   ap_memory|    attn_out_1|         array|
|attn_out_1_d0            |  out|    32|   ap_memory|    attn_out_1|         array|
|attn_out_1_q0            |   in|    32|   ap_memory|    attn_out_1|         array|
|attn_out_1_address1      |  out|    11|   ap_memory|    attn_out_1|         array|
|attn_out_1_ce1           |  out|     1|   ap_memory|    attn_out_1|         array|
|attn_out_1_we1           |  out|     1|   ap_memory|    attn_out_1|         array|
|attn_out_1_d1            |  out|    32|   ap_memory|    attn_out_1|         array|
|attn_out_1_q1            |   in|    32|   ap_memory|    attn_out_1|         array|
|attn_out_2_address0      |  out|    11|   ap_memory|    attn_out_2|         array|
|attn_out_2_ce0           |  out|     1|   ap_memory|    attn_out_2|         array|
|attn_out_2_we0           |  out|     1|   ap_memory|    attn_out_2|         array|
|attn_out_2_d0            |  out|    32|   ap_memory|    attn_out_2|         array|
|attn_out_2_q0            |   in|    32|   ap_memory|    attn_out_2|         array|
|attn_out_2_address1      |  out|    11|   ap_memory|    attn_out_2|         array|
|attn_out_2_ce1           |  out|     1|   ap_memory|    attn_out_2|         array|
|attn_out_2_we1           |  out|     1|   ap_memory|    attn_out_2|         array|
|attn_out_2_d1            |  out|    32|   ap_memory|    attn_out_2|         array|
|attn_out_2_q1            |   in|    32|   ap_memory|    attn_out_2|         array|
|attn_out_3_address0      |  out|    11|   ap_memory|    attn_out_3|         array|
|attn_out_3_ce0           |  out|     1|   ap_memory|    attn_out_3|         array|
|attn_out_3_we0           |  out|     1|   ap_memory|    attn_out_3|         array|
|attn_out_3_d0            |  out|    32|   ap_memory|    attn_out_3|         array|
|attn_out_3_q0            |   in|    32|   ap_memory|    attn_out_3|         array|
|attn_out_3_address1      |  out|    11|   ap_memory|    attn_out_3|         array|
|attn_out_3_ce1           |  out|     1|   ap_memory|    attn_out_3|         array|
|attn_out_3_we1           |  out|     1|   ap_memory|    attn_out_3|         array|
|attn_out_3_d1            |  out|    32|   ap_memory|    attn_out_3|         array|
|attn_out_3_q1            |   in|    32|   ap_memory|    attn_out_3|         array|
|attn_out_4_address0      |  out|    11|   ap_memory|    attn_out_4|         array|
|attn_out_4_ce0           |  out|     1|   ap_memory|    attn_out_4|         array|
|attn_out_4_we0           |  out|     1|   ap_memory|    attn_out_4|         array|
|attn_out_4_d0            |  out|    32|   ap_memory|    attn_out_4|         array|
|attn_out_4_q0            |   in|    32|   ap_memory|    attn_out_4|         array|
|attn_out_4_address1      |  out|    11|   ap_memory|    attn_out_4|         array|
|attn_out_4_ce1           |  out|     1|   ap_memory|    attn_out_4|         array|
|attn_out_4_we1           |  out|     1|   ap_memory|    attn_out_4|         array|
|attn_out_4_d1            |  out|    32|   ap_memory|    attn_out_4|         array|
|attn_out_4_q1            |   in|    32|   ap_memory|    attn_out_4|         array|
|attn_out_5_address0      |  out|    11|   ap_memory|    attn_out_5|         array|
|attn_out_5_ce0           |  out|     1|   ap_memory|    attn_out_5|         array|
|attn_out_5_we0           |  out|     1|   ap_memory|    attn_out_5|         array|
|attn_out_5_d0            |  out|    32|   ap_memory|    attn_out_5|         array|
|attn_out_5_q0            |   in|    32|   ap_memory|    attn_out_5|         array|
|attn_out_5_address1      |  out|    11|   ap_memory|    attn_out_5|         array|
|attn_out_5_ce1           |  out|     1|   ap_memory|    attn_out_5|         array|
|attn_out_5_we1           |  out|     1|   ap_memory|    attn_out_5|         array|
|attn_out_5_d1            |  out|    32|   ap_memory|    attn_out_5|         array|
|attn_out_5_q1            |   in|    32|   ap_memory|    attn_out_5|         array|
|attn_out_6_address0      |  out|    11|   ap_memory|    attn_out_6|         array|
|attn_out_6_ce0           |  out|     1|   ap_memory|    attn_out_6|         array|
|attn_out_6_we0           |  out|     1|   ap_memory|    attn_out_6|         array|
|attn_out_6_d0            |  out|    32|   ap_memory|    attn_out_6|         array|
|attn_out_6_q0            |   in|    32|   ap_memory|    attn_out_6|         array|
|attn_out_6_address1      |  out|    11|   ap_memory|    attn_out_6|         array|
|attn_out_6_ce1           |  out|     1|   ap_memory|    attn_out_6|         array|
|attn_out_6_we1           |  out|     1|   ap_memory|    attn_out_6|         array|
|attn_out_6_d1            |  out|    32|   ap_memory|    attn_out_6|         array|
|attn_out_6_q1            |   in|    32|   ap_memory|    attn_out_6|         array|
|attn_out_7_address0      |  out|    11|   ap_memory|    attn_out_7|         array|
|attn_out_7_ce0           |  out|     1|   ap_memory|    attn_out_7|         array|
|attn_out_7_we0           |  out|     1|   ap_memory|    attn_out_7|         array|
|attn_out_7_d0            |  out|    32|   ap_memory|    attn_out_7|         array|
|attn_out_7_q0            |   in|    32|   ap_memory|    attn_out_7|         array|
|attn_out_7_address1      |  out|    11|   ap_memory|    attn_out_7|         array|
|attn_out_7_ce1           |  out|     1|   ap_memory|    attn_out_7|         array|
|attn_out_7_we1           |  out|     1|   ap_memory|    attn_out_7|         array|
|attn_out_7_d1            |  out|    32|   ap_memory|    attn_out_7|         array|
|attn_out_7_q1            |   in|    32|   ap_memory|    attn_out_7|         array|
|attn_out_8_address0      |  out|    11|   ap_memory|    attn_out_8|         array|
|attn_out_8_ce0           |  out|     1|   ap_memory|    attn_out_8|         array|
|attn_out_8_we0           |  out|     1|   ap_memory|    attn_out_8|         array|
|attn_out_8_d0            |  out|    32|   ap_memory|    attn_out_8|         array|
|attn_out_8_q0            |   in|    32|   ap_memory|    attn_out_8|         array|
|attn_out_8_address1      |  out|    11|   ap_memory|    attn_out_8|         array|
|attn_out_8_ce1           |  out|     1|   ap_memory|    attn_out_8|         array|
|attn_out_8_we1           |  out|     1|   ap_memory|    attn_out_8|         array|
|attn_out_8_d1            |  out|    32|   ap_memory|    attn_out_8|         array|
|attn_out_8_q1            |   in|    32|   ap_memory|    attn_out_8|         array|
|attn_out_9_address0      |  out|    11|   ap_memory|    attn_out_9|         array|
|attn_out_9_ce0           |  out|     1|   ap_memory|    attn_out_9|         array|
|attn_out_9_we0           |  out|     1|   ap_memory|    attn_out_9|         array|
|attn_out_9_d0            |  out|    32|   ap_memory|    attn_out_9|         array|
|attn_out_9_q0            |   in|    32|   ap_memory|    attn_out_9|         array|
|attn_out_9_address1      |  out|    11|   ap_memory|    attn_out_9|         array|
|attn_out_9_ce1           |  out|     1|   ap_memory|    attn_out_9|         array|
|attn_out_9_we1           |  out|     1|   ap_memory|    attn_out_9|         array|
|attn_out_9_d1            |  out|    32|   ap_memory|    attn_out_9|         array|
|attn_out_9_q1            |   in|    32|   ap_memory|    attn_out_9|         array|
|attn_out_10_address0     |  out|    11|   ap_memory|   attn_out_10|         array|
|attn_out_10_ce0          |  out|     1|   ap_memory|   attn_out_10|         array|
|attn_out_10_we0          |  out|     1|   ap_memory|   attn_out_10|         array|
|attn_out_10_d0           |  out|    32|   ap_memory|   attn_out_10|         array|
|attn_out_10_q0           |   in|    32|   ap_memory|   attn_out_10|         array|
|attn_out_10_address1     |  out|    11|   ap_memory|   attn_out_10|         array|
|attn_out_10_ce1          |  out|     1|   ap_memory|   attn_out_10|         array|
|attn_out_10_we1          |  out|     1|   ap_memory|   attn_out_10|         array|
|attn_out_10_d1           |  out|    32|   ap_memory|   attn_out_10|         array|
|attn_out_10_q1           |   in|    32|   ap_memory|   attn_out_10|         array|
|attn_out_11_address0     |  out|    11|   ap_memory|   attn_out_11|         array|
|attn_out_11_ce0          |  out|     1|   ap_memory|   attn_out_11|         array|
|attn_out_11_we0          |  out|     1|   ap_memory|   attn_out_11|         array|
|attn_out_11_d0           |  out|    32|   ap_memory|   attn_out_11|         array|
|attn_out_11_q0           |   in|    32|   ap_memory|   attn_out_11|         array|
|attn_out_11_address1     |  out|    11|   ap_memory|   attn_out_11|         array|
|attn_out_11_ce1          |  out|     1|   ap_memory|   attn_out_11|         array|
|attn_out_11_we1          |  out|     1|   ap_memory|   attn_out_11|         array|
|attn_out_11_d1           |  out|    32|   ap_memory|   attn_out_11|         array|
|attn_out_11_q1           |   in|    32|   ap_memory|   attn_out_11|         array|
|attn_out_12_address0     |  out|    11|   ap_memory|   attn_out_12|         array|
|attn_out_12_ce0          |  out|     1|   ap_memory|   attn_out_12|         array|
|attn_out_12_we0          |  out|     1|   ap_memory|   attn_out_12|         array|
|attn_out_12_d0           |  out|    32|   ap_memory|   attn_out_12|         array|
|attn_out_12_q0           |   in|    32|   ap_memory|   attn_out_12|         array|
|attn_out_12_address1     |  out|    11|   ap_memory|   attn_out_12|         array|
|attn_out_12_ce1          |  out|     1|   ap_memory|   attn_out_12|         array|
|attn_out_12_we1          |  out|     1|   ap_memory|   attn_out_12|         array|
|attn_out_12_d1           |  out|    32|   ap_memory|   attn_out_12|         array|
|attn_out_12_q1           |   in|    32|   ap_memory|   attn_out_12|         array|
|attn_out_13_address0     |  out|    11|   ap_memory|   attn_out_13|         array|
|attn_out_13_ce0          |  out|     1|   ap_memory|   attn_out_13|         array|
|attn_out_13_we0          |  out|     1|   ap_memory|   attn_out_13|         array|
|attn_out_13_d0           |  out|    32|   ap_memory|   attn_out_13|         array|
|attn_out_13_q0           |   in|    32|   ap_memory|   attn_out_13|         array|
|attn_out_13_address1     |  out|    11|   ap_memory|   attn_out_13|         array|
|attn_out_13_ce1          |  out|     1|   ap_memory|   attn_out_13|         array|
|attn_out_13_we1          |  out|     1|   ap_memory|   attn_out_13|         array|
|attn_out_13_d1           |  out|    32|   ap_memory|   attn_out_13|         array|
|attn_out_13_q1           |   in|    32|   ap_memory|   attn_out_13|         array|
|attn_out_14_address0     |  out|    11|   ap_memory|   attn_out_14|         array|
|attn_out_14_ce0          |  out|     1|   ap_memory|   attn_out_14|         array|
|attn_out_14_we0          |  out|     1|   ap_memory|   attn_out_14|         array|
|attn_out_14_d0           |  out|    32|   ap_memory|   attn_out_14|         array|
|attn_out_14_q0           |   in|    32|   ap_memory|   attn_out_14|         array|
|attn_out_14_address1     |  out|    11|   ap_memory|   attn_out_14|         array|
|attn_out_14_ce1          |  out|     1|   ap_memory|   attn_out_14|         array|
|attn_out_14_we1          |  out|     1|   ap_memory|   attn_out_14|         array|
|attn_out_14_d1           |  out|    32|   ap_memory|   attn_out_14|         array|
|attn_out_14_q1           |   in|    32|   ap_memory|   attn_out_14|         array|
|attn_out_15_address0     |  out|    11|   ap_memory|   attn_out_15|         array|
|attn_out_15_ce0          |  out|     1|   ap_memory|   attn_out_15|         array|
|attn_out_15_we0          |  out|     1|   ap_memory|   attn_out_15|         array|
|attn_out_15_d0           |  out|    32|   ap_memory|   attn_out_15|         array|
|attn_out_15_q0           |   in|    32|   ap_memory|   attn_out_15|         array|
|attn_out_15_address1     |  out|    11|   ap_memory|   attn_out_15|         array|
|attn_out_15_ce1          |  out|     1|   ap_memory|   attn_out_15|         array|
|attn_out_15_we1          |  out|     1|   ap_memory|   attn_out_15|         array|
|attn_out_15_d1           |  out|    32|   ap_memory|   attn_out_15|         array|
|attn_out_15_q1           |   in|    32|   ap_memory|   attn_out_15|         array|
|attn_out_16_address0     |  out|    11|   ap_memory|   attn_out_16|         array|
|attn_out_16_ce0          |  out|     1|   ap_memory|   attn_out_16|         array|
|attn_out_16_we0          |  out|     1|   ap_memory|   attn_out_16|         array|
|attn_out_16_d0           |  out|    32|   ap_memory|   attn_out_16|         array|
|attn_out_16_q0           |   in|    32|   ap_memory|   attn_out_16|         array|
|attn_out_16_address1     |  out|    11|   ap_memory|   attn_out_16|         array|
|attn_out_16_ce1          |  out|     1|   ap_memory|   attn_out_16|         array|
|attn_out_16_we1          |  out|     1|   ap_memory|   attn_out_16|         array|
|attn_out_16_d1           |  out|    32|   ap_memory|   attn_out_16|         array|
|attn_out_16_q1           |   in|    32|   ap_memory|   attn_out_16|         array|
|attn_out_17_address0     |  out|    11|   ap_memory|   attn_out_17|         array|
|attn_out_17_ce0          |  out|     1|   ap_memory|   attn_out_17|         array|
|attn_out_17_we0          |  out|     1|   ap_memory|   attn_out_17|         array|
|attn_out_17_d0           |  out|    32|   ap_memory|   attn_out_17|         array|
|attn_out_17_q0           |   in|    32|   ap_memory|   attn_out_17|         array|
|attn_out_17_address1     |  out|    11|   ap_memory|   attn_out_17|         array|
|attn_out_17_ce1          |  out|     1|   ap_memory|   attn_out_17|         array|
|attn_out_17_we1          |  out|     1|   ap_memory|   attn_out_17|         array|
|attn_out_17_d1           |  out|    32|   ap_memory|   attn_out_17|         array|
|attn_out_17_q1           |   in|    32|   ap_memory|   attn_out_17|         array|
|attn_out_18_address0     |  out|    11|   ap_memory|   attn_out_18|         array|
|attn_out_18_ce0          |  out|     1|   ap_memory|   attn_out_18|         array|
|attn_out_18_we0          |  out|     1|   ap_memory|   attn_out_18|         array|
|attn_out_18_d0           |  out|    32|   ap_memory|   attn_out_18|         array|
|attn_out_18_q0           |   in|    32|   ap_memory|   attn_out_18|         array|
|attn_out_18_address1     |  out|    11|   ap_memory|   attn_out_18|         array|
|attn_out_18_ce1          |  out|     1|   ap_memory|   attn_out_18|         array|
|attn_out_18_we1          |  out|     1|   ap_memory|   attn_out_18|         array|
|attn_out_18_d1           |  out|    32|   ap_memory|   attn_out_18|         array|
|attn_out_18_q1           |   in|    32|   ap_memory|   attn_out_18|         array|
|attn_out_19_address0     |  out|    11|   ap_memory|   attn_out_19|         array|
|attn_out_19_ce0          |  out|     1|   ap_memory|   attn_out_19|         array|
|attn_out_19_we0          |  out|     1|   ap_memory|   attn_out_19|         array|
|attn_out_19_d0           |  out|    32|   ap_memory|   attn_out_19|         array|
|attn_out_19_q0           |   in|    32|   ap_memory|   attn_out_19|         array|
|attn_out_19_address1     |  out|    11|   ap_memory|   attn_out_19|         array|
|attn_out_19_ce1          |  out|     1|   ap_memory|   attn_out_19|         array|
|attn_out_19_we1          |  out|     1|   ap_memory|   attn_out_19|         array|
|attn_out_19_d1           |  out|    32|   ap_memory|   attn_out_19|         array|
|attn_out_19_q1           |   in|    32|   ap_memory|   attn_out_19|         array|
|attn_out_20_address0     |  out|    11|   ap_memory|   attn_out_20|         array|
|attn_out_20_ce0          |  out|     1|   ap_memory|   attn_out_20|         array|
|attn_out_20_we0          |  out|     1|   ap_memory|   attn_out_20|         array|
|attn_out_20_d0           |  out|    32|   ap_memory|   attn_out_20|         array|
|attn_out_20_q0           |   in|    32|   ap_memory|   attn_out_20|         array|
|attn_out_20_address1     |  out|    11|   ap_memory|   attn_out_20|         array|
|attn_out_20_ce1          |  out|     1|   ap_memory|   attn_out_20|         array|
|attn_out_20_we1          |  out|     1|   ap_memory|   attn_out_20|         array|
|attn_out_20_d1           |  out|    32|   ap_memory|   attn_out_20|         array|
|attn_out_20_q1           |   in|    32|   ap_memory|   attn_out_20|         array|
|attn_out_21_address0     |  out|    11|   ap_memory|   attn_out_21|         array|
|attn_out_21_ce0          |  out|     1|   ap_memory|   attn_out_21|         array|
|attn_out_21_we0          |  out|     1|   ap_memory|   attn_out_21|         array|
|attn_out_21_d0           |  out|    32|   ap_memory|   attn_out_21|         array|
|attn_out_21_q0           |   in|    32|   ap_memory|   attn_out_21|         array|
|attn_out_21_address1     |  out|    11|   ap_memory|   attn_out_21|         array|
|attn_out_21_ce1          |  out|     1|   ap_memory|   attn_out_21|         array|
|attn_out_21_we1          |  out|     1|   ap_memory|   attn_out_21|         array|
|attn_out_21_d1           |  out|    32|   ap_memory|   attn_out_21|         array|
|attn_out_21_q1           |   in|    32|   ap_memory|   attn_out_21|         array|
|attn_out_22_address0     |  out|    11|   ap_memory|   attn_out_22|         array|
|attn_out_22_ce0          |  out|     1|   ap_memory|   attn_out_22|         array|
|attn_out_22_we0          |  out|     1|   ap_memory|   attn_out_22|         array|
|attn_out_22_d0           |  out|    32|   ap_memory|   attn_out_22|         array|
|attn_out_22_q0           |   in|    32|   ap_memory|   attn_out_22|         array|
|attn_out_22_address1     |  out|    11|   ap_memory|   attn_out_22|         array|
|attn_out_22_ce1          |  out|     1|   ap_memory|   attn_out_22|         array|
|attn_out_22_we1          |  out|     1|   ap_memory|   attn_out_22|         array|
|attn_out_22_d1           |  out|    32|   ap_memory|   attn_out_22|         array|
|attn_out_22_q1           |   in|    32|   ap_memory|   attn_out_22|         array|
|attn_out_23_address0     |  out|    11|   ap_memory|   attn_out_23|         array|
|attn_out_23_ce0          |  out|     1|   ap_memory|   attn_out_23|         array|
|attn_out_23_we0          |  out|     1|   ap_memory|   attn_out_23|         array|
|attn_out_23_d0           |  out|    32|   ap_memory|   attn_out_23|         array|
|attn_out_23_q0           |   in|    32|   ap_memory|   attn_out_23|         array|
|attn_out_23_address1     |  out|    11|   ap_memory|   attn_out_23|         array|
|attn_out_23_ce1          |  out|     1|   ap_memory|   attn_out_23|         array|
|attn_out_23_we1          |  out|     1|   ap_memory|   attn_out_23|         array|
|attn_out_23_d1           |  out|    32|   ap_memory|   attn_out_23|         array|
|attn_out_23_q1           |   in|    32|   ap_memory|   attn_out_23|         array|
|attn_out_24_address0     |  out|    11|   ap_memory|   attn_out_24|         array|
|attn_out_24_ce0          |  out|     1|   ap_memory|   attn_out_24|         array|
|attn_out_24_we0          |  out|     1|   ap_memory|   attn_out_24|         array|
|attn_out_24_d0           |  out|    32|   ap_memory|   attn_out_24|         array|
|attn_out_24_q0           |   in|    32|   ap_memory|   attn_out_24|         array|
|attn_out_24_address1     |  out|    11|   ap_memory|   attn_out_24|         array|
|attn_out_24_ce1          |  out|     1|   ap_memory|   attn_out_24|         array|
|attn_out_24_we1          |  out|     1|   ap_memory|   attn_out_24|         array|
|attn_out_24_d1           |  out|    32|   ap_memory|   attn_out_24|         array|
|attn_out_24_q1           |   in|    32|   ap_memory|   attn_out_24|         array|
|attn_out_25_address0     |  out|    11|   ap_memory|   attn_out_25|         array|
|attn_out_25_ce0          |  out|     1|   ap_memory|   attn_out_25|         array|
|attn_out_25_we0          |  out|     1|   ap_memory|   attn_out_25|         array|
|attn_out_25_d0           |  out|    32|   ap_memory|   attn_out_25|         array|
|attn_out_25_q0           |   in|    32|   ap_memory|   attn_out_25|         array|
|attn_out_25_address1     |  out|    11|   ap_memory|   attn_out_25|         array|
|attn_out_25_ce1          |  out|     1|   ap_memory|   attn_out_25|         array|
|attn_out_25_we1          |  out|     1|   ap_memory|   attn_out_25|         array|
|attn_out_25_d1           |  out|    32|   ap_memory|   attn_out_25|         array|
|attn_out_25_q1           |   in|    32|   ap_memory|   attn_out_25|         array|
|attn_out_26_address0     |  out|    11|   ap_memory|   attn_out_26|         array|
|attn_out_26_ce0          |  out|     1|   ap_memory|   attn_out_26|         array|
|attn_out_26_we0          |  out|     1|   ap_memory|   attn_out_26|         array|
|attn_out_26_d0           |  out|    32|   ap_memory|   attn_out_26|         array|
|attn_out_26_q0           |   in|    32|   ap_memory|   attn_out_26|         array|
|attn_out_26_address1     |  out|    11|   ap_memory|   attn_out_26|         array|
|attn_out_26_ce1          |  out|     1|   ap_memory|   attn_out_26|         array|
|attn_out_26_we1          |  out|     1|   ap_memory|   attn_out_26|         array|
|attn_out_26_d1           |  out|    32|   ap_memory|   attn_out_26|         array|
|attn_out_26_q1           |   in|    32|   ap_memory|   attn_out_26|         array|
|attn_out_27_address0     |  out|    11|   ap_memory|   attn_out_27|         array|
|attn_out_27_ce0          |  out|     1|   ap_memory|   attn_out_27|         array|
|attn_out_27_we0          |  out|     1|   ap_memory|   attn_out_27|         array|
|attn_out_27_d0           |  out|    32|   ap_memory|   attn_out_27|         array|
|attn_out_27_q0           |   in|    32|   ap_memory|   attn_out_27|         array|
|attn_out_27_address1     |  out|    11|   ap_memory|   attn_out_27|         array|
|attn_out_27_ce1          |  out|     1|   ap_memory|   attn_out_27|         array|
|attn_out_27_we1          |  out|     1|   ap_memory|   attn_out_27|         array|
|attn_out_27_d1           |  out|    32|   ap_memory|   attn_out_27|         array|
|attn_out_27_q1           |   in|    32|   ap_memory|   attn_out_27|         array|
|attn_out_28_address0     |  out|    11|   ap_memory|   attn_out_28|         array|
|attn_out_28_ce0          |  out|     1|   ap_memory|   attn_out_28|         array|
|attn_out_28_we0          |  out|     1|   ap_memory|   attn_out_28|         array|
|attn_out_28_d0           |  out|    32|   ap_memory|   attn_out_28|         array|
|attn_out_28_q0           |   in|    32|   ap_memory|   attn_out_28|         array|
|attn_out_28_address1     |  out|    11|   ap_memory|   attn_out_28|         array|
|attn_out_28_ce1          |  out|     1|   ap_memory|   attn_out_28|         array|
|attn_out_28_we1          |  out|     1|   ap_memory|   attn_out_28|         array|
|attn_out_28_d1           |  out|    32|   ap_memory|   attn_out_28|         array|
|attn_out_28_q1           |   in|    32|   ap_memory|   attn_out_28|         array|
|attn_out_29_address0     |  out|    11|   ap_memory|   attn_out_29|         array|
|attn_out_29_ce0          |  out|     1|   ap_memory|   attn_out_29|         array|
|attn_out_29_we0          |  out|     1|   ap_memory|   attn_out_29|         array|
|attn_out_29_d0           |  out|    32|   ap_memory|   attn_out_29|         array|
|attn_out_29_q0           |   in|    32|   ap_memory|   attn_out_29|         array|
|attn_out_29_address1     |  out|    11|   ap_memory|   attn_out_29|         array|
|attn_out_29_ce1          |  out|     1|   ap_memory|   attn_out_29|         array|
|attn_out_29_we1          |  out|     1|   ap_memory|   attn_out_29|         array|
|attn_out_29_d1           |  out|    32|   ap_memory|   attn_out_29|         array|
|attn_out_29_q1           |   in|    32|   ap_memory|   attn_out_29|         array|
|attn_out_30_address0     |  out|    11|   ap_memory|   attn_out_30|         array|
|attn_out_30_ce0          |  out|     1|   ap_memory|   attn_out_30|         array|
|attn_out_30_we0          |  out|     1|   ap_memory|   attn_out_30|         array|
|attn_out_30_d0           |  out|    32|   ap_memory|   attn_out_30|         array|
|attn_out_30_q0           |   in|    32|   ap_memory|   attn_out_30|         array|
|attn_out_30_address1     |  out|    11|   ap_memory|   attn_out_30|         array|
|attn_out_30_ce1          |  out|     1|   ap_memory|   attn_out_30|         array|
|attn_out_30_we1          |  out|     1|   ap_memory|   attn_out_30|         array|
|attn_out_30_d1           |  out|    32|   ap_memory|   attn_out_30|         array|
|attn_out_30_q1           |   in|    32|   ap_memory|   attn_out_30|         array|
|attn_out_31_address0     |  out|    11|   ap_memory|   attn_out_31|         array|
|attn_out_31_ce0          |  out|     1|   ap_memory|   attn_out_31|         array|
|attn_out_31_we0          |  out|     1|   ap_memory|   attn_out_31|         array|
|attn_out_31_d0           |  out|    32|   ap_memory|   attn_out_31|         array|
|attn_out_31_q0           |   in|    32|   ap_memory|   attn_out_31|         array|
|attn_out_31_address1     |  out|    11|   ap_memory|   attn_out_31|         array|
|attn_out_31_ce1          |  out|     1|   ap_memory|   attn_out_31|         array|
|attn_out_31_we1          |  out|     1|   ap_memory|   attn_out_31|         array|
|attn_out_31_d1           |  out|    32|   ap_memory|   attn_out_31|         array|
|attn_out_31_q1           |   in|    32|   ap_memory|   attn_out_31|         array|
|m_axi_gmem_kvc_AWVALID   |  out|     1|       m_axi|      gmem_kvc|       pointer|
|m_axi_gmem_kvc_AWREADY   |   in|     1|       m_axi|      gmem_kvc|       pointer|
|m_axi_gmem_kvc_AWADDR    |  out|    64|       m_axi|      gmem_kvc|       pointer|
|m_axi_gmem_kvc_AWID      |  out|     1|       m_axi|      gmem_kvc|       pointer|
|m_axi_gmem_kvc_AWLEN     |  out|    32|       m_axi|      gmem_kvc|       pointer|
|m_axi_gmem_kvc_AWSIZE    |  out|     3|       m_axi|      gmem_kvc|       pointer|
|m_axi_gmem_kvc_AWBURST   |  out|     2|       m_axi|      gmem_kvc|       pointer|
|m_axi_gmem_kvc_AWLOCK    |  out|     2|       m_axi|      gmem_kvc|       pointer|
|m_axi_gmem_kvc_AWCACHE   |  out|     4|       m_axi|      gmem_kvc|       pointer|
|m_axi_gmem_kvc_AWPROT    |  out|     3|       m_axi|      gmem_kvc|       pointer|
|m_axi_gmem_kvc_AWQOS     |  out|     4|       m_axi|      gmem_kvc|       pointer|
|m_axi_gmem_kvc_AWREGION  |  out|     4|       m_axi|      gmem_kvc|       pointer|
|m_axi_gmem_kvc_AWUSER    |  out|     1|       m_axi|      gmem_kvc|       pointer|
|m_axi_gmem_kvc_WVALID    |  out|     1|       m_axi|      gmem_kvc|       pointer|
|m_axi_gmem_kvc_WREADY    |   in|     1|       m_axi|      gmem_kvc|       pointer|
|m_axi_gmem_kvc_WDATA     |  out|  1024|       m_axi|      gmem_kvc|       pointer|
|m_axi_gmem_kvc_WSTRB     |  out|   128|       m_axi|      gmem_kvc|       pointer|
|m_axi_gmem_kvc_WLAST     |  out|     1|       m_axi|      gmem_kvc|       pointer|
|m_axi_gmem_kvc_WID       |  out|     1|       m_axi|      gmem_kvc|       pointer|
|m_axi_gmem_kvc_WUSER     |  out|     1|       m_axi|      gmem_kvc|       pointer|
|m_axi_gmem_kvc_ARVALID   |  out|     1|       m_axi|      gmem_kvc|       pointer|
|m_axi_gmem_kvc_ARREADY   |   in|     1|       m_axi|      gmem_kvc|       pointer|
|m_axi_gmem_kvc_ARADDR    |  out|    64|       m_axi|      gmem_kvc|       pointer|
|m_axi_gmem_kvc_ARID      |  out|     1|       m_axi|      gmem_kvc|       pointer|
|m_axi_gmem_kvc_ARLEN     |  out|    32|       m_axi|      gmem_kvc|       pointer|
|m_axi_gmem_kvc_ARSIZE    |  out|     3|       m_axi|      gmem_kvc|       pointer|
|m_axi_gmem_kvc_ARBURST   |  out|     2|       m_axi|      gmem_kvc|       pointer|
|m_axi_gmem_kvc_ARLOCK    |  out|     2|       m_axi|      gmem_kvc|       pointer|
|m_axi_gmem_kvc_ARCACHE   |  out|     4|       m_axi|      gmem_kvc|       pointer|
|m_axi_gmem_kvc_ARPROT    |  out|     3|       m_axi|      gmem_kvc|       pointer|
|m_axi_gmem_kvc_ARQOS     |  out|     4|       m_axi|      gmem_kvc|       pointer|
|m_axi_gmem_kvc_ARREGION  |  out|     4|       m_axi|      gmem_kvc|       pointer|
|m_axi_gmem_kvc_ARUSER    |  out|     1|       m_axi|      gmem_kvc|       pointer|
|m_axi_gmem_kvc_RVALID    |   in|     1|       m_axi|      gmem_kvc|       pointer|
|m_axi_gmem_kvc_RREADY    |  out|     1|       m_axi|      gmem_kvc|       pointer|
|m_axi_gmem_kvc_RDATA     |   in|  1024|       m_axi|      gmem_kvc|       pointer|
|m_axi_gmem_kvc_RLAST     |   in|     1|       m_axi|      gmem_kvc|       pointer|
|m_axi_gmem_kvc_RID       |   in|     1|       m_axi|      gmem_kvc|       pointer|
|m_axi_gmem_kvc_RFIFONUM  |   in|    10|       m_axi|      gmem_kvc|       pointer|
|m_axi_gmem_kvc_RUSER     |   in|     1|       m_axi|      gmem_kvc|       pointer|
|m_axi_gmem_kvc_RRESP     |   in|     2|       m_axi|      gmem_kvc|       pointer|
|m_axi_gmem_kvc_BVALID    |   in|     1|       m_axi|      gmem_kvc|       pointer|
|m_axi_gmem_kvc_BREADY    |  out|     1|       m_axi|      gmem_kvc|       pointer|
|m_axi_gmem_kvc_BRESP     |   in|     2|       m_axi|      gmem_kvc|       pointer|
|m_axi_gmem_kvc_BID       |   in|     1|       m_axi|      gmem_kvc|       pointer|
|m_axi_gmem_kvc_BUSER     |   in|     1|       m_axi|      gmem_kvc|       pointer|
|key_cache                |   in|    64|     ap_none|     key_cache|        scalar|
|value_cache              |   in|    64|     ap_none|   value_cache|        scalar|
+-------------------------+-----+------+------------+--------------+--------------+

