

================================================================
== Vitis HLS Report for 'final_norm_classifier'
================================================================
* Date:           Wed Apr  1 19:21:48 2026

* Version:        2024.1 (Build 5069499 on May 21 2024)
* Project:        final_norm_classifier
* Solution:       hls (Vitis Kernel Flow Target)
* Product family: virtexuplusHBM
* Target device:  xcu55c-fsvh2892-2L-e


================================================================
== Performance Estimates
================================================================
+ Timing: 
    * Summary: 
    +--------+---------+----------+------------+
    |  Clock |  Target | Estimated| Uncertainty|
    +--------+---------+----------+------------+
    |ap_clk  |  3.33 ns|  2.433 ns|     0.90 ns|
    +--------+---------+----------+------------+

+ Latency: 
    * Summary: 
    +---------+---------+----------+----------+---------+---------+---------+
    |  Latency (cycles) |  Latency (absolute) |      Interval     | Pipeline|
    |   min   |   max   |    min   |    max   |   min   |   max   |   Type  |
    +---------+---------+----------+----------+---------+---------+---------+
    |  2732537|  2732537|  9.108 ms|  9.108 ms|  2732538|  2732538|       no|
    +---------+---------+----------+----------+---------+---------+---------+

    + Detail: 
        * Instance: 
        +---------------------------------------------------------------+----------------------------------------------------+---------+---------+-----------+-----------+---------+---------+-----------------------------------------------+
        |                                                               |                                                    |  Latency (cycles) |   Latency (absolute)  |      Interval     |                    Pipeline                   |
        |                            Instance                           |                       Module                       |   min   |   max   |    min    |    max    |   min   |   max   |                      Type                     |
        +---------------------------------------------------------------+----------------------------------------------------+---------+---------+-----------+-----------+---------+---------+-----------------------------------------------+
        |grp_final_norm_classifier_Pipeline_read_x_stream_final_fu_146  |final_norm_classifier_Pipeline_read_x_stream_final  |     4097|     4097|  13.655 us|  13.655 us|     4096|     4096|  loop auto-rewind stp(delay=0 clock cycles(s))|
        |grp_rmsnorm_4096_s_fu_154                                      |rmsnorm_4096_s                                      |     2449|     2449|   8.163 us|   8.163 us|     2449|     2449|                                             no|
        |grp_quantize_ptr_4096_1_s_fu_165                               |quantize_ptr_4096_1_s                               |     1562|     1562|   5.206 us|   5.206 us|     1562|     1562|                                             no|
        |grp_matmul_engine_fu_179                                       |matmul_engine                                       |  2724421|  2724421|   9.080 ms|   9.080 ms|  2080225|  2080225|                                       dataflow|
        +---------------------------------------------------------------+----------------------------------------------------+---------+---------+-----------+-----------+---------+---------+-----------------------------------------------+

        * Loop: 
        N/A



================================================================
== Utilization Estimates
================================================================
* Summary: 
+---------------------+---------+------+---------+---------+-----+
|         Name        | BRAM_18K|  DSP |    FF   |   LUT   | URAM|
+---------------------+---------+------+---------+---------+-----+
|DSP                  |        -|     -|        -|        -|    -|
|Expression           |        -|     -|        0|      217|    -|
|FIFO                 |        -|     -|        -|        -|    -|
|Instance             |      140|   387|    78101|    88222|    0|
|Memory               |       72|     -|        0|        0|    0|
|Multiplexer          |        -|     -|        0|      943|    -|
|Register             |        -|     -|      371|        -|    -|
+---------------------+---------+------+---------+---------+-----+
|Total                |      212|   387|    78472|    89382|    0|
+---------------------+---------+------+---------+---------+-----+
|Available SLR        |     1344|  3008|   869120|   434560|  320|
+---------------------+---------+------+---------+---------+-----+
|Utilization SLR (%)  |       15|    12|        9|       20|    0|
+---------------------+---------+------+---------+---------+-----+
|Available            |     4032|  9024|  2607360|  1303680|  960|
+---------------------+---------+------+---------+---------+-----+
|Utilization (%)      |        5|     4|        3|        6|    0|
+---------------------+---------+------+---------+---------+-----+

+ Detail: 
    * Instance: 
    +---------------------------------------------------------------+----------------------------------------------------+---------+-----+-------+-------+-----+
    |                            Instance                           |                       Module                       | BRAM_18K| DSP |   FF  |  LUT  | URAM|
    +---------------------------------------------------------------+----------------------------------------------------+---------+-----+-------+-------+-----+
    |control_s_axi_U                                                |control_s_axi                                       |        0|    0|    214|    360|    0|
    |grp_final_norm_classifier_Pipeline_read_x_stream_final_fu_146  |final_norm_classifier_Pipeline_read_x_stream_final  |        0|    0|     14|     76|    0|
    |gmem_out_m_axi_U                                               |gmem_out_m_axi                                      |       15|    0|   2458|   2124|    0|
    |gmem_w_m_axi_U                                                 |gmem_w_m_axi                                        |       15|    0|   2471|   2142|    0|
    |grp_matmul_engine_fu_179                                       |matmul_engine                                       |      110|   67|   5859|   7801|    0|
    |grp_quantize_ptr_4096_1_s_fu_165                               |quantize_ptr_4096_1_s                               |        0|    0|   8629|  25826|    0|
    |grp_rmsnorm_4096_s_fu_154                                      |rmsnorm_4096_s                                      |        0|  320|  58456|  49893|    0|
    +---------------------------------------------------------------+----------------------------------------------------+---------+-----+-------+-------+-----+
    |Total                                                          |                                                    |      140|  387|  78101|  88222|    0|
    +---------------------------------------------------------------+----------------------------------------------------+---------+-----+-------+-------+-----+

    * DSP: 
    N/A

    * Memory: 
    +-------------+----------------------------+---------+---+----+-----+------+-----+------+-------------+
    |    Memory   |           Module           | BRAM_18K| FF| LUT| URAM| Words| Bits| Banks| W*Bits*Banks|
    +-------------+----------------------------+---------+---+----+-----+------+-----+------+-------------+
    |x_local_U    |x_local_RAM_1WNR_AUTO_1R1W  |       28|  0|   0|    0|  2048|   32|     1|        65536|
    |x_local_1_U  |x_local_RAM_1WNR_AUTO_1R1W  |       28|  0|   0|    0|  2048|   32|     1|        65536|
    |x_norm_U     |x_norm_RAM_AUTO_1R1W        |        4|  0|   0|    0|  2048|   32|     1|        65536|
    |x_norm_1_U   |x_norm_RAM_AUTO_1R1W        |        4|  0|   0|    0|  2048|   32|     1|        65536|
    |xq_q_U       |xq_q_RAM_AUTO_1R1W          |        1|  0|   0|    0|   512|    8|     1|         4096|
    |xq_q_1_U     |xq_q_RAM_AUTO_1R1W          |        1|  0|   0|    0|   512|    8|     1|         4096|
    |xq_q_2_U     |xq_q_RAM_AUTO_1R1W          |        1|  0|   0|    0|   512|    8|     1|         4096|
    |xq_q_3_U     |xq_q_RAM_AUTO_1R1W          |        1|  0|   0|    0|   512|    8|     1|         4096|
    |xq_q_4_U     |xq_q_RAM_AUTO_1R1W          |        1|  0|   0|    0|   512|    8|     1|         4096|
    |xq_q_5_U     |xq_q_RAM_AUTO_1R1W          |        1|  0|   0|    0|   512|    8|     1|         4096|
    |xq_q_6_U     |xq_q_RAM_AUTO_1R1W          |        1|  0|   0|    0|   512|    8|     1|         4096|
    |xq_q_7_U     |xq_q_RAM_AUTO_1R1W          |        1|  0|   0|    0|   512|    8|     1|         4096|
    +-------------+----------------------------+---------+---+----+-----+------+-----+------+-------------+
    |Total        |                            |       72|  0|   0|    0| 12288|  192|    12|       294912|
    +-------------+----------------------------+---------+---+----+-----+------+-----+------+-------------+

    * FIFO: 
    N/A

    * Expression: 
    +-------------------------------------------+----------+----+---+----+------------+------------+
    |               Variable Name               | Operation| DSP| FF| LUT| Bitwidth P0| Bitwidth P1|
    +-------------------------------------------+----------+----+---+----+------------+------------+
    |add_ln869_fu_199_p2                        |         +|   0|  0|  71|          64|          32|
    |add_ln876_fu_204_p2                        |         +|   0|  0|  71|          64|          32|
    |add_ln877_fu_209_p2                        |         +|   0|  0|  71|          64|          32|
    |ap_block_state1                            |        or|   0|  0|   2|           1|           1|
    |ap_sync_grp_matmul_engine_fu_179_ap_ready  |        or|   0|  0|   2|           1|           1|
    +-------------------------------------------+----------+----+---+----+------------+------------+
    |Total                                      |          |   0|  0| 217|         194|          98|
    +-------------------------------------------+----------+----+---+----+------------+------------+

    * Multiplexer: 
    +---------------------------------+----+-----------+-----+-----------+
    |               Name              | LUT| Input Size| Bits| Total Bits|
    +---------------------------------+----+-----------+-----+-----------+
    |ap_NS_fsm                        |  54|         10|    1|         10|
    |ap_done                          |   9|          2|    1|          2|
    |gmem_out_AWVALID                 |   9|          2|    1|          2|
    |gmem_out_BREADY                  |   9|          2|    1|          2|
    |gmem_out_WVALID                  |   9|          2|    1|          2|
    |gmem_w_ARADDR                    |  14|          3|   64|        192|
    |gmem_w_ARLEN                     |  14|          3|   32|         96|
    |gmem_w_ARVALID                   |  14|          3|    1|          3|
    |gmem_w_RREADY                    |  14|          3|    1|          3|
    |stream_in_x_TREADY_int_regslice  |   9|          2|    1|          2|
    |x_local_1_address0               |  14|          3|   11|         33|
    |x_local_1_ce0                    |  14|          3|    1|          3|
    |x_local_1_ce1                    |   9|          2|    1|          2|
    |x_local_1_ce2                    |   9|          2|    1|          2|
    |x_local_1_ce3                    |   9|          2|    1|          2|
    |x_local_1_ce4                    |   9|          2|    1|          2|
    |x_local_1_ce5                    |   9|          2|    1|          2|
    |x_local_1_ce6                    |   9|          2|    1|          2|
    |x_local_1_ce7                    |   9|          2|    1|          2|
    |x_local_1_we0                    |   9|          2|    1|          2|
    |x_local_address0                 |  14|          3|   11|         33|
    |x_local_ce0                      |  14|          3|    1|          3|
    |x_local_ce1                      |   9|          2|    1|          2|
    |x_local_ce2                      |   9|          2|    1|          2|
    |x_local_ce3                      |   9|          2|    1|          2|
    |x_local_ce4                      |   9|          2|    1|          2|
    |x_local_ce5                      |   9|          2|    1|          2|
    |x_local_ce6                      |   9|          2|    1|          2|
    |x_local_ce7                      |   9|          2|    1|          2|
    |x_local_we0                      |   9|          2|    1|          2|
    |x_norm_1_address0                |  14|          3|   11|         33|
    |x_norm_1_address1                |  14|          3|   11|         33|
    |x_norm_1_ce0                     |  14|          3|    1|          3|
    |x_norm_1_ce1                     |  14|          3|    1|          3|
    |x_norm_1_we0                     |   9|          2|    1|          2|
    |x_norm_1_we1                     |   9|          2|    1|          2|
    |x_norm_address0                  |  14|          3|   11|         33|
    |x_norm_address1                  |  14|          3|   11|         33|
    |x_norm_ce0                       |  14|          3|    1|          3|
    |x_norm_ce1                       |  14|          3|    1|          3|
    |x_norm_we0                       |   9|          2|    1|          2|
    |x_norm_we1                       |   9|          2|    1|          2|
    |xq_q_1_address0                  |  14|          3|    9|         27|
    |xq_q_1_ce0                       |  14|          3|    1|          3|
    |xq_q_1_ce1                       |   9|          2|    1|          2|
    |xq_q_1_we0                       |   9|          2|    1|          2|
    |xq_q_1_we1                       |   9|          2|    1|          2|
    |xq_q_2_address0                  |  14|          3|    9|         27|
    |xq_q_2_ce0                       |  14|          3|    1|          3|
    |xq_q_2_ce1                       |   9|          2|    1|          2|
    |xq_q_2_we0                       |   9|          2|    1|          2|
    |xq_q_2_we1                       |   9|          2|    1|          2|
    |xq_q_3_address0                  |  14|          3|    9|         27|
    |xq_q_3_ce0                       |  14|          3|    1|          3|
    |xq_q_3_ce1                       |   9|          2|    1|          2|
    |xq_q_3_we0                       |   9|          2|    1|          2|
    |xq_q_3_we1                       |   9|          2|    1|          2|
    |xq_q_4_address0                  |  14|          3|    9|         27|
    |xq_q_4_ce0                       |  14|          3|    1|          3|
    |xq_q_4_ce1                       |   9|          2|    1|          2|
    |xq_q_4_we0                       |   9|          2|    1|          2|
    |xq_q_4_we1                       |   9|          2|    1|          2|
    |xq_q_5_address0                  |  14|          3|    9|         27|
    |xq_q_5_ce0                       |  14|          3|    1|          3|
    |xq_q_5_ce1                       |   9|          2|    1|          2|
    |xq_q_5_we0                       |   9|          2|    1|          2|
    |xq_q_5_we1                       |   9|          2|    1|          2|
    |xq_q_6_address0                  |  14|          3|    9|         27|
    |xq_q_6_ce0                       |  14|          3|    1|          3|
    |xq_q_6_ce1                       |   9|          2|    1|          2|
    |xq_q_6_we0                       |   9|          2|    1|          2|
    |xq_q_6_we1                       |   9|          2|    1|          2|
    |xq_q_7_address0                  |  14|          3|    9|         27|
    |xq_q_7_ce0                       |  14|          3|    1|          3|
    |xq_q_7_ce1                       |   9|          2|    1|          2|
    |xq_q_7_we0                       |   9|          2|    1|          2|
    |xq_q_7_we1                       |   9|          2|    1|          2|
    |xq_q_address0                    |  14|          3|    9|         27|
    |xq_q_ce0                         |  14|          3|    1|          3|
    |xq_q_ce1                         |   9|          2|    1|          2|
    |xq_q_we0                         |   9|          2|    1|          2|
    |xq_q_we1                         |   9|          2|    1|          2|
    +---------------------------------+----+-----------+-----+-----------+
    |Total                            | 943|        204|  300|        858|
    +---------------------------------+----+-----------+-----+-----------+

    * Register: 
    +----------------------------------------------------------------------------+----+----+-----+-----------+
    |                                    Name                                    | FF | LUT| Bits| Const Bits|
    +----------------------------------------------------------------------------+----+----+-----+-----------+
    |add_ln869_reg_226                                                           |  64|   0|   64|          0|
    |add_ln876_reg_236                                                           |  64|   0|   64|          0|
    |add_ln877_reg_241                                                           |  64|   0|   64|          0|
    |ap_CS_fsm                                                                   |   9|   0|    9|          0|
    |ap_done_reg                                                                 |   1|   0|    1|          0|
    |ap_rst_n_inv                                                                |   1|   0|    1|          0|
    |ap_rst_reg_1                                                                |   1|   0|    1|          0|
    |ap_rst_reg_2                                                                |   1|   0|    1|          0|
    |ap_sync_reg_grp_matmul_engine_fu_179_ap_done                                |   1|   0|    1|          0|
    |ap_sync_reg_grp_matmul_engine_fu_179_ap_ready                               |   1|   0|    1|          0|
    |grp_final_norm_classifier_Pipeline_read_x_stream_final_fu_146_ap_start_reg  |   1|   0|    1|          0|
    |grp_matmul_engine_fu_179_ap_start_reg                                       |   1|   0|    1|          0|
    |grp_quantize_ptr_4096_1_s_fu_165_ap_start_reg                               |   1|   0|    1|          0|
    |grp_rmsnorm_4096_s_fu_154_ap_start_reg                                      |   1|   0|    1|          0|
    |logits_out_read_reg_221                                                     |  64|   0|   64|          0|
    |w_read_reg_214                                                              |  64|   0|   64|          0|
    |xq_s_0_reg_231                                                              |  32|   0|   32|          0|
    +----------------------------------------------------------------------------+----+----+-----+-----------+
    |Total                                                                       | 371|   0|  371|          0|
    +----------------------------------------------------------------------------+----+----+-----+-----------+



================================================================
== Interface
================================================================
* Summary: 
+-------------------------+-----+-----+---------------+-----------------------+--------------+
|        RTL Ports        | Dir | Bits|    Protocol   |     Source Object     |    C Type    |
+-------------------------+-----+-----+---------------+-----------------------+--------------+
|s_axi_control_AWVALID    |   in|    1|          s_axi|                control|        scalar|
|s_axi_control_AWREADY    |  out|    1|          s_axi|                control|        scalar|
|s_axi_control_AWADDR     |   in|    6|          s_axi|                control|        scalar|
|s_axi_control_WVALID     |   in|    1|          s_axi|                control|        scalar|
|s_axi_control_WREADY     |  out|    1|          s_axi|                control|        scalar|
|s_axi_control_WDATA      |   in|   32|          s_axi|                control|        scalar|
|s_axi_control_WSTRB      |   in|    4|          s_axi|                control|        scalar|
|s_axi_control_ARVALID    |   in|    1|          s_axi|                control|        scalar|
|s_axi_control_ARREADY    |  out|    1|          s_axi|                control|        scalar|
|s_axi_control_ARADDR     |   in|    6|          s_axi|                control|        scalar|
|s_axi_control_RVALID     |  out|    1|          s_axi|                control|        scalar|
|s_axi_control_RREADY     |   in|    1|          s_axi|                control|        scalar|
|s_axi_control_RDATA      |  out|   32|          s_axi|                control|        scalar|
|s_axi_control_RRESP      |  out|    2|          s_axi|                control|        scalar|
|s_axi_control_BVALID     |  out|    1|          s_axi|                control|        scalar|
|s_axi_control_BREADY     |   in|    1|          s_axi|                control|        scalar|
|s_axi_control_BRESP      |  out|    2|          s_axi|                control|        scalar|
|ap_clk                   |   in|    1|  ap_ctrl_chain|  final_norm_classifier|  return value|
|ap_rst_n                 |   in|    1|  ap_ctrl_chain|  final_norm_classifier|  return value|
|interrupt                |  out|    1|  ap_ctrl_chain|  final_norm_classifier|  return value|
|m_axi_gmem_out_AWVALID   |  out|    1|          m_axi|               gmem_out|       pointer|
|m_axi_gmem_out_AWREADY   |   in|    1|          m_axi|               gmem_out|       pointer|
|m_axi_gmem_out_AWADDR    |  out|   64|          m_axi|               gmem_out|       pointer|
|m_axi_gmem_out_AWID      |  out|    1|          m_axi|               gmem_out|       pointer|
|m_axi_gmem_out_AWLEN     |  out|    8|          m_axi|               gmem_out|       pointer|
|m_axi_gmem_out_AWSIZE    |  out|    3|          m_axi|               gmem_out|       pointer|
|m_axi_gmem_out_AWBURST   |  out|    2|          m_axi|               gmem_out|       pointer|
|m_axi_gmem_out_AWLOCK    |  out|    2|          m_axi|               gmem_out|       pointer|
|m_axi_gmem_out_AWCACHE   |  out|    4|          m_axi|               gmem_out|       pointer|
|m_axi_gmem_out_AWPROT    |  out|    3|          m_axi|               gmem_out|       pointer|
|m_axi_gmem_out_AWQOS     |  out|    4|          m_axi|               gmem_out|       pointer|
|m_axi_gmem_out_AWREGION  |  out|    4|          m_axi|               gmem_out|       pointer|
|m_axi_gmem_out_AWUSER    |  out|    1|          m_axi|               gmem_out|       pointer|
|m_axi_gmem_out_WVALID    |  out|    1|          m_axi|               gmem_out|       pointer|
|m_axi_gmem_out_WREADY    |   in|    1|          m_axi|               gmem_out|       pointer|
|m_axi_gmem_out_WDATA     |  out|  512|          m_axi|               gmem_out|       pointer|
|m_axi_gmem_out_WSTRB     |  out|   64|          m_axi|               gmem_out|       pointer|
|m_axi_gmem_out_WLAST     |  out|    1|          m_axi|               gmem_out|       pointer|
|m_axi_gmem_out_WID       |  out|    1|          m_axi|               gmem_out|       pointer|
|m_axi_gmem_out_WUSER     |  out|    1|          m_axi|               gmem_out|       pointer|
|m_axi_gmem_out_ARVALID   |  out|    1|          m_axi|               gmem_out|       pointer|
|m_axi_gmem_out_ARREADY   |   in|    1|          m_axi|               gmem_out|       pointer|
|m_axi_gmem_out_ARADDR    |  out|   64|          m_axi|               gmem_out|       pointer|
|m_axi_gmem_out_ARID      |  out|    1|          m_axi|               gmem_out|       pointer|
|m_axi_gmem_out_ARLEN     |  out|    8|          m_axi|               gmem_out|       pointer|
|m_axi_gmem_out_ARSIZE    |  out|    3|          m_axi|               gmem_out|       pointer|
|m_axi_gmem_out_ARBURST   |  out|    2|          m_axi|               gmem_out|       pointer|
|m_axi_gmem_out_ARLOCK    |  out|    2|          m_axi|               gmem_out|       pointer|
|m_axi_gmem_out_ARCACHE   |  out|    4|          m_axi|               gmem_out|       pointer|
|m_axi_gmem_out_ARPROT    |  out|    3|          m_axi|               gmem_out|       pointer|
|m_axi_gmem_out_ARQOS     |  out|    4|          m_axi|               gmem_out|       pointer|
|m_axi_gmem_out_ARREGION  |  out|    4|          m_axi|               gmem_out|       pointer|
|m_axi_gmem_out_ARUSER    |  out|    1|          m_axi|               gmem_out|       pointer|
|m_axi_gmem_out_RVALID    |   in|    1|          m_axi|               gmem_out|       pointer|
|m_axi_gmem_out_RREADY    |  out|    1|          m_axi|               gmem_out|       pointer|
|m_axi_gmem_out_RDATA     |   in|  512|          m_axi|               gmem_out|       pointer|
|m_axi_gmem_out_RLAST     |   in|    1|          m_axi|               gmem_out|       pointer|
|m_axi_gmem_out_RID       |   in|    1|          m_axi|               gmem_out|       pointer|
|m_axi_gmem_out_RUSER     |   in|    1|          m_axi|               gmem_out|       pointer|
|m_axi_gmem_out_RRESP     |   in|    2|          m_axi|               gmem_out|       pointer|
|m_axi_gmem_out_BVALID    |   in|    1|          m_axi|               gmem_out|       pointer|
|m_axi_gmem_out_BREADY    |  out|    1|          m_axi|               gmem_out|       pointer|
|m_axi_gmem_out_BRESP     |   in|    2|          m_axi|               gmem_out|       pointer|
|m_axi_gmem_out_BID       |   in|    1|          m_axi|               gmem_out|       pointer|
|m_axi_gmem_out_BUSER     |   in|    1|          m_axi|               gmem_out|       pointer|
|m_axi_gmem_w_AWVALID     |  out|    1|          m_axi|                 gmem_w|       pointer|
|m_axi_gmem_w_AWREADY     |   in|    1|          m_axi|                 gmem_w|       pointer|
|m_axi_gmem_w_AWADDR      |  out|   64|          m_axi|                 gmem_w|       pointer|
|m_axi_gmem_w_AWID        |  out|    1|          m_axi|                 gmem_w|       pointer|
|m_axi_gmem_w_AWLEN       |  out|    8|          m_axi|                 gmem_w|       pointer|
|m_axi_gmem_w_AWSIZE      |  out|    3|          m_axi|                 gmem_w|       pointer|
|m_axi_gmem_w_AWBURST     |  out|    2|          m_axi|                 gmem_w|       pointer|
|m_axi_gmem_w_AWLOCK      |  out|    2|          m_axi|                 gmem_w|       pointer|
|m_axi_gmem_w_AWCACHE     |  out|    4|          m_axi|                 gmem_w|       pointer|
|m_axi_gmem_w_AWPROT      |  out|    3|          m_axi|                 gmem_w|       pointer|
|m_axi_gmem_w_AWQOS       |  out|    4|          m_axi|                 gmem_w|       pointer|
|m_axi_gmem_w_AWREGION    |  out|    4|          m_axi|                 gmem_w|       pointer|
|m_axi_gmem_w_AWUSER      |  out|    1|          m_axi|                 gmem_w|       pointer|
|m_axi_gmem_w_WVALID      |  out|    1|          m_axi|                 gmem_w|       pointer|
|m_axi_gmem_w_WREADY      |   in|    1|          m_axi|                 gmem_w|       pointer|
|m_axi_gmem_w_WDATA       |  out|  512|          m_axi|                 gmem_w|       pointer|
|m_axi_gmem_w_WSTRB       |  out|   64|          m_axi|                 gmem_w|       pointer|
|m_axi_gmem_w_WLAST       |  out|    1|          m_axi|                 gmem_w|       pointer|
|m_axi_gmem_w_WID         |  out|    1|          m_axi|                 gmem_w|       pointer|
|m_axi_gmem_w_WUSER       |  out|    1|          m_axi|                 gmem_w|       pointer|
|m_axi_gmem_w_ARVALID     |  out|    1|          m_axi|                 gmem_w|       pointer|
|m_axi_gmem_w_ARREADY     |   in|    1|          m_axi|                 gmem_w|       pointer|
|m_axi_gmem_w_ARADDR      |  out|   64|          m_axi|                 gmem_w|       pointer|
|m_axi_gmem_w_ARID        |  out|    1|          m_axi|                 gmem_w|       pointer|
|m_axi_gmem_w_ARLEN       |  out|    8|          m_axi|                 gmem_w|       pointer|
|m_axi_gmem_w_ARSIZE      |  out|    3|          m_axi|                 gmem_w|       pointer|
|m_axi_gmem_w_ARBURST     |  out|    2|          m_axi|                 gmem_w|       pointer|
|m_axi_gmem_w_ARLOCK      |  out|    2|          m_axi|                 gmem_w|       pointer|
|m_axi_gmem_w_ARCACHE     |  out|    4|          m_axi|                 gmem_w|       pointer|
|m_axi_gmem_w_ARPROT      |  out|    3|          m_axi|                 gmem_w|       pointer|
|m_axi_gmem_w_ARQOS       |  out|    4|          m_axi|                 gmem_w|       pointer|
|m_axi_gmem_w_ARREGION    |  out|    4|          m_axi|                 gmem_w|       pointer|
|m_axi_gmem_w_ARUSER      |  out|    1|          m_axi|                 gmem_w|       pointer|
|m_axi_gmem_w_RVALID      |   in|    1|          m_axi|                 gmem_w|       pointer|
|m_axi_gmem_w_RREADY      |  out|    1|          m_axi|                 gmem_w|       pointer|
|m_axi_gmem_w_RDATA       |   in|  512|          m_axi|                 gmem_w|       pointer|
|m_axi_gmem_w_RLAST       |   in|    1|          m_axi|                 gmem_w|       pointer|
|m_axi_gmem_w_RID         |   in|    1|          m_axi|                 gmem_w|       pointer|
|m_axi_gmem_w_RUSER       |   in|    1|          m_axi|                 gmem_w|       pointer|
|m_axi_gmem_w_RRESP       |   in|    2|          m_axi|                 gmem_w|       pointer|
|m_axi_gmem_w_BVALID      |   in|    1|          m_axi|                 gmem_w|       pointer|
|m_axi_gmem_w_BREADY      |  out|    1|          m_axi|                 gmem_w|       pointer|
|m_axi_gmem_w_BRESP       |   in|    2|          m_axi|                 gmem_w|       pointer|
|m_axi_gmem_w_BID         |   in|    1|          m_axi|                 gmem_w|       pointer|
|m_axi_gmem_w_BUSER       |   in|    1|          m_axi|                 gmem_w|       pointer|
|stream_in_x_TDATA        |   in|   32|           axis|            stream_in_x|       pointer|
|stream_in_x_TVALID       |   in|    1|           axis|            stream_in_x|       pointer|
|stream_in_x_TREADY       |  out|    1|           axis|            stream_in_x|       pointer|
+-------------------------+-----+-----+---------------+-----------------------+--------------+

