

================================================================
== Vitis HLS Report for 'initial_embedding_lookup'
================================================================
* Date:           Wed Apr  1 17:45:07 2026

* Version:        2024.1 (Build 5069499 on May 21 2024)
* Project:        initial_embedding_lookup
* Solution:       hls (Vitis Kernel Flow Target)
* Product family: virtexuplusHBM
* Target device:  xcu55c-fsvh2892-2L-e


================================================================
== Performance Estimates
================================================================
+ Timing: 
    * Summary: 
    +--------+---------+----------+------------+
    |  Clock |  Target | Estimated| Uncertainty|
    +--------+---------+----------+------------+
    |ap_clk  |  3.33 ns|  2.433 ns|     0.90 ns|
    +--------+---------+----------+------------+

+ Latency: 
    * Summary: 
    +---------+---------+-----------+-----------+------+------+---------+
    |  Latency (cycles) |   Latency (absolute)  |   Interval  | Pipeline|
    |   min   |   max   |    min    |    max    |  min |  max |   Type  |
    +---------+---------+-----------+-----------+------+------+---------+
    |     4100|     8309|  13.665 us|  27.694 us|  4101|  8310|       no|
    +---------+---------+-----------+-----------+------+------+---------+

    + Detail: 
        * Instance: 
        +---------------------------------------------------------------------+----------------------------------------------------------+---------+---------+-----------+-----------+------+------+-----------------------------------------------+
        |                                                                     |                                                          |  Latency (cycles) |   Latency (absolute)  |   Interval  |                    Pipeline                   |
        |                               Instance                              |                          Module                          |   min   |   max   |    min    |    max    |  min |  max |                      Type                     |
        +---------------------------------------------------------------------+----------------------------------------------------------+---------+---------+-----------+-----------+------+------+-----------------------------------------------+
        |grp_initial_embedding_lookup_Pipeline_VITIS_LOOP_447_1_fu_115        |initial_embedding_lookup_Pipeline_VITIS_LOOP_447_1        |     4098|     4098|  13.659 us|  13.659 us|  4097|  4097|  loop auto-rewind stp(delay=0 clock cycles(s))|
        |grp_initial_embedding_lookup_Pipeline_2_fu_121                       |initial_embedding_lookup_Pipeline_2                       |     4099|     4099|  13.662 us|  13.662 us|  4097|  4097|  loop auto-rewind stp(delay=0 clock cycles(s))|
        |grp_initial_embedding_lookup_Pipeline_write_embedding_stream_fu_130  |initial_embedding_lookup_Pipeline_write_embedding_stream  |     4098|     4098|  13.659 us|  13.659 us|  4097|  4097|  loop auto-rewind stp(delay=0 clock cycles(s))|
        +---------------------------------------------------------------------+----------------------------------------------------------+---------+---------+-----------+-----------+------+------+-----------------------------------------------+

        * Loop: 
        N/A



================================================================
== Utilization Estimates
================================================================
* Summary: 
+---------------------+---------+------+---------+---------+-----+
|         Name        | BRAM_18K|  DSP |    FF   |   LUT   | URAM|
+---------------------+---------+------+---------+---------+-----+
|DSP                  |        -|     -|        -|        -|    -|
|Expression           |        -|     -|        0|      116|    -|
|FIFO                 |        -|     -|        -|        -|    -|
|Instance             |       15|     -|     3686|     2719|    0|
|Memory               |        8|     -|        0|        0|    0|
|Multiplexer          |        -|     -|        0|      751|    -|
|Register             |        -|     -|      179|        -|    -|
+---------------------+---------+------+---------+---------+-----+
|Total                |       23|     0|     3865|     3586|    0|
+---------------------+---------+------+---------+---------+-----+
|Available SLR        |     1344|  3008|   869120|   434560|  320|
+---------------------+---------+------+---------+---------+-----+
|Utilization SLR (%)  |        1|     0|       ~0|       ~0|    0|
+---------------------+---------+------+---------+---------+-----+
|Available            |     4032|  9024|  2607360|  1303680|  960|
+---------------------+---------+------+---------+---------+-----+
|Utilization (%)      |       ~0|     0|       ~0|       ~0|    0|
+---------------------+---------+------+---------+---------+-----+

+ Detail: 
    * Instance: 
    +---------------------------------------------------------------------+----------------------------------------------------------+---------+----+------+------+-----+
    |                               Instance                              |                          Module                          | BRAM_18K| DSP|  FF  |  LUT | URAM|
    +---------------------------------------------------------------------+----------------------------------------------------------+---------+----+------+------+-----+
    |control_s_axi_U                                                      |control_s_axi                                             |        0|   0|   144|   232|    0|
    |gmem0_m_axi_U                                                        |gmem0_m_axi                                               |       15|   0|  2471|  2142|    0|
    |grp_initial_embedding_lookup_Pipeline_2_fu_121                       |initial_embedding_lookup_Pipeline_2                       |        0|   0|  1038|   129|    0|
    |grp_initial_embedding_lookup_Pipeline_VITIS_LOOP_447_1_fu_115        |initial_embedding_lookup_Pipeline_VITIS_LOOP_447_1        |        0|   0|    16|    92|    0|
    |grp_initial_embedding_lookup_Pipeline_write_embedding_stream_fu_130  |initial_embedding_lookup_Pipeline_write_embedding_stream  |        0|   0|    17|   124|    0|
    +---------------------------------------------------------------------+----------------------------------------------------------+---------+----+------+------+-----+
    |Total                                                                |                                                          |       15|   0|  3686|  2719|    0|
    +---------------------------------------------------------------------+----------------------------------------------------------+---------+----+------+------+-----+

    * DSP: 
    N/A

    * Memory: 
    +----------------------+--------------------------------+---------+---+----+-----+------+-----+------+-------------+
    |        Memory        |             Module             | BRAM_18K| FF| LUT| URAM| Words| Bits| Banks| W*Bits*Banks|
    +----------------------+--------------------------------+---------+---+----+-----+------+-----+------+-------------+
    |embedding_buffer_U    |embedding_buffer_RAM_AUTO_1R1W  |        4|  0|   0|    0|  2048|   32|     1|        65536|
    |embedding_buffer_1_U  |embedding_buffer_RAM_AUTO_1R1W  |        4|  0|   0|    0|  2048|   32|     1|        65536|
    +----------------------+--------------------------------+---------+---+----+-----+------+-----+------+-------------+
    |Total                 |                                |        8|  0|   0|    0|  4096|   64|     2|       131072|
    +----------------------+--------------------------------+---------+---+----+-----+------+-----+------+-------------+

    * FIFO: 
    N/A

    * Expression: 
    +-----------------------------------------------------------------------------------------+----------+----+---+----+------------+------------+
    |                                      Variable Name                                      | Operation| DSP| FF| LUT| Bitwidth P0| Bitwidth P1|
    +-----------------------------------------------------------------------------------------+----------+----+---+----+------------+------------+
    |add_ln455_fu_160_p2                                                                      |         +|   0|  0|  71|          64|          64|
    |grp_initial_embedding_lookup_Pipeline_VITIS_LOOP_447_1_fu_115_stream_out_x_TREADY        |       and|   0|  0|   2|           1|           1|
    |grp_initial_embedding_lookup_Pipeline_write_embedding_stream_fu_130_stream_out_x_TREADY  |       and|   0|  0|   2|           1|           1|
    |icmp_ln446_fu_138_p2                                                                     |      icmp|   0|  0|  39|          32|          15|
    |ap_block_state1                                                                          |        or|   0|  0|   2|           1|           1|
    +-----------------------------------------------------------------------------------------+----------+----+---+----+------------+------------+
    |Total                                                                                    |          |   0|  0| 116|          99|          82|
    +-----------------------------------------------------------------------------------------+----------+----+---+----+------------+------------+

    * Multiplexer: 
    +----------------------------------+-----+-----------+-----+-----------+
    |               Name               | LUT | Input Size| Bits| Total Bits|
    +----------------------------------+-----+-----------+-----+-----------+
    |ap_NS_fsm                         |  580|        115|    1|        115|
    |ap_done                           |    9|          2|    1|          2|
    |embedding_buffer_1_address0       |   14|          3|   11|         33|
    |embedding_buffer_1_ce0            |   14|          3|    1|          3|
    |embedding_buffer_1_we0            |    9|          2|    1|          2|
    |embedding_buffer_address0         |   14|          3|   11|         33|
    |embedding_buffer_ce0              |   14|          3|    1|          3|
    |embedding_buffer_we0              |    9|          2|    1|          2|
    |gmem0_ARADDR                      |   14|          3|   64|        192|
    |gmem0_ARLEN                       |   14|          3|   32|         96|
    |gmem0_ARVALID                     |   14|          3|    1|          3|
    |gmem0_RREADY                      |    9|          2|    1|          2|
    |gmem0_blk_n_AR                    |    9|          2|    1|          2|
    |stream_out_x_TDATA_int_regslice   |   14|          3|   32|         96|
    |stream_out_x_TVALID_int_regslice  |   14|          3|    1|          3|
    +----------------------------------+-----+-----------+-----+-----------+
    |Total                             |  751|        152|  160|        587|
    +----------------------------------+-----+-----------+-----+-----------+

    * Register: 
    +----------------------------------------------------------------------------------+-----+----+-----+-----------+
    |                                       Name                                       |  FF | LUT| Bits| Const Bits|
    +----------------------------------------------------------------------------------+-----+----+-----+-----------+
    |ap_CS_fsm                                                                         |  114|   0|  114|          0|
    |ap_done_reg                                                                       |    1|   0|    1|          0|
    |ap_rst_n_inv                                                                      |    1|   0|    1|          0|
    |ap_rst_reg_1                                                                      |    1|   0|    1|          0|
    |ap_rst_reg_2                                                                      |    1|   0|    1|          0|
    |grp_initial_embedding_lookup_Pipeline_2_fu_121_ap_start_reg                       |    1|   0|    1|          0|
    |grp_initial_embedding_lookup_Pipeline_VITIS_LOOP_447_1_fu_115_ap_start_reg        |    1|   0|    1|          0|
    |grp_initial_embedding_lookup_Pipeline_write_embedding_stream_fu_130_ap_start_reg  |    1|   0|    1|          0|
    |trunc_ln_reg_189                                                                  |   58|   0|   58|          0|
    +----------------------------------------------------------------------------------+-----+----+-----+-----------+
    |Total                                                                             |  179|   0|  179|          0|
    +----------------------------------------------------------------------------------+-----+----+-----+-----------+



================================================================
== Interface
================================================================
* Summary: 
+-----------------------+-----+-----+---------------+--------------------------+--------------+
|       RTL Ports       | Dir | Bits|    Protocol   |       Source Object      |    C Type    |
+-----------------------+-----+-----+---------------+--------------------------+--------------+
|s_axi_control_AWVALID  |   in|    1|          s_axi|                   control|        scalar|
|s_axi_control_AWREADY  |  out|    1|          s_axi|                   control|        scalar|
|s_axi_control_AWADDR   |   in|    6|          s_axi|                   control|        scalar|
|s_axi_control_WVALID   |   in|    1|          s_axi|                   control|        scalar|
|s_axi_control_WREADY   |  out|    1|          s_axi|                   control|        scalar|
|s_axi_control_WDATA    |   in|   32|          s_axi|                   control|        scalar|
|s_axi_control_WSTRB    |   in|    4|          s_axi|                   control|        scalar|
|s_axi_control_ARVALID  |   in|    1|          s_axi|                   control|        scalar|
|s_axi_control_ARREADY  |  out|    1|          s_axi|                   control|        scalar|
|s_axi_control_ARADDR   |   in|    6|          s_axi|                   control|        scalar|
|s_axi_control_RVALID   |  out|    1|          s_axi|                   control|        scalar|
|s_axi_control_RREADY   |   in|    1|          s_axi|                   control|        scalar|
|s_axi_control_RDATA    |  out|   32|          s_axi|                   control|        scalar|
|s_axi_control_RRESP    |  out|    2|          s_axi|                   control|        scalar|
|s_axi_control_BVALID   |  out|    1|          s_axi|                   control|        scalar|
|s_axi_control_BREADY   |   in|    1|          s_axi|                   control|        scalar|
|s_axi_control_BRESP    |  out|    2|          s_axi|                   control|        scalar|
|ap_clk                 |   in|    1|  ap_ctrl_chain|  initial_embedding_lookup|  return value|
|ap_rst_n               |   in|    1|  ap_ctrl_chain|  initial_embedding_lookup|  return value|
|interrupt              |  out|    1|  ap_ctrl_chain|  initial_embedding_lookup|  return value|
|m_axi_gmem0_AWVALID    |  out|    1|          m_axi|                     gmem0|       pointer|
|m_axi_gmem0_AWREADY    |   in|    1|          m_axi|                     gmem0|       pointer|
|m_axi_gmem0_AWADDR     |  out|   64|          m_axi|                     gmem0|       pointer|
|m_axi_gmem0_AWID       |  out|    1|          m_axi|                     gmem0|       pointer|
|m_axi_gmem0_AWLEN      |  out|    8|          m_axi|                     gmem0|       pointer|
|m_axi_gmem0_AWSIZE     |  out|    3|          m_axi|                     gmem0|       pointer|
|m_axi_gmem0_AWBURST    |  out|    2|          m_axi|                     gmem0|       pointer|
|m_axi_gmem0_AWLOCK     |  out|    2|          m_axi|                     gmem0|       pointer|
|m_axi_gmem0_AWCACHE    |  out|    4|          m_axi|                     gmem0|       pointer|
|m_axi_gmem0_AWPROT     |  out|    3|          m_axi|                     gmem0|       pointer|
|m_axi_gmem0_AWQOS      |  out|    4|          m_axi|                     gmem0|       pointer|
|m_axi_gmem0_AWREGION   |  out|    4|          m_axi|                     gmem0|       pointer|
|m_axi_gmem0_AWUSER     |  out|    1|          m_axi|                     gmem0|       pointer|
|m_axi_gmem0_WVALID     |  out|    1|          m_axi|                     gmem0|       pointer|
|m_axi_gmem0_WREADY     |   in|    1|          m_axi|                     gmem0|       pointer|
|m_axi_gmem0_WDATA      |  out|  512|          m_axi|                     gmem0|       pointer|
|m_axi_gmem0_WSTRB      |  out|   64|          m_axi|                     gmem0|       pointer|
|m_axi_gmem0_WLAST      |  out|    1|          m_axi|                     gmem0|       pointer|
|m_axi_gmem0_WID        |  out|    1|          m_axi|                     gmem0|       pointer|
|m_axi_gmem0_WUSER      |  out|    1|          m_axi|                     gmem0|       pointer|
|m_axi_gmem0_ARVALID    |  out|    1|          m_axi|                     gmem0|       pointer|
|m_axi_gmem0_ARREADY    |   in|    1|          m_axi|                     gmem0|       pointer|
|m_axi_gmem0_ARADDR     |  out|   64|          m_axi|                     gmem0|       pointer|
|m_axi_gmem0_ARID       |  out|    1|          m_axi|                     gmem0|       pointer|
|m_axi_gmem0_ARLEN      |  out|    8|          m_axi|                     gmem0|       pointer|
|m_axi_gmem0_ARSIZE     |  out|    3|          m_axi|                     gmem0|       pointer|
|m_axi_gmem0_ARBURST    |  out|    2|          m_axi|                     gmem0|       pointer|
|m_axi_gmem0_ARLOCK     |  out|    2|          m_axi|                     gmem0|       pointer|
|m_axi_gmem0_ARCACHE    |  out|    4|          m_axi|                     gmem0|       pointer|
|m_axi_gmem0_ARPROT     |  out|    3|          m_axi|                     gmem0|       pointer|
|m_axi_gmem0_ARQOS      |  out|    4|          m_axi|                     gmem0|       pointer|
|m_axi_gmem0_ARREGION   |  out|    4|          m_axi|                     gmem0|       pointer|
|m_axi_gmem0_ARUSER     |  out|    1|          m_axi|                     gmem0|       pointer|
|m_axi_gmem0_RVALID     |   in|    1|          m_axi|                     gmem0|       pointer|
|m_axi_gmem0_RREADY     |  out|    1|          m_axi|                     gmem0|       pointer|
|m_axi_gmem0_RDATA      |   in|  512|          m_axi|                     gmem0|       pointer|
|m_axi_gmem0_RLAST      |   in|    1|          m_axi|                     gmem0|       pointer|
|m_axi_gmem0_RID        |   in|    1|          m_axi|                     gmem0|       pointer|
|m_axi_gmem0_RUSER      |   in|    1|          m_axi|                     gmem0|       pointer|
|m_axi_gmem0_RRESP      |   in|    2|          m_axi|                     gmem0|       pointer|
|m_axi_gmem0_BVALID     |   in|    1|          m_axi|                     gmem0|       pointer|
|m_axi_gmem0_BREADY     |  out|    1|          m_axi|                     gmem0|       pointer|
|m_axi_gmem0_BRESP      |   in|    2|          m_axi|                     gmem0|       pointer|
|m_axi_gmem0_BID        |   in|    1|          m_axi|                     gmem0|       pointer|
|m_axi_gmem0_BUSER      |   in|    1|          m_axi|                     gmem0|       pointer|
|stream_out_x_TDATA     |  out|   32|           axis|              stream_out_x|       pointer|
|stream_out_x_TVALID    |  out|    1|           axis|              stream_out_x|       pointer|
|stream_out_x_TREADY    |   in|    1|           axis|              stream_out_x|       pointer|
+-----------------------+-----+-----+---------------+--------------------------+--------------+

