

================================================================
== Vitis HLS Report for 'update_residual'
================================================================
* Date:           Wed Apr  1 17:58:46 2026

* Version:        2024.1 (Build 5069499 on May 21 2024)
* Project:        transformer_layer_pipeline
* Solution:       hls (Vitis Kernel Flow Target)
* Product family: virtexuplusHBM
* Target device:  xcu55c-fsvh2892-2L-e


================================================================
== Performance Estimates
================================================================
+ Timing: 
    * Summary: 
    +--------+---------+----------+------------+
    |  Clock |  Target | Estimated| Uncertainty|
    +--------+---------+----------+------------+
    |ap_clk  |  5.00 ns|  3.576 ns|     1.35 ns|
    +--------+---------+----------+------------+

+ Latency: 
    * Summary: 
    +---------+---------+-----------+-----------+------+------+-----------------------------------------------+
    |  Latency (cycles) |   Latency (absolute)  |   Interval  |                    Pipeline                   |
    |   min   |   max   |    min    |    max    |  min |  max |                      Type                     |
    +---------+---------+-----------+-----------+------+------+-----------------------------------------------+
    |     4103|     4103|  20.515 us|  20.515 us|  4097|  4097|  loop auto-rewind stp(delay=0 clock cycles(s))|
    +---------+---------+-----------+-----------+------+------+-----------------------------------------------+

    + Detail: 
        * Instance: 
        N/A

        * Loop: 
        +--------------------+---------+---------+----------+-----------+-----------+------+----------+
        |                    |  Latency (cycles) | Iteration|  Initiation Interval  | Trip |          |
        |      Loop Name     |   min   |   max   |  Latency |  achieved |   target  | Count| Pipelined|
        +--------------------+---------+---------+----------+-----------+-----------+------+----------+
        |- VITIS_LOOP_545_1  |     4101|     4101|         7|          1|          1|  4096|       yes|
        +--------------------+---------+---------+----------+-----------+-----------+------+----------+



================================================================
== Utilization Estimates
================================================================
* Summary: 
+---------------------+---------+------+---------+---------+-----+
|         Name        | BRAM_18K|  DSP |    FF   |   LUT   | URAM|
+---------------------+---------+------+---------+---------+-----+
|DSP                  |        -|     -|        -|        -|    -|
|Expression           |        -|     -|        0|       65|    -|
|FIFO                 |        -|     -|        -|        -|    -|
|Instance             |        -|     2|      205|      516|    -|
|Memory               |        -|     -|        -|        -|    -|
|Multiplexer          |        -|     -|        0|       36|    -|
|Register             |        -|     -|     2468|     1056|    -|
+---------------------+---------+------+---------+---------+-----+
|Total                |        0|     2|     2673|     1673|    0|
+---------------------+---------+------+---------+---------+-----+
|Available SLR        |     1344|  3008|   869120|   434560|  320|
+---------------------+---------+------+---------+---------+-----+
|Utilization SLR (%)  |        0|    ~0|       ~0|       ~0|    0|
+---------------------+---------+------+---------+---------+-----+
|Available            |     4032|  9024|  2607360|  1303680|  960|
+---------------------+---------+------+---------+---------+-----+
|Utilization (%)      |        0|    ~0|       ~0|       ~0|    0|
+---------------------+---------+------+---------+---------+-----+

+ Detail: 
    * Instance: 
    +---------------------------------------+--------------------------------+---------+----+-----+-----+-----+
    |                Instance               |             Module             | BRAM_18K| DSP|  FF | LUT | URAM|
    +---------------------------------------+--------------------------------+---------+----+-----+-----+-----+
    |fadd_32ns_32ns_32_5_full_dsp_1_U14026  |fadd_32ns_32ns_32_5_full_dsp_1  |        0|   2|  205|  220|    0|
    |sparsemux_65_5_32_1_1_U14027           |sparsemux_65_5_32_1_1           |        0|   0|    0|  148|    0|
    |sparsemux_65_5_32_1_1_U14028           |sparsemux_65_5_32_1_1           |        0|   0|    0|  148|    0|
    +---------------------------------------+--------------------------------+---------+----+-----+-----+-----+
    |Total                                  |                                |        0|   2|  205|  516|    0|
    +---------------------------------------+--------------------------------+---------+----+-----+-----+-----+

    * DSP: 
    N/A

    * Memory: 
    N/A

    * FIFO: 
    N/A

    * Expression: 
    +-----------------------+----------+----+---+----+------------+------------+
    |     Variable Name     | Operation| DSP| FF| LUT| Bitwidth P0| Bitwidth P1|
    +-----------------------+----------+----+---+----+------------+------------+
    |add_ln545_fu_1254_p2   |         +|   0|  0|  20|          13|           1|
    |add_ln547_fu_1314_p2   |         +|   0|  0|  22|          15|          15|
    |icmp_ln545_fu_1248_p2  |      icmp|   0|  0|  21|          13|          14|
    |ap_enable_pp0          |       xor|   0|  0|   2|           1|           2|
    +-----------------------+----------+----+---+----+------------+------------+
    |Total                  |          |   0|  0|  65|          42|          32|
    +-----------------------+----------+----+---+----+------------+------------+

    * Multiplexer: 
    +-------------------------+----+-----------+-----+-----------+
    |           Name          | LUT| Input Size| Bits| Total Bits|
    +-------------------------+----+-----------+-----+-----------+
    |ap_done_int              |   9|          2|    1|          2|
    |ap_enable_reg_pp0_iter1  |   9|          2|    1|          2|
    |ap_sig_allocacmp_i_1     |   9|          2|   13|         26|
    |i_fu_234                 |   9|          2|   13|         26|
    +-------------------------+----+-----------+-----+-----------+
    |Total                    |  36|          8|   28|         56|
    +-------------------------+----+-----------+-----+-----------+

    * Register: 
    +-----------------------------------------------------------------------------------------------+----+----+-----+-----------+
    |                                              Name                                             | FF | LUT| Bits| Const Bits|
    +-----------------------------------------------------------------------------------------------+----+----+-----+-----------+
    |ap_CS_fsm                                                                                      |   1|   0|    1|          0|
    |ap_done_reg                                                                                    |   1|   0|    1|          0|
    |ap_enable_reg_pp0_iter1                                                                        |   1|   0|    1|          0|
    |ap_enable_reg_pp0_iter2                                                                        |   1|   0|    1|          0|
    |ap_enable_reg_pp0_iter3                                                                        |   1|   0|    1|          0|
    |ap_enable_reg_pp0_iter4                                                                        |   1|   0|    1|          0|
    |ap_enable_reg_pp0_iter5                                                                        |   1|   0|    1|          0|
    |ap_enable_reg_pp0_iter6                                                                        |   1|   0|    1|          0|
    |ap_loop_exit_ready_pp0_iter1_reg                                                               |   1|   0|    1|          0|
    |ap_loop_exit_ready_pp0_iter2_reg                                                               |   1|   0|    1|          0|
    |ap_loop_exit_ready_pp0_iter3_reg                                                               |   1|   0|    1|          0|
    |ap_loop_exit_ready_pp0_iter4_reg                                                               |   1|   0|    1|          0|
    |ap_loop_exit_ready_pp0_iter5_reg                                                               |   1|   0|    1|          0|
    |ap_predicate_pred1053_state7                                                                   |   1|   0|    1|          0|
    |ap_predicate_pred1067_state7                                                                   |   1|   0|    1|          0|
    |ap_predicate_pred1079_state7                                                                   |   1|   0|    1|          0|
    |ap_predicate_pred1091_state7                                                                   |   1|   0|    1|          0|
    |ap_predicate_pred1103_state7                                                                   |   1|   0|    1|          0|
    |ap_predicate_pred1115_state7                                                                   |   1|   0|    1|          0|
    |ap_predicate_pred1127_state7                                                                   |   1|   0|    1|          0|
    |ap_predicate_pred1139_state7                                                                   |   1|   0|    1|          0|
    |ap_predicate_pred1151_state7                                                                   |   1|   0|    1|          0|
    |ap_predicate_pred1163_state7                                                                   |   1|   0|    1|          0|
    |ap_predicate_pred1175_state7                                                                   |   1|   0|    1|          0|
    |ap_predicate_pred1187_state7                                                                   |   1|   0|    1|          0|
    |ap_predicate_pred1199_state7                                                                   |   1|   0|    1|          0|
    |ap_predicate_pred1211_state7                                                                   |   1|   0|    1|          0|
    |ap_predicate_pred1223_state7                                                                   |   1|   0|    1|          0|
    |ap_predicate_pred1235_state7                                                                   |   1|   0|    1|          0|
    |ap_predicate_pred1247_state7                                                                   |   1|   0|    1|          0|
    |ap_predicate_pred1259_state7                                                                   |   1|   0|    1|          0|
    |ap_predicate_pred1271_state7                                                                   |   1|   0|    1|          0|
    |ap_predicate_pred1283_state7                                                                   |   1|   0|    1|          0|
    |ap_predicate_pred1295_state7                                                                   |   1|   0|    1|          0|
    |ap_predicate_pred1307_state7                                                                   |   1|   0|    1|          0|
    |ap_predicate_pred1319_state7                                                                   |   1|   0|    1|          0|
    |ap_predicate_pred1331_state7                                                                   |   1|   0|    1|          0|
    |ap_predicate_pred1343_state7                                                                   |   1|   0|    1|          0|
    |ap_predicate_pred1355_state7                                                                   |   1|   0|    1|          0|
    |ap_predicate_pred1367_state7                                                                   |   1|   0|    1|          0|
    |ap_predicate_pred1379_state7                                                                   |   1|   0|    1|          0|
    |ap_predicate_pred1391_state7                                                                   |   1|   0|    1|          0|
    |ap_predicate_pred1403_state7                                                                   |   1|   0|    1|          0|
    |ap_predicate_pred1415_state7                                                                   |   1|   0|    1|          0|
    |ap_predicate_pred1427_state7                                                                   |   1|   0|    1|          0|
    |i_fu_234                                                                                       |  13|   0|   13|          0|
    |p_ZZL27transformer_layer_schedulerRN3hls6streamIfLi0EEES2_PK18MatmulShardWeightsI_22_reg_1886  |   7|   0|    7|          0|
    |p_ZZL27transformer_layer_schedulerRN3hls6streamIfLi0EEES2_PK18MatmulShardWeightsI_23_reg_1892  |   7|   0|    7|          0|
    |p_ZZL27transformer_layer_schedulerRN3hls6streamIfLi0EEES2_PK18MatmulShardWeightsI_24_reg_1898  |   7|   0|    7|          0|
    |p_ZZL27transformer_layer_schedulerRN3hls6streamIfLi0EEES2_PK18MatmulShardWeightsI_25_reg_1904  |   7|   0|    7|          0|
    |p_ZZL27transformer_layer_schedulerRN3hls6streamIfLi0EEES2_PK18MatmulShardWeightsI_26_reg_1910  |   7|   0|    7|          0|
    |p_ZZL27transformer_layer_schedulerRN3hls6streamIfLi0EEES2_PK18MatmulShardWeightsI_27_reg_1916  |   7|   0|    7|          0|
    |p_ZZL27transformer_layer_schedulerRN3hls6streamIfLi0EEES2_PK18MatmulShardWeightsI_28_reg_1922  |   7|   0|    7|          0|
    |p_ZZL27transformer_layer_schedulerRN3hls6streamIfLi0EEES2_PK18MatmulShardWeightsI_29_reg_1928  |   7|   0|    7|          0|
    |p_ZZL27transformer_layer_schedulerRN3hls6streamIfLi0EEES2_PK18MatmulShardWeightsI_30_reg_1934  |   7|   0|    7|          0|
    |p_ZZL27transformer_layer_schedulerRN3hls6streamIfLi0EEES2_PK18MatmulShardWeightsI_31_reg_1940  |   7|   0|    7|          0|
    |p_ZZL27transformer_layer_schedulerRN3hls6streamIfLi0EEES2_PK18MatmulShardWeightsI_32_reg_1946  |   7|   0|    7|          0|
    |p_ZZL27transformer_layer_schedulerRN3hls6streamIfLi0EEES2_PK18MatmulShardWeightsI_33_reg_1952  |   7|   0|    7|          0|
    |p_ZZL27transformer_layer_schedulerRN3hls6streamIfLi0EEES2_PK18MatmulShardWeightsI_34_reg_1958  |   7|   0|    7|          0|
    |p_ZZL27transformer_layer_schedulerRN3hls6streamIfLi0EEES2_PK18MatmulShardWeightsI_35_reg_1964  |   7|   0|    7|          0|
    |p_ZZL27transformer_layer_schedulerRN3hls6streamIfLi0EEES2_PK18MatmulShardWeightsI_36_reg_1970  |   7|   0|    7|          0|
    |p_ZZL27transformer_layer_schedulerRN3hls6streamIfLi0EEES2_PK18MatmulShardWeightsI_37_reg_1976  |   7|   0|    7|          0|
    |p_ZZL27transformer_layer_schedulerRN3hls6streamIfLi0EEES2_PK18MatmulShardWeightsI_38_reg_1982  |   7|   0|    7|          0|
    |p_ZZL27transformer_layer_schedulerRN3hls6streamIfLi0EEES2_PK18MatmulShardWeightsI_39_reg_1988  |   7|   0|    7|          0|
    |p_ZZL27transformer_layer_schedulerRN3hls6streamIfLi0EEES2_PK18MatmulShardWeightsI_40_reg_1994  |   7|   0|    7|          0|
    |p_ZZL27transformer_layer_schedulerRN3hls6streamIfLi0EEES2_PK18MatmulShardWeightsI_41_reg_2000  |   7|   0|    7|          0|
    |p_ZZL27transformer_layer_schedulerRN3hls6streamIfLi0EEES2_PK18MatmulShardWeightsI_42_reg_2006  |   7|   0|    7|          0|
    |p_ZZL27transformer_layer_schedulerRN3hls6streamIfLi0EEES2_PK18MatmulShardWeightsI_43_reg_2012  |   7|   0|    7|          0|
    |tmp_1_reg_2023                                                                                 |  32|   0|   32|          0|
    |tmp_reg_2018                                                                                   |  32|   0|   32|          0|
    |transformer_layer_scheduler_stream_stream_MatmulShardWeights_const_MatmulShar_10_reg_1826      |   7|   0|    7|          0|
    |transformer_layer_scheduler_stream_stream_MatmulShardWeights_const_MatmulShar_11_reg_1832      |   7|   0|    7|          0|
    |transformer_layer_scheduler_stream_stream_MatmulShardWeights_const_MatmulShar_12_reg_1838      |   7|   0|    7|          0|
    |transformer_layer_scheduler_stream_stream_MatmulShardWeights_const_MatmulShar_13_reg_1844      |   7|   0|    7|          0|
    |transformer_layer_scheduler_stream_stream_MatmulShardWeights_const_MatmulShar_14_reg_1850      |   7|   0|    7|          0|
    |transformer_layer_scheduler_stream_stream_MatmulShardWeights_const_MatmulShar_15_reg_1856      |   7|   0|    7|          0|
    |transformer_layer_scheduler_stream_stream_MatmulShardWeights_const_MatmulShar_16_reg_1862      |   7|   0|    7|          0|
    |transformer_layer_scheduler_stream_stream_MatmulShardWeights_const_MatmulShar_17_reg_1868      |   7|   0|    7|          0|
    |transformer_layer_scheduler_stream_stream_MatmulShardWeights_const_MatmulShar_18_reg_1874      |   7|   0|    7|          0|
    |transformer_layer_scheduler_stream_stream_MatmulShardWeights_const_MatmulShar_19_reg_1880      |   7|   0|    7|          0|
    |trunc_ln545_reg_1656                                                                           |   5|   0|    5|          0|
    |trunc_ln547_reg_1661                                                                           |   5|   0|    5|          0|
    |p_ZZL27transformer_layer_schedulerRN3hls6streamIfLi0EEES2_PK18MatmulShardWeightsI_22_reg_1886  |  64|  32|    7|          0|
    |p_ZZL27transformer_layer_schedulerRN3hls6streamIfLi0EEES2_PK18MatmulShardWeightsI_23_reg_1892  |  64|  32|    7|          0|
    |p_ZZL27transformer_layer_schedulerRN3hls6streamIfLi0EEES2_PK18MatmulShardWeightsI_24_reg_1898  |  64|  32|    7|          0|
    |p_ZZL27transformer_layer_schedulerRN3hls6streamIfLi0EEES2_PK18MatmulShardWeightsI_25_reg_1904  |  64|  32|    7|          0|
    |p_ZZL27transformer_layer_schedulerRN3hls6streamIfLi0EEES2_PK18MatmulShardWeightsI_26_reg_1910  |  64|  32|    7|          0|
    |p_ZZL27transformer_layer_schedulerRN3hls6streamIfLi0EEES2_PK18MatmulShardWeightsI_27_reg_1916  |  64|  32|    7|          0|
    |p_ZZL27transformer_layer_schedulerRN3hls6streamIfLi0EEES2_PK18MatmulShardWeightsI_28_reg_1922  |  64|  32|    7|          0|
    |p_ZZL27transformer_layer_schedulerRN3hls6streamIfLi0EEES2_PK18MatmulShardWeightsI_29_reg_1928  |  64|  32|    7|          0|
    |p_ZZL27transformer_layer_schedulerRN3hls6streamIfLi0EEES2_PK18MatmulShardWeightsI_30_reg_1934  |  64|  32|    7|          0|
    |p_ZZL27transformer_layer_schedulerRN3hls6streamIfLi0EEES2_PK18MatmulShardWeightsI_31_reg_1940  |  64|  32|    7|          0|
    |p_ZZL27transformer_layer_schedulerRN3hls6streamIfLi0EEES2_PK18MatmulShardWeightsI_32_reg_1946  |  64|  32|    7|          0|
    |p_ZZL27transformer_layer_schedulerRN3hls6streamIfLi0EEES2_PK18MatmulShardWeightsI_33_reg_1952  |  64|  32|    7|          0|
    |p_ZZL27transformer_layer_schedulerRN3hls6streamIfLi0EEES2_PK18MatmulShardWeightsI_34_reg_1958  |  64|  32|    7|          0|
    |p_ZZL27transformer_layer_schedulerRN3hls6streamIfLi0EEES2_PK18MatmulShardWeightsI_35_reg_1964  |  64|  32|    7|          0|
    |p_ZZL27transformer_layer_schedulerRN3hls6streamIfLi0EEES2_PK18MatmulShardWeightsI_36_reg_1970  |  64|  32|    7|          0|
    |p_ZZL27transformer_layer_schedulerRN3hls6streamIfLi0EEES2_PK18MatmulShardWeightsI_37_reg_1976  |  64|  32|    7|          0|
    |p_ZZL27transformer_layer_schedulerRN3hls6streamIfLi0EEES2_PK18MatmulShardWeightsI_38_reg_1982  |  64|  32|    7|          0|
    |p_ZZL27transformer_layer_schedulerRN3hls6streamIfLi0EEES2_PK18MatmulShardWeightsI_39_reg_1988  |  64|  32|    7|          0|
    |p_ZZL27transformer_layer_schedulerRN3hls6streamIfLi0EEES2_PK18MatmulShardWeightsI_40_reg_1994  |  64|  32|    7|          0|
    |p_ZZL27transformer_layer_schedulerRN3hls6streamIfLi0EEES2_PK18MatmulShardWeightsI_41_reg_2000  |  64|  32|    7|          0|
    |p_ZZL27transformer_layer_schedulerRN3hls6streamIfLi0EEES2_PK18MatmulShardWeightsI_42_reg_2006  |  64|  32|    7|          0|
    |p_ZZL27transformer_layer_schedulerRN3hls6streamIfLi0EEES2_PK18MatmulShardWeightsI_43_reg_2012  |  64|  32|    7|          0|
    |transformer_layer_scheduler_stream_stream_MatmulShardWeights_const_MatmulShar_10_reg_1826      |  64|  32|    7|          0|
    |transformer_layer_scheduler_stream_stream_MatmulShardWeights_const_MatmulShar_11_reg_1832      |  64|  32|    7|          0|
    |transformer_layer_scheduler_stream_stream_MatmulShardWeights_const_MatmulShar_12_reg_1838      |  64|  32|    7|          0|
    |transformer_layer_scheduler_stream_stream_MatmulShardWeights_const_MatmulShar_13_reg_1844      |  64|  32|    7|          0|
    |transformer_layer_scheduler_stream_stream_MatmulShardWeights_const_MatmulShar_14_reg_1850      |  64|  32|    7|          0|
    |transformer_layer_scheduler_stream_stream_MatmulShardWeights_const_MatmulShar_15_reg_1856      |  64|  32|    7|          0|
    |transformer_layer_scheduler_stream_stream_MatmulShardWeights_const_MatmulShar_16_reg_1862      |  64|  32|    7|          0|
    |transformer_layer_scheduler_stream_stream_MatmulShardWeights_const_MatmulShar_17_reg_1868      |  64|  32|    7|          0|
    |transformer_layer_scheduler_stream_stream_MatmulShardWeights_const_MatmulShar_18_reg_1874      |  64|  32|    7|          0|
    |transformer_layer_scheduler_stream_stream_MatmulShardWeights_const_MatmulShar_19_reg_1880      |  64|  32|    7|          0|
    |trunc_ln545_reg_1656                                                                           |  64|  32|    5|          0|
    +-----------------------------------------------------------------------------------------------+----+----+-----+-----------+
    |Total                                                                                          |2468|1056|  585|          0|
    +-----------------------------------------------------------------------------------------------+----+----+-----+-----------+



================================================================
== Interface
================================================================
* Summary: 
+-----------------------------------------------------------------------------------------------+-----+-----+------------+--------------------------------------------------------------------------------------+--------------+
|                                           RTL Ports                                           | Dir | Bits|  Protocol  |                                     Source Object                                    |    C Type    |
+-----------------------------------------------------------------------------------------------+-----+-----+------------+--------------------------------------------------------------------------------------+--------------+
|ap_clk                                                                                         |   in|    1|  ap_ctrl_hs|                                                                       update_residual|  return value|
|ap_rst                                                                                         |   in|    1|  ap_ctrl_hs|                                                                       update_residual|  return value|
|ap_start                                                                                       |   in|    1|  ap_ctrl_hs|                                                                       update_residual|  return value|
|ap_done                                                                                        |  out|    1|  ap_ctrl_hs|                                                                       update_residual|  return value|
|ap_idle                                                                                        |  out|    1|  ap_ctrl_hs|                                                                       update_residual|  return value|
|ap_ready                                                                                       |  out|    1|  ap_ctrl_hs|                                                                       update_residual|  return value|
|residual_0_address0                                                                            |  out|   11|   ap_memory|                                                                            residual_0|         array|
|residual_0_ce0                                                                                 |  out|    1|   ap_memory|                                                                            residual_0|         array|
|residual_0_q0                                                                                  |   in|   32|   ap_memory|                                                                            residual_0|         array|
|residual_1_address0                                                                            |  out|   11|   ap_memory|                                                                            residual_1|         array|
|residual_1_ce0                                                                                 |  out|    1|   ap_memory|                                                                            residual_1|         array|
|residual_1_q0                                                                                  |   in|   32|   ap_memory|                                                                            residual_1|         array|
|residual_2_address0                                                                            |  out|   11|   ap_memory|                                                                            residual_2|         array|
|residual_2_ce0                                                                                 |  out|    1|   ap_memory|                                                                            residual_2|         array|
|residual_2_q0                                                                                  |   in|   32|   ap_memory|                                                                            residual_2|         array|
|residual_3_address0                                                                            |  out|   11|   ap_memory|                                                                            residual_3|         array|
|residual_3_ce0                                                                                 |  out|    1|   ap_memory|                                                                            residual_3|         array|
|residual_3_q0                                                                                  |   in|   32|   ap_memory|                                                                            residual_3|         array|
|residual_4_address0                                                                            |  out|   11|   ap_memory|                                                                            residual_4|         array|
|residual_4_ce0                                                                                 |  out|    1|   ap_memory|                                                                            residual_4|         array|
|residual_4_q0                                                                                  |   in|   32|   ap_memory|                                                                            residual_4|         array|
|residual_5_address0                                                                            |  out|   11|   ap_memory|                                                                            residual_5|         array|
|residual_5_ce0                                                                                 |  out|    1|   ap_memory|                                                                            residual_5|         array|
|residual_5_q0                                                                                  |   in|   32|   ap_memory|                                                                            residual_5|         array|
|residual_6_address0                                                                            |  out|   11|   ap_memory|                                                                            residual_6|         array|
|residual_6_ce0                                                                                 |  out|    1|   ap_memory|                                                                            residual_6|         array|
|residual_6_q0                                                                                  |   in|   32|   ap_memory|                                                                            residual_6|         array|
|residual_7_address0                                                                            |  out|   11|   ap_memory|                                                                            residual_7|         array|
|residual_7_ce0                                                                                 |  out|    1|   ap_memory|                                                                            residual_7|         array|
|residual_7_q0                                                                                  |   in|   32|   ap_memory|                                                                            residual_7|         array|
|residual_8_address0                                                                            |  out|   11|   ap_memory|                                                                            residual_8|         array|
|residual_8_ce0                                                                                 |  out|    1|   ap_memory|                                                                            residual_8|         array|
|residual_8_q0                                                                                  |   in|   32|   ap_memory|                                                                            residual_8|         array|
|residual_9_address0                                                                            |  out|   11|   ap_memory|                                                                            residual_9|         array|
|residual_9_ce0                                                                                 |  out|    1|   ap_memory|                                                                            residual_9|         array|
|residual_9_q0                                                                                  |   in|   32|   ap_memory|                                                                            residual_9|         array|
|residual_10_address0                                                                           |  out|   11|   ap_memory|                                                                           residual_10|         array|
|residual_10_ce0                                                                                |  out|    1|   ap_memory|                                                                           residual_10|         array|
|residual_10_q0                                                                                 |   in|   32|   ap_memory|                                                                           residual_10|         array|
|residual_11_address0                                                                           |  out|   11|   ap_memory|                                                                           residual_11|         array|
|residual_11_ce0                                                                                |  out|    1|   ap_memory|                                                                           residual_11|         array|
|residual_11_q0                                                                                 |   in|   32|   ap_memory|                                                                           residual_11|         array|
|residual_12_address0                                                                           |  out|   11|   ap_memory|                                                                           residual_12|         array|
|residual_12_ce0                                                                                |  out|    1|   ap_memory|                                                                           residual_12|         array|
|residual_12_q0                                                                                 |   in|   32|   ap_memory|                                                                           residual_12|         array|
|residual_13_address0                                                                           |  out|   11|   ap_memory|                                                                           residual_13|         array|
|residual_13_ce0                                                                                |  out|    1|   ap_memory|                                                                           residual_13|         array|
|residual_13_q0                                                                                 |   in|   32|   ap_memory|                                                                           residual_13|         array|
|residual_14_address0                                                                           |  out|   11|   ap_memory|                                                                           residual_14|         array|
|residual_14_ce0                                                                                |  out|    1|   ap_memory|                                                                           residual_14|         array|
|residual_14_q0                                                                                 |   in|   32|   ap_memory|                                                                           residual_14|         array|
|residual_15_address0                                                                           |  out|   11|   ap_memory|                                                                           residual_15|         array|
|residual_15_ce0                                                                                |  out|    1|   ap_memory|                                                                           residual_15|         array|
|residual_15_q0                                                                                 |   in|   32|   ap_memory|                                                                           residual_15|         array|
|residual_16_address0                                                                           |  out|   11|   ap_memory|                                                                           residual_16|         array|
|residual_16_ce0                                                                                |  out|    1|   ap_memory|                                                                           residual_16|         array|
|residual_16_q0                                                                                 |   in|   32|   ap_memory|                                                                           residual_16|         array|
|residual_17_address0                                                                           |  out|   11|   ap_memory|                                                                           residual_17|         array|
|residual_17_ce0                                                                                |  out|    1|   ap_memory|                                                                           residual_17|         array|
|residual_17_q0                                                                                 |   in|   32|   ap_memory|                                                                           residual_17|         array|
|residual_18_address0                                                                           |  out|   11|   ap_memory|                                                                           residual_18|         array|
|residual_18_ce0                                                                                |  out|    1|   ap_memory|                                                                           residual_18|         array|
|residual_18_q0                                                                                 |   in|   32|   ap_memory|                                                                           residual_18|         array|
|residual_19_address0                                                                           |  out|   11|   ap_memory|                                                                           residual_19|         array|
|residual_19_ce0                                                                                |  out|    1|   ap_memory|                                                                           residual_19|         array|
|residual_19_q0                                                                                 |   in|   32|   ap_memory|                                                                           residual_19|         array|
|residual_20_address0                                                                           |  out|   11|   ap_memory|                                                                           residual_20|         array|
|residual_20_ce0                                                                                |  out|    1|   ap_memory|                                                                           residual_20|         array|
|residual_20_q0                                                                                 |   in|   32|   ap_memory|                                                                           residual_20|         array|
|residual_21_address0                                                                           |  out|   11|   ap_memory|                                                                           residual_21|         array|
|residual_21_ce0                                                                                |  out|    1|   ap_memory|                                                                           residual_21|         array|
|residual_21_q0                                                                                 |   in|   32|   ap_memory|                                                                           residual_21|         array|
|residual_22_address0                                                                           |  out|   11|   ap_memory|                                                                           residual_22|         array|
|residual_22_ce0                                                                                |  out|    1|   ap_memory|                                                                           residual_22|         array|
|residual_22_q0                                                                                 |   in|   32|   ap_memory|                                                                           residual_22|         array|
|residual_23_address0                                                                           |  out|   11|   ap_memory|                                                                           residual_23|         array|
|residual_23_ce0                                                                                |  out|    1|   ap_memory|                                                                           residual_23|         array|
|residual_23_q0                                                                                 |   in|   32|   ap_memory|                                                                           residual_23|         array|
|residual_24_address0                                                                           |  out|   11|   ap_memory|                                                                           residual_24|         array|
|residual_24_ce0                                                                                |  out|    1|   ap_memory|                                                                           residual_24|         array|
|residual_24_q0                                                                                 |   in|   32|   ap_memory|                                                                           residual_24|         array|
|residual_25_address0                                                                           |  out|   11|   ap_memory|                                                                           residual_25|         array|
|residual_25_ce0                                                                                |  out|    1|   ap_memory|                                                                           residual_25|         array|
|residual_25_q0                                                                                 |   in|   32|   ap_memory|                                                                           residual_25|         array|
|residual_26_address0                                                                           |  out|   11|   ap_memory|                                                                           residual_26|         array|
|residual_26_ce0                                                                                |  out|    1|   ap_memory|                                                                           residual_26|         array|
|residual_26_q0                                                                                 |   in|   32|   ap_memory|                                                                           residual_26|         array|
|residual_27_address0                                                                           |  out|   11|   ap_memory|                                                                           residual_27|         array|
|residual_27_ce0                                                                                |  out|    1|   ap_memory|                                                                           residual_27|         array|
|residual_27_q0                                                                                 |   in|   32|   ap_memory|                                                                           residual_27|         array|
|residual_28_address0                                                                           |  out|   11|   ap_memory|                                                                           residual_28|         array|
|residual_28_ce0                                                                                |  out|    1|   ap_memory|                                                                           residual_28|         array|
|residual_28_q0                                                                                 |   in|   32|   ap_memory|                                                                           residual_28|         array|
|residual_29_address0                                                                           |  out|   11|   ap_memory|                                                                           residual_29|         array|
|residual_29_ce0                                                                                |  out|    1|   ap_memory|                                                                           residual_29|         array|
|residual_29_q0                                                                                 |   in|   32|   ap_memory|                                                                           residual_29|         array|
|residual_30_address0                                                                           |  out|   11|   ap_memory|                                                                           residual_30|         array|
|residual_30_ce0                                                                                |  out|    1|   ap_memory|                                                                           residual_30|         array|
|residual_30_q0                                                                                 |   in|   32|   ap_memory|                                                                           residual_30|         array|
|residual_31_address0                                                                           |  out|   11|   ap_memory|                                                                           residual_31|         array|
|residual_31_ce0                                                                                |  out|    1|   ap_memory|                                                                           residual_31|         array|
|residual_31_q0                                                                                 |   in|   32|   ap_memory|                                                                           residual_31|         array|
|idx                                                                                            |   in|   15|     ap_none|                                                                                   idx|        scalar|
|transformer_layer_scheduler_stream_stream_MatmulShardWeights_const_MatmulShar_9_address0       |  out|    7|   ap_memory|       transformer_layer_scheduler_stream_stream_MatmulShardWeights_const_MatmulShar_9|         array|
|transformer_layer_scheduler_stream_stream_MatmulShardWeights_const_MatmulShar_9_ce0            |  out|    1|   ap_memory|       transformer_layer_scheduler_stream_stream_MatmulShardWeights_const_MatmulShar_9|         array|
|transformer_layer_scheduler_stream_stream_MatmulShardWeights_const_MatmulShar_9_we0            |  out|    1|   ap_memory|       transformer_layer_scheduler_stream_stream_MatmulShardWeights_const_MatmulShar_9|         array|
|transformer_layer_scheduler_stream_stream_MatmulShardWeights_const_MatmulShar_9_d0             |  out|   32|   ap_memory|       transformer_layer_scheduler_stream_stream_MatmulShardWeights_const_MatmulShar_9|         array|
|transformer_layer_scheduler_stream_stream_MatmulShardWeights_const_MatmulShar_9_address1       |  out|    7|   ap_memory|       transformer_layer_scheduler_stream_stream_MatmulShardWeights_const_MatmulShar_9|         array|
|transformer_layer_scheduler_stream_stream_MatmulShardWeights_const_MatmulShar_9_ce1            |  out|    1|   ap_memory|       transformer_layer_scheduler_stream_stream_MatmulShardWeights_const_MatmulShar_9|         array|
|transformer_layer_scheduler_stream_stream_MatmulShardWeights_const_MatmulShar_9_q1             |   in|   32|   ap_memory|       transformer_layer_scheduler_stream_stream_MatmulShardWeights_const_MatmulShar_9|         array|
|transformer_layer_scheduler_stream_stream_MatmulShardWeights_const_MatmulShar_7_address0       |  out|    7|   ap_memory|       transformer_layer_scheduler_stream_stream_MatmulShardWeights_const_MatmulShar_7|         array|
|transformer_layer_scheduler_stream_stream_MatmulShardWeights_const_MatmulShar_7_ce0            |  out|    1|   ap_memory|       transformer_layer_scheduler_stream_stream_MatmulShardWeights_const_MatmulShar_7|         array|
|transformer_layer_scheduler_stream_stream_MatmulShardWeights_const_MatmulShar_7_we0            |  out|    1|   ap_memory|       transformer_layer_scheduler_stream_stream_MatmulShardWeights_const_MatmulShar_7|         array|
|transformer_layer_scheduler_stream_stream_MatmulShardWeights_const_MatmulShar_7_d0             |  out|   32|   ap_memory|       transformer_layer_scheduler_stream_stream_MatmulShardWeights_const_MatmulShar_7|         array|
|transformer_layer_scheduler_stream_stream_MatmulShardWeights_const_MatmulShar_7_address1       |  out|    7|   ap_memory|       transformer_layer_scheduler_stream_stream_MatmulShardWeights_const_MatmulShar_7|         array|
|transformer_layer_scheduler_stream_stream_MatmulShardWeights_const_MatmulShar_7_ce1            |  out|    1|   ap_memory|       transformer_layer_scheduler_stream_stream_MatmulShardWeights_const_MatmulShar_7|         array|
|transformer_layer_scheduler_stream_stream_MatmulShardWeights_const_MatmulShar_7_q1             |   in|   32|   ap_memory|       transformer_layer_scheduler_stream_stream_MatmulShardWeights_const_MatmulShar_7|         array|
|transformer_layer_scheduler_stream_stream_MatmulShardWeights_const_MatmulShar_6_address0       |  out|    7|   ap_memory|       transformer_layer_scheduler_stream_stream_MatmulShardWeights_const_MatmulShar_6|         array|
|transformer_layer_scheduler_stream_stream_MatmulShardWeights_const_MatmulShar_6_ce0            |  out|    1|   ap_memory|       transformer_layer_scheduler_stream_stream_MatmulShardWeights_const_MatmulShar_6|         array|
|transformer_layer_scheduler_stream_stream_MatmulShardWeights_const_MatmulShar_6_we0            |  out|    1|   ap_memory|       transformer_layer_scheduler_stream_stream_MatmulShardWeights_const_MatmulShar_6|         array|
|transformer_layer_scheduler_stream_stream_MatmulShardWeights_const_MatmulShar_6_d0             |  out|   32|   ap_memory|       transformer_layer_scheduler_stream_stream_MatmulShardWeights_const_MatmulShar_6|         array|
|transformer_layer_scheduler_stream_stream_MatmulShardWeights_const_MatmulShar_6_address1       |  out|    7|   ap_memory|       transformer_layer_scheduler_stream_stream_MatmulShardWeights_const_MatmulShar_6|         array|
|transformer_layer_scheduler_stream_stream_MatmulShardWeights_const_MatmulShar_6_ce1            |  out|    1|   ap_memory|       transformer_layer_scheduler_stream_stream_MatmulShardWeights_const_MatmulShar_6|         array|
|transformer_layer_scheduler_stream_stream_MatmulShardWeights_const_MatmulShar_6_q1             |   in|   32|   ap_memory|       transformer_layer_scheduler_stream_stream_MatmulShardWeights_const_MatmulShar_6|         array|
|transformer_layer_scheduler_stream_stream_MatmulShardWeights_const_MatmulShar_5_address0       |  out|    7|   ap_memory|       transformer_layer_scheduler_stream_stream_MatmulShardWeights_const_MatmulShar_5|         array|
|transformer_layer_scheduler_stream_stream_MatmulShardWeights_const_MatmulShar_5_ce0            |  out|    1|   ap_memory|       transformer_layer_scheduler_stream_stream_MatmulShardWeights_const_MatmulShar_5|         array|
|transformer_layer_scheduler_stream_stream_MatmulShardWeights_const_MatmulShar_5_we0            |  out|    1|   ap_memory|       transformer_layer_scheduler_stream_stream_MatmulShardWeights_const_MatmulShar_5|         array|
|transformer_layer_scheduler_stream_stream_MatmulShardWeights_const_MatmulShar_5_d0             |  out|   32|   ap_memory|       transformer_layer_scheduler_stream_stream_MatmulShardWeights_const_MatmulShar_5|         array|
|transformer_layer_scheduler_stream_stream_MatmulShardWeights_const_MatmulShar_5_address1       |  out|    7|   ap_memory|       transformer_layer_scheduler_stream_stream_MatmulShardWeights_const_MatmulShar_5|         array|
|transformer_layer_scheduler_stream_stream_MatmulShardWeights_const_MatmulShar_5_ce1            |  out|    1|   ap_memory|       transformer_layer_scheduler_stream_stream_MatmulShardWeights_const_MatmulShar_5|         array|
|transformer_layer_scheduler_stream_stream_MatmulShardWeights_const_MatmulShar_5_q1             |   in|   32|   ap_memory|       transformer_layer_scheduler_stream_stream_MatmulShardWeights_const_MatmulShar_5|         array|
|transformer_layer_scheduler_stream_stream_MatmulShardWeights_const_MatmulShar_4_address0       |  out|    7|   ap_memory|       transformer_layer_scheduler_stream_stream_MatmulShardWeights_const_MatmulShar_4|         array|
|transformer_layer_scheduler_stream_stream_MatmulShardWeights_const_MatmulShar_4_ce0            |  out|    1|   ap_memory|       transformer_layer_scheduler_stream_stream_MatmulShardWeights_const_MatmulShar_4|         array|
|transformer_layer_scheduler_stream_stream_MatmulShardWeights_const_MatmulShar_4_we0            |  out|    1|   ap_memory|       transformer_layer_scheduler_stream_stream_MatmulShardWeights_const_MatmulShar_4|         array|
|transformer_layer_scheduler_stream_stream_MatmulShardWeights_const_MatmulShar_4_d0             |  out|   32|   ap_memory|       transformer_layer_scheduler_stream_stream_MatmulShardWeights_const_MatmulShar_4|         array|
|transformer_layer_scheduler_stream_stream_MatmulShardWeights_const_MatmulShar_4_address1       |  out|    7|   ap_memory|       transformer_layer_scheduler_stream_stream_MatmulShardWeights_const_MatmulShar_4|         array|
|transformer_layer_scheduler_stream_stream_MatmulShardWeights_const_MatmulShar_4_ce1            |  out|    1|   ap_memory|       transformer_layer_scheduler_stream_stream_MatmulShardWeights_const_MatmulShar_4|         array|
|transformer_layer_scheduler_stream_stream_MatmulShardWeights_const_MatmulShar_4_q1             |   in|   32|   ap_memory|       transformer_layer_scheduler_stream_stream_MatmulShardWeights_const_MatmulShar_4|         array|
|transformer_layer_scheduler_stream_stream_MatmulShardWeights_const_MatmulShar_3_address0       |  out|    7|   ap_memory|       transformer_layer_scheduler_stream_stream_MatmulShardWeights_const_MatmulShar_3|         array|
|transformer_layer_scheduler_stream_stream_MatmulShardWeights_const_MatmulShar_3_ce0            |  out|    1|   ap_memory|       transformer_layer_scheduler_stream_stream_MatmulShardWeights_const_MatmulShar_3|         array|
|transformer_layer_scheduler_stream_stream_MatmulShardWeights_const_MatmulShar_3_we0            |  out|    1|   ap_memory|       transformer_layer_scheduler_stream_stream_MatmulShardWeights_const_MatmulShar_3|         array|
|transformer_layer_scheduler_stream_stream_MatmulShardWeights_const_MatmulShar_3_d0             |  out|   32|   ap_memory|       transformer_layer_scheduler_stream_stream_MatmulShardWeights_const_MatmulShar_3|         array|
|transformer_layer_scheduler_stream_stream_MatmulShardWeights_const_MatmulShar_3_address1       |  out|    7|   ap_memory|       transformer_layer_scheduler_stream_stream_MatmulShardWeights_const_MatmulShar_3|         array|
|transformer_layer_scheduler_stream_stream_MatmulShardWeights_const_MatmulShar_3_ce1            |  out|    1|   ap_memory|       transformer_layer_scheduler_stream_stream_MatmulShardWeights_const_MatmulShar_3|         array|
|transformer_layer_scheduler_stream_stream_MatmulShardWeights_const_MatmulShar_3_q1             |   in|   32|   ap_memory|       transformer_layer_scheduler_stream_stream_MatmulShardWeights_const_MatmulShar_3|         array|
|transformer_layer_scheduler_stream_stream_MatmulShardWeights_const_MatmulShar_2_address0       |  out|    7|   ap_memory|       transformer_layer_scheduler_stream_stream_MatmulShardWeights_const_MatmulShar_2|         array|
|transformer_layer_scheduler_stream_stream_MatmulShardWeights_const_MatmulShar_2_ce0            |  out|    1|   ap_memory|       transformer_layer_scheduler_stream_stream_MatmulShardWeights_const_MatmulShar_2|         array|
|transformer_layer_scheduler_stream_stream_MatmulShardWeights_const_MatmulShar_2_we0            |  out|    1|   ap_memory|       transformer_layer_scheduler_stream_stream_MatmulShardWeights_const_MatmulShar_2|         array|
|transformer_layer_scheduler_stream_stream_MatmulShardWeights_const_MatmulShar_2_d0             |  out|   32|   ap_memory|       transformer_layer_scheduler_stream_stream_MatmulShardWeights_const_MatmulShar_2|         array|
|transformer_layer_scheduler_stream_stream_MatmulShardWeights_const_MatmulShar_2_address1       |  out|    7|   ap_memory|       transformer_layer_scheduler_stream_stream_MatmulShardWeights_const_MatmulShar_2|         array|
|transformer_layer_scheduler_stream_stream_MatmulShardWeights_const_MatmulShar_2_ce1            |  out|    1|   ap_memory|       transformer_layer_scheduler_stream_stream_MatmulShardWeights_const_MatmulShar_2|         array|
|transformer_layer_scheduler_stream_stream_MatmulShardWeights_const_MatmulShar_2_q1             |   in|   32|   ap_memory|       transformer_layer_scheduler_stream_stream_MatmulShardWeights_const_MatmulShar_2|         array|
|transformer_layer_scheduler_stream_stream_MatmulShardWeights_const_MatmulShar_1_address0       |  out|    7|   ap_memory|       transformer_layer_scheduler_stream_stream_MatmulShardWeights_const_MatmulShar_1|         array|
|transformer_layer_scheduler_stream_stream_MatmulShardWeights_const_MatmulShar_1_ce0            |  out|    1|   ap_memory|       transformer_layer_scheduler_stream_stream_MatmulShardWeights_const_MatmulShar_1|         array|
|transformer_layer_scheduler_stream_stream_MatmulShardWeights_const_MatmulShar_1_we0            |  out|    1|   ap_memory|       transformer_layer_scheduler_stream_stream_MatmulShardWeights_const_MatmulShar_1|         array|
|transformer_layer_scheduler_stream_stream_MatmulShardWeights_const_MatmulShar_1_d0             |  out|   32|   ap_memory|       transformer_layer_scheduler_stream_stream_MatmulShardWeights_const_MatmulShar_1|         array|
|transformer_layer_scheduler_stream_stream_MatmulShardWeights_const_MatmulShar_1_address1       |  out|    7|   ap_memory|       transformer_layer_scheduler_stream_stream_MatmulShardWeights_const_MatmulShar_1|         array|
|transformer_layer_scheduler_stream_stream_MatmulShardWeights_const_MatmulShar_1_ce1            |  out|    1|   ap_memory|       transformer_layer_scheduler_stream_stream_MatmulShardWeights_const_MatmulShar_1|         array|
|transformer_layer_scheduler_stream_stream_MatmulShardWeights_const_MatmulShar_1_q1             |   in|   32|   ap_memory|       transformer_layer_scheduler_stream_stream_MatmulShardWeights_const_MatmulShar_1|         array|
|transformer_layer_scheduler_stream_stream_MatmulShardWeights_const_MatmulShar_address0         |  out|    7|   ap_memory|         transformer_layer_scheduler_stream_stream_MatmulShardWeights_const_MatmulShar|         array|
|transformer_layer_scheduler_stream_stream_MatmulShardWeights_const_MatmulShar_ce0              |  out|    1|   ap_memory|         transformer_layer_scheduler_stream_stream_MatmulShardWeights_const_MatmulShar|         array|
|transformer_layer_scheduler_stream_stream_MatmulShardWeights_const_MatmulShar_we0              |  out|    1|   ap_memory|         transformer_layer_scheduler_stream_stream_MatmulShardWeights_const_MatmulShar|         array|
|transformer_layer_scheduler_stream_stream_MatmulShardWeights_const_MatmulShar_d0               |  out|   32|   ap_memory|         transformer_layer_scheduler_stream_stream_MatmulShardWeights_const_MatmulShar|         array|
|transformer_layer_scheduler_stream_stream_MatmulShardWeights_const_MatmulShar_address1         |  out|    7|   ap_memory|         transformer_layer_scheduler_stream_stream_MatmulShardWeights_const_MatmulShar|         array|
|transformer_layer_scheduler_stream_stream_MatmulShardWeights_const_MatmulShar_ce1              |  out|    1|   ap_memory|         transformer_layer_scheduler_stream_stream_MatmulShardWeights_const_MatmulShar|         array|
|transformer_layer_scheduler_stream_stream_MatmulShardWeights_const_MatmulShar_q1               |   in|   32|   ap_memory|         transformer_layer_scheduler_stream_stream_MatmulShardWeights_const_MatmulShar|         array|
|transformer_layer_scheduler_stream_stream_MatmulShardWeights_const_MatmulShar_8_address0       |  out|    7|   ap_memory|       transformer_layer_scheduler_stream_stream_MatmulShardWeights_const_MatmulShar_8|         array|
|transformer_layer_scheduler_stream_stream_MatmulShardWeights_const_MatmulShar_8_ce0            |  out|    1|   ap_memory|       transformer_layer_scheduler_stream_stream_MatmulShardWeights_const_MatmulShar_8|         array|
|transformer_layer_scheduler_stream_stream_MatmulShardWeights_const_MatmulShar_8_we0            |  out|    1|   ap_memory|       transformer_layer_scheduler_stream_stream_MatmulShardWeights_const_MatmulShar_8|         array|
|transformer_layer_scheduler_stream_stream_MatmulShardWeights_const_MatmulShar_8_d0             |  out|   32|   ap_memory|       transformer_layer_scheduler_stream_stream_MatmulShardWeights_const_MatmulShar_8|         array|
|transformer_layer_scheduler_stream_stream_MatmulShardWeights_const_MatmulShar_8_address1       |  out|    7|   ap_memory|       transformer_layer_scheduler_stream_stream_MatmulShardWeights_const_MatmulShar_8|         array|
|transformer_layer_scheduler_stream_stream_MatmulShardWeights_const_MatmulShar_8_ce1            |  out|    1|   ap_memory|       transformer_layer_scheduler_stream_stream_MatmulShardWeights_const_MatmulShar_8|         array|
|transformer_layer_scheduler_stream_stream_MatmulShardWeights_const_MatmulShar_8_q1             |   in|   32|   ap_memory|       transformer_layer_scheduler_stream_stream_MatmulShardWeights_const_MatmulShar_8|         array|
|p_ZZL27transformer_layer_schedulerRN3hls6streamIfLi0EEES2_PK18MatmulShardWeightsI_21_address0  |  out|    7|   ap_memory|  p_ZZL27transformer_layer_schedulerRN3hls6streamIfLi0EEES2_PK18MatmulShardWeightsI_21|         array|
|p_ZZL27transformer_layer_schedulerRN3hls6streamIfLi0EEES2_PK18MatmulShardWeightsI_21_ce0       |  out|    1|   ap_memory|  p_ZZL27transformer_layer_schedulerRN3hls6streamIfLi0EEES2_PK18MatmulShardWeightsI_21|         array|
|p_ZZL27transformer_layer_schedulerRN3hls6streamIfLi0EEES2_PK18MatmulShardWeightsI_21_we0       |  out|    1|   ap_memory|  p_ZZL27transformer_layer_schedulerRN3hls6streamIfLi0EEES2_PK18MatmulShardWeightsI_21|         array|
|p_ZZL27transformer_layer_schedulerRN3hls6streamIfLi0EEES2_PK18MatmulShardWeightsI_21_d0        |  out|   32|   ap_memory|  p_ZZL27transformer_layer_schedulerRN3hls6streamIfLi0EEES2_PK18MatmulShardWeightsI_21|         array|
|p_ZZL27transformer_layer_schedulerRN3hls6streamIfLi0EEES2_PK18MatmulShardWeightsI_21_address1  |  out|    7|   ap_memory|  p_ZZL27transformer_layer_schedulerRN3hls6streamIfLi0EEES2_PK18MatmulShardWeightsI_21|         array|
|p_ZZL27transformer_layer_schedulerRN3hls6streamIfLi0EEES2_PK18MatmulShardWeightsI_21_ce1       |  out|    1|   ap_memory|  p_ZZL27transformer_layer_schedulerRN3hls6streamIfLi0EEES2_PK18MatmulShardWeightsI_21|         array|
|p_ZZL27transformer_layer_schedulerRN3hls6streamIfLi0EEES2_PK18MatmulShardWeightsI_21_q1        |   in|   32|   ap_memory|  p_ZZL27transformer_layer_schedulerRN3hls6streamIfLi0EEES2_PK18MatmulShardWeightsI_21|         array|
|p_ZZL27transformer_layer_schedulerRN3hls6streamIfLi0EEES2_PK18MatmulShardWeightsI_20_address0  |  out|    7|   ap_memory|  p_ZZL27transformer_layer_schedulerRN3hls6streamIfLi0EEES2_PK18MatmulShardWeightsI_20|         array|
|p_ZZL27transformer_layer_schedulerRN3hls6streamIfLi0EEES2_PK18MatmulShardWeightsI_20_ce0       |  out|    1|   ap_memory|  p_ZZL27transformer_layer_schedulerRN3hls6streamIfLi0EEES2_PK18MatmulShardWeightsI_20|         array|
|p_ZZL27transformer_layer_schedulerRN3hls6streamIfLi0EEES2_PK18MatmulShardWeightsI_20_we0       |  out|    1|   ap_memory|  p_ZZL27transformer_layer_schedulerRN3hls6streamIfLi0EEES2_PK18MatmulShardWeightsI_20|         array|
|p_ZZL27transformer_layer_schedulerRN3hls6streamIfLi0EEES2_PK18MatmulShardWeightsI_20_d0        |  out|   32|   ap_memory|  p_ZZL27transformer_layer_schedulerRN3hls6streamIfLi0EEES2_PK18MatmulShardWeightsI_20|         array|
|p_ZZL27transformer_layer_schedulerRN3hls6streamIfLi0EEES2_PK18MatmulShardWeightsI_20_address1  |  out|    7|   ap_memory|  p_ZZL27transformer_layer_schedulerRN3hls6streamIfLi0EEES2_PK18MatmulShardWeightsI_20|         array|
|p_ZZL27transformer_layer_schedulerRN3hls6streamIfLi0EEES2_PK18MatmulShardWeightsI_20_ce1       |  out|    1|   ap_memory|  p_ZZL27transformer_layer_schedulerRN3hls6streamIfLi0EEES2_PK18MatmulShardWeightsI_20|         array|
|p_ZZL27transformer_layer_schedulerRN3hls6streamIfLi0EEES2_PK18MatmulShardWeightsI_20_q1        |   in|   32|   ap_memory|  p_ZZL27transformer_layer_schedulerRN3hls6streamIfLi0EEES2_PK18MatmulShardWeightsI_20|         array|
|p_ZZL27transformer_layer_schedulerRN3hls6streamIfLi0EEES2_PK18MatmulShardWeightsI_19_address0  |  out|    7|   ap_memory|  p_ZZL27transformer_layer_schedulerRN3hls6streamIfLi0EEES2_PK18MatmulShardWeightsI_19|         array|
|p_ZZL27transformer_layer_schedulerRN3hls6streamIfLi0EEES2_PK18MatmulShardWeightsI_19_ce0       |  out|    1|   ap_memory|  p_ZZL27transformer_layer_schedulerRN3hls6streamIfLi0EEES2_PK18MatmulShardWeightsI_19|         array|
|p_ZZL27transformer_layer_schedulerRN3hls6streamIfLi0EEES2_PK18MatmulShardWeightsI_19_we0       |  out|    1|   ap_memory|  p_ZZL27transformer_layer_schedulerRN3hls6streamIfLi0EEES2_PK18MatmulShardWeightsI_19|         array|
|p_ZZL27transformer_layer_schedulerRN3hls6streamIfLi0EEES2_PK18MatmulShardWeightsI_19_d0        |  out|   32|   ap_memory|  p_ZZL27transformer_layer_schedulerRN3hls6streamIfLi0EEES2_PK18MatmulShardWeightsI_19|         array|
|p_ZZL27transformer_layer_schedulerRN3hls6streamIfLi0EEES2_PK18MatmulShardWeightsI_19_address1  |  out|    7|   ap_memory|  p_ZZL27transformer_layer_schedulerRN3hls6streamIfLi0EEES2_PK18MatmulShardWeightsI_19|         array|
|p_ZZL27transformer_layer_schedulerRN3hls6streamIfLi0EEES2_PK18MatmulShardWeightsI_19_ce1       |  out|    1|   ap_memory|  p_ZZL27transformer_layer_schedulerRN3hls6streamIfLi0EEES2_PK18MatmulShardWeightsI_19|         array|
|p_ZZL27transformer_layer_schedulerRN3hls6streamIfLi0EEES2_PK18MatmulShardWeightsI_19_q1        |   in|   32|   ap_memory|  p_ZZL27transformer_layer_schedulerRN3hls6streamIfLi0EEES2_PK18MatmulShardWeightsI_19|         array|
|p_ZZL27transformer_layer_schedulerRN3hls6streamIfLi0EEES2_PK18MatmulShardWeightsI_18_address0  |  out|    7|   ap_memory|  p_ZZL27transformer_layer_schedulerRN3hls6streamIfLi0EEES2_PK18MatmulShardWeightsI_18|         array|
|p_ZZL27transformer_layer_schedulerRN3hls6streamIfLi0EEES2_PK18MatmulShardWeightsI_18_ce0       |  out|    1|   ap_memory|  p_ZZL27transformer_layer_schedulerRN3hls6streamIfLi0EEES2_PK18MatmulShardWeightsI_18|         array|
|p_ZZL27transformer_layer_schedulerRN3hls6streamIfLi0EEES2_PK18MatmulShardWeightsI_18_we0       |  out|    1|   ap_memory|  p_ZZL27transformer_layer_schedulerRN3hls6streamIfLi0EEES2_PK18MatmulShardWeightsI_18|         array|
|p_ZZL27transformer_layer_schedulerRN3hls6streamIfLi0EEES2_PK18MatmulShardWeightsI_18_d0        |  out|   32|   ap_memory|  p_ZZL27transformer_layer_schedulerRN3hls6streamIfLi0EEES2_PK18MatmulShardWeightsI_18|         array|
|p_ZZL27transformer_layer_schedulerRN3hls6streamIfLi0EEES2_PK18MatmulShardWeightsI_18_address1  |  out|    7|   ap_memory|  p_ZZL27transformer_layer_schedulerRN3hls6streamIfLi0EEES2_PK18MatmulShardWeightsI_18|         array|
|p_ZZL27transformer_layer_schedulerRN3hls6streamIfLi0EEES2_PK18MatmulShardWeightsI_18_ce1       |  out|    1|   ap_memory|  p_ZZL27transformer_layer_schedulerRN3hls6streamIfLi0EEES2_PK18MatmulShardWeightsI_18|         array|
|p_ZZL27transformer_layer_schedulerRN3hls6streamIfLi0EEES2_PK18MatmulShardWeightsI_18_q1        |   in|   32|   ap_memory|  p_ZZL27transformer_layer_schedulerRN3hls6streamIfLi0EEES2_PK18MatmulShardWeightsI_18|         array|
|p_ZZL27transformer_layer_schedulerRN3hls6streamIfLi0EEES2_PK18MatmulShardWeightsI_17_address0  |  out|    7|   ap_memory|  p_ZZL27transformer_layer_schedulerRN3hls6streamIfLi0EEES2_PK18MatmulShardWeightsI_17|         array|
|p_ZZL27transformer_layer_schedulerRN3hls6streamIfLi0EEES2_PK18MatmulShardWeightsI_17_ce0       |  out|    1|   ap_memory|  p_ZZL27transformer_layer_schedulerRN3hls6streamIfLi0EEES2_PK18MatmulShardWeightsI_17|         array|
|p_ZZL27transformer_layer_schedulerRN3hls6streamIfLi0EEES2_PK18MatmulShardWeightsI_17_we0       |  out|    1|   ap_memory|  p_ZZL27transformer_layer_schedulerRN3hls6streamIfLi0EEES2_PK18MatmulShardWeightsI_17|         array|
|p_ZZL27transformer_layer_schedulerRN3hls6streamIfLi0EEES2_PK18MatmulShardWeightsI_17_d0        |  out|   32|   ap_memory|  p_ZZL27transformer_layer_schedulerRN3hls6streamIfLi0EEES2_PK18MatmulShardWeightsI_17|         array|
|p_ZZL27transformer_layer_schedulerRN3hls6streamIfLi0EEES2_PK18MatmulShardWeightsI_17_address1  |  out|    7|   ap_memory|  p_ZZL27transformer_layer_schedulerRN3hls6streamIfLi0EEES2_PK18MatmulShardWeightsI_17|         array|
|p_ZZL27transformer_layer_schedulerRN3hls6streamIfLi0EEES2_PK18MatmulShardWeightsI_17_ce1       |  out|    1|   ap_memory|  p_ZZL27transformer_layer_schedulerRN3hls6streamIfLi0EEES2_PK18MatmulShardWeightsI_17|         array|
|p_ZZL27transformer_layer_schedulerRN3hls6streamIfLi0EEES2_PK18MatmulShardWeightsI_17_q1        |   in|   32|   ap_memory|  p_ZZL27transformer_layer_schedulerRN3hls6streamIfLi0EEES2_PK18MatmulShardWeightsI_17|         array|
|p_ZZL27transformer_layer_schedulerRN3hls6streamIfLi0EEES2_PK18MatmulShardWeightsI_16_address0  |  out|    7|   ap_memory|  p_ZZL27transformer_layer_schedulerRN3hls6streamIfLi0EEES2_PK18MatmulShardWeightsI_16|         array|
|p_ZZL27transformer_layer_schedulerRN3hls6streamIfLi0EEES2_PK18MatmulShardWeightsI_16_ce0       |  out|    1|   ap_memory|  p_ZZL27transformer_layer_schedulerRN3hls6streamIfLi0EEES2_PK18MatmulShardWeightsI_16|         array|
|p_ZZL27transformer_layer_schedulerRN3hls6streamIfLi0EEES2_PK18MatmulShardWeightsI_16_we0       |  out|    1|   ap_memory|  p_ZZL27transformer_layer_schedulerRN3hls6streamIfLi0EEES2_PK18MatmulShardWeightsI_16|         array|
|p_ZZL27transformer_layer_schedulerRN3hls6streamIfLi0EEES2_PK18MatmulShardWeightsI_16_d0        |  out|   32|   ap_memory|  p_ZZL27transformer_layer_schedulerRN3hls6streamIfLi0EEES2_PK18MatmulShardWeightsI_16|         array|
|p_ZZL27transformer_layer_schedulerRN3hls6streamIfLi0EEES2_PK18MatmulShardWeightsI_16_address1  |  out|    7|   ap_memory|  p_ZZL27transformer_layer_schedulerRN3hls6streamIfLi0EEES2_PK18MatmulShardWeightsI_16|         array|
|p_ZZL27transformer_layer_schedulerRN3hls6streamIfLi0EEES2_PK18MatmulShardWeightsI_16_ce1       |  out|    1|   ap_memory|  p_ZZL27transformer_layer_schedulerRN3hls6streamIfLi0EEES2_PK18MatmulShardWeightsI_16|         array|
|p_ZZL27transformer_layer_schedulerRN3hls6streamIfLi0EEES2_PK18MatmulShardWeightsI_16_q1        |   in|   32|   ap_memory|  p_ZZL27transformer_layer_schedulerRN3hls6streamIfLi0EEES2_PK18MatmulShardWeightsI_16|         array|
|p_ZZL27transformer_layer_schedulerRN3hls6streamIfLi0EEES2_PK18MatmulShardWeightsI_15_address0  |  out|    7|   ap_memory|  p_ZZL27transformer_layer_schedulerRN3hls6streamIfLi0EEES2_PK18MatmulShardWeightsI_15|         array|
|p_ZZL27transformer_layer_schedulerRN3hls6streamIfLi0EEES2_PK18MatmulShardWeightsI_15_ce0       |  out|    1|   ap_memory|  p_ZZL27transformer_layer_schedulerRN3hls6streamIfLi0EEES2_PK18MatmulShardWeightsI_15|         array|
|p_ZZL27transformer_layer_schedulerRN3hls6streamIfLi0EEES2_PK18MatmulShardWeightsI_15_we0       |  out|    1|   ap_memory|  p_ZZL27transformer_layer_schedulerRN3hls6streamIfLi0EEES2_PK18MatmulShardWeightsI_15|         array|
|p_ZZL27transformer_layer_schedulerRN3hls6streamIfLi0EEES2_PK18MatmulShardWeightsI_15_d0        |  out|   32|   ap_memory|  p_ZZL27transformer_layer_schedulerRN3hls6streamIfLi0EEES2_PK18MatmulShardWeightsI_15|         array|
|p_ZZL27transformer_layer_schedulerRN3hls6streamIfLi0EEES2_PK18MatmulShardWeightsI_15_address1  |  out|    7|   ap_memory|  p_ZZL27transformer_layer_schedulerRN3hls6streamIfLi0EEES2_PK18MatmulShardWeightsI_15|         array|
|p_ZZL27transformer_layer_schedulerRN3hls6streamIfLi0EEES2_PK18MatmulShardWeightsI_15_ce1       |  out|    1|   ap_memory|  p_ZZL27transformer_layer_schedulerRN3hls6streamIfLi0EEES2_PK18MatmulShardWeightsI_15|         array|
|p_ZZL27transformer_layer_schedulerRN3hls6streamIfLi0EEES2_PK18MatmulShardWeightsI_15_q1        |   in|   32|   ap_memory|  p_ZZL27transformer_layer_schedulerRN3hls6streamIfLi0EEES2_PK18MatmulShardWeightsI_15|         array|
|p_ZZL27transformer_layer_schedulerRN3hls6streamIfLi0EEES2_PK18MatmulShardWeightsI_14_address0  |  out|    7|   ap_memory|  p_ZZL27transformer_layer_schedulerRN3hls6streamIfLi0EEES2_PK18MatmulShardWeightsI_14|         array|
|p_ZZL27transformer_layer_schedulerRN3hls6streamIfLi0EEES2_PK18MatmulShardWeightsI_14_ce0       |  out|    1|   ap_memory|  p_ZZL27transformer_layer_schedulerRN3hls6streamIfLi0EEES2_PK18MatmulShardWeightsI_14|         array|
|p_ZZL27transformer_layer_schedulerRN3hls6streamIfLi0EEES2_PK18MatmulShardWeightsI_14_we0       |  out|    1|   ap_memory|  p_ZZL27transformer_layer_schedulerRN3hls6streamIfLi0EEES2_PK18MatmulShardWeightsI_14|         array|
|p_ZZL27transformer_layer_schedulerRN3hls6streamIfLi0EEES2_PK18MatmulShardWeightsI_14_d0        |  out|   32|   ap_memory|  p_ZZL27transformer_layer_schedulerRN3hls6streamIfLi0EEES2_PK18MatmulShardWeightsI_14|         array|
|p_ZZL27transformer_layer_schedulerRN3hls6streamIfLi0EEES2_PK18MatmulShardWeightsI_14_address1  |  out|    7|   ap_memory|  p_ZZL27transformer_layer_schedulerRN3hls6streamIfLi0EEES2_PK18MatmulShardWeightsI_14|         array|
|p_ZZL27transformer_layer_schedulerRN3hls6streamIfLi0EEES2_PK18MatmulShardWeightsI_14_ce1       |  out|    1|   ap_memory|  p_ZZL27transformer_layer_schedulerRN3hls6streamIfLi0EEES2_PK18MatmulShardWeightsI_14|         array|
|p_ZZL27transformer_layer_schedulerRN3hls6streamIfLi0EEES2_PK18MatmulShardWeightsI_14_q1        |   in|   32|   ap_memory|  p_ZZL27transformer_layer_schedulerRN3hls6streamIfLi0EEES2_PK18MatmulShardWeightsI_14|         array|
|p_ZZL27transformer_layer_schedulerRN3hls6streamIfLi0EEES2_PK18MatmulShardWeightsI_13_address0  |  out|    7|   ap_memory|  p_ZZL27transformer_layer_schedulerRN3hls6streamIfLi0EEES2_PK18MatmulShardWeightsI_13|         array|
|p_ZZL27transformer_layer_schedulerRN3hls6streamIfLi0EEES2_PK18MatmulShardWeightsI_13_ce0       |  out|    1|   ap_memory|  p_ZZL27transformer_layer_schedulerRN3hls6streamIfLi0EEES2_PK18MatmulShardWeightsI_13|         array|
|p_ZZL27transformer_layer_schedulerRN3hls6streamIfLi0EEES2_PK18MatmulShardWeightsI_13_we0       |  out|    1|   ap_memory|  p_ZZL27transformer_layer_schedulerRN3hls6streamIfLi0EEES2_PK18MatmulShardWeightsI_13|         array|
|p_ZZL27transformer_layer_schedulerRN3hls6streamIfLi0EEES2_PK18MatmulShardWeightsI_13_d0        |  out|   32|   ap_memory|  p_ZZL27transformer_layer_schedulerRN3hls6streamIfLi0EEES2_PK18MatmulShardWeightsI_13|         array|
|p_ZZL27transformer_layer_schedulerRN3hls6streamIfLi0EEES2_PK18MatmulShardWeightsI_13_address1  |  out|    7|   ap_memory|  p_ZZL27transformer_layer_schedulerRN3hls6streamIfLi0EEES2_PK18MatmulShardWeightsI_13|         array|
|p_ZZL27transformer_layer_schedulerRN3hls6streamIfLi0EEES2_PK18MatmulShardWeightsI_13_ce1       |  out|    1|   ap_memory|  p_ZZL27transformer_layer_schedulerRN3hls6streamIfLi0EEES2_PK18MatmulShardWeightsI_13|         array|
|p_ZZL27transformer_layer_schedulerRN3hls6streamIfLi0EEES2_PK18MatmulShardWeightsI_13_q1        |   in|   32|   ap_memory|  p_ZZL27transformer_layer_schedulerRN3hls6streamIfLi0EEES2_PK18MatmulShardWeightsI_13|         array|
|p_ZZL27transformer_layer_schedulerRN3hls6streamIfLi0EEES2_PK18MatmulShardWeightsI_12_address0  |  out|    7|   ap_memory|  p_ZZL27transformer_layer_schedulerRN3hls6streamIfLi0EEES2_PK18MatmulShardWeightsI_12|         array|
|p_ZZL27transformer_layer_schedulerRN3hls6streamIfLi0EEES2_PK18MatmulShardWeightsI_12_ce0       |  out|    1|   ap_memory|  p_ZZL27transformer_layer_schedulerRN3hls6streamIfLi0EEES2_PK18MatmulShardWeightsI_12|         array|
|p_ZZL27transformer_layer_schedulerRN3hls6streamIfLi0EEES2_PK18MatmulShardWeightsI_12_we0       |  out|    1|   ap_memory|  p_ZZL27transformer_layer_schedulerRN3hls6streamIfLi0EEES2_PK18MatmulShardWeightsI_12|         array|
|p_ZZL27transformer_layer_schedulerRN3hls6streamIfLi0EEES2_PK18MatmulShardWeightsI_12_d0        |  out|   32|   ap_memory|  p_ZZL27transformer_layer_schedulerRN3hls6streamIfLi0EEES2_PK18MatmulShardWeightsI_12|         array|
|p_ZZL27transformer_layer_schedulerRN3hls6streamIfLi0EEES2_PK18MatmulShardWeightsI_12_address1  |  out|    7|   ap_memory|  p_ZZL27transformer_layer_schedulerRN3hls6streamIfLi0EEES2_PK18MatmulShardWeightsI_12|         array|
|p_ZZL27transformer_layer_schedulerRN3hls6streamIfLi0EEES2_PK18MatmulShardWeightsI_12_ce1       |  out|    1|   ap_memory|  p_ZZL27transformer_layer_schedulerRN3hls6streamIfLi0EEES2_PK18MatmulShardWeightsI_12|         array|
|p_ZZL27transformer_layer_schedulerRN3hls6streamIfLi0EEES2_PK18MatmulShardWeightsI_12_q1        |   in|   32|   ap_memory|  p_ZZL27transformer_layer_schedulerRN3hls6streamIfLi0EEES2_PK18MatmulShardWeightsI_12|         array|
|p_ZZL27transformer_layer_schedulerRN3hls6streamIfLi0EEES2_PK18MatmulShardWeightsI_11_address0  |  out|    7|   ap_memory|  p_ZZL27transformer_layer_schedulerRN3hls6streamIfLi0EEES2_PK18MatmulShardWeightsI_11|         array|
|p_ZZL27transformer_layer_schedulerRN3hls6streamIfLi0EEES2_PK18MatmulShardWeightsI_11_ce0       |  out|    1|   ap_memory|  p_ZZL27transformer_layer_schedulerRN3hls6streamIfLi0EEES2_PK18MatmulShardWeightsI_11|         array|
|p_ZZL27transformer_layer_schedulerRN3hls6streamIfLi0EEES2_PK18MatmulShardWeightsI_11_we0       |  out|    1|   ap_memory|  p_ZZL27transformer_layer_schedulerRN3hls6streamIfLi0EEES2_PK18MatmulShardWeightsI_11|         array|
|p_ZZL27transformer_layer_schedulerRN3hls6streamIfLi0EEES2_PK18MatmulShardWeightsI_11_d0        |  out|   32|   ap_memory|  p_ZZL27transformer_layer_schedulerRN3hls6streamIfLi0EEES2_PK18MatmulShardWeightsI_11|         array|
|p_ZZL27transformer_layer_schedulerRN3hls6streamIfLi0EEES2_PK18MatmulShardWeightsI_11_address1  |  out|    7|   ap_memory|  p_ZZL27transformer_layer_schedulerRN3hls6streamIfLi0EEES2_PK18MatmulShardWeightsI_11|         array|
|p_ZZL27transformer_layer_schedulerRN3hls6streamIfLi0EEES2_PK18MatmulShardWeightsI_11_ce1       |  out|    1|   ap_memory|  p_ZZL27transformer_layer_schedulerRN3hls6streamIfLi0EEES2_PK18MatmulShardWeightsI_11|         array|
|p_ZZL27transformer_layer_schedulerRN3hls6streamIfLi0EEES2_PK18MatmulShardWeightsI_11_q1        |   in|   32|   ap_memory|  p_ZZL27transformer_layer_schedulerRN3hls6streamIfLi0EEES2_PK18MatmulShardWeightsI_11|         array|
|p_ZZL27transformer_layer_schedulerRN3hls6streamIfLi0EEES2_PK18MatmulShardWeightsI_10_address0  |  out|    7|   ap_memory|  p_ZZL27transformer_layer_schedulerRN3hls6streamIfLi0EEES2_PK18MatmulShardWeightsI_10|         array|
|p_ZZL27transformer_layer_schedulerRN3hls6streamIfLi0EEES2_PK18MatmulShardWeightsI_10_ce0       |  out|    1|   ap_memory|  p_ZZL27transformer_layer_schedulerRN3hls6streamIfLi0EEES2_PK18MatmulShardWeightsI_10|         array|
|p_ZZL27transformer_layer_schedulerRN3hls6streamIfLi0EEES2_PK18MatmulShardWeightsI_10_we0       |  out|    1|   ap_memory|  p_ZZL27transformer_layer_schedulerRN3hls6streamIfLi0EEES2_PK18MatmulShardWeightsI_10|         array|
|p_ZZL27transformer_layer_schedulerRN3hls6streamIfLi0EEES2_PK18MatmulShardWeightsI_10_d0        |  out|   32|   ap_memory|  p_ZZL27transformer_layer_schedulerRN3hls6streamIfLi0EEES2_PK18MatmulShardWeightsI_10|         array|
|p_ZZL27transformer_layer_schedulerRN3hls6streamIfLi0EEES2_PK18MatmulShardWeightsI_10_address1  |  out|    7|   ap_memory|  p_ZZL27transformer_layer_schedulerRN3hls6streamIfLi0EEES2_PK18MatmulShardWeightsI_10|         array|
|p_ZZL27transformer_layer_schedulerRN3hls6streamIfLi0EEES2_PK18MatmulShardWeightsI_10_ce1       |  out|    1|   ap_memory|  p_ZZL27transformer_layer_schedulerRN3hls6streamIfLi0EEES2_PK18MatmulShardWeightsI_10|         array|
|p_ZZL27transformer_layer_schedulerRN3hls6streamIfLi0EEES2_PK18MatmulShardWeightsI_10_q1        |   in|   32|   ap_memory|  p_ZZL27transformer_layer_schedulerRN3hls6streamIfLi0EEES2_PK18MatmulShardWeightsI_10|         array|
|p_ZZL27transformer_layer_schedulerRN3hls6streamIfLi0EEES2_PK18MatmulShardWeightsI_9_address0   |  out|    7|   ap_memory|   p_ZZL27transformer_layer_schedulerRN3hls6streamIfLi0EEES2_PK18MatmulShardWeightsI_9|         array|
|p_ZZL27transformer_layer_schedulerRN3hls6streamIfLi0EEES2_PK18MatmulShardWeightsI_9_ce0        |  out|    1|   ap_memory|   p_ZZL27transformer_layer_schedulerRN3hls6streamIfLi0EEES2_PK18MatmulShardWeightsI_9|         array|
|p_ZZL27transformer_layer_schedulerRN3hls6streamIfLi0EEES2_PK18MatmulShardWeightsI_9_we0        |  out|    1|   ap_memory|   p_ZZL27transformer_layer_schedulerRN3hls6streamIfLi0EEES2_PK18MatmulShardWeightsI_9|         array|
|p_ZZL27transformer_layer_schedulerRN3hls6streamIfLi0EEES2_PK18MatmulShardWeightsI_9_d0         |  out|   32|   ap_memory|   p_ZZL27transformer_layer_schedulerRN3hls6streamIfLi0EEES2_PK18MatmulShardWeightsI_9|         array|
|p_ZZL27transformer_layer_schedulerRN3hls6streamIfLi0EEES2_PK18MatmulShardWeightsI_9_address1   |  out|    7|   ap_memory|   p_ZZL27transformer_layer_schedulerRN3hls6streamIfLi0EEES2_PK18MatmulShardWeightsI_9|         array|
|p_ZZL27transformer_layer_schedulerRN3hls6streamIfLi0EEES2_PK18MatmulShardWeightsI_9_ce1        |  out|    1|   ap_memory|   p_ZZL27transformer_layer_schedulerRN3hls6streamIfLi0EEES2_PK18MatmulShardWeightsI_9|         array|
|p_ZZL27transformer_layer_schedulerRN3hls6streamIfLi0EEES2_PK18MatmulShardWeightsI_9_q1         |   in|   32|   ap_memory|   p_ZZL27transformer_layer_schedulerRN3hls6streamIfLi0EEES2_PK18MatmulShardWeightsI_9|         array|
|p_ZZL27transformer_layer_schedulerRN3hls6streamIfLi0EEES2_PK18MatmulShardWeightsI_8_address0   |  out|    7|   ap_memory|   p_ZZL27transformer_layer_schedulerRN3hls6streamIfLi0EEES2_PK18MatmulShardWeightsI_8|         array|
|p_ZZL27transformer_layer_schedulerRN3hls6streamIfLi0EEES2_PK18MatmulShardWeightsI_8_ce0        |  out|    1|   ap_memory|   p_ZZL27transformer_layer_schedulerRN3hls6streamIfLi0EEES2_PK18MatmulShardWeightsI_8|         array|
|p_ZZL27transformer_layer_schedulerRN3hls6streamIfLi0EEES2_PK18MatmulShardWeightsI_8_we0        |  out|    1|   ap_memory|   p_ZZL27transformer_layer_schedulerRN3hls6streamIfLi0EEES2_PK18MatmulShardWeightsI_8|         array|
|p_ZZL27transformer_layer_schedulerRN3hls6streamIfLi0EEES2_PK18MatmulShardWeightsI_8_d0         |  out|   32|   ap_memory|   p_ZZL27transformer_layer_schedulerRN3hls6streamIfLi0EEES2_PK18MatmulShardWeightsI_8|         array|
|p_ZZL27transformer_layer_schedulerRN3hls6streamIfLi0EEES2_PK18MatmulShardWeightsI_8_address1   |  out|    7|   ap_memory|   p_ZZL27transformer_layer_schedulerRN3hls6streamIfLi0EEES2_PK18MatmulShardWeightsI_8|         array|
|p_ZZL27transformer_layer_schedulerRN3hls6streamIfLi0EEES2_PK18MatmulShardWeightsI_8_ce1        |  out|    1|   ap_memory|   p_ZZL27transformer_layer_schedulerRN3hls6streamIfLi0EEES2_PK18MatmulShardWeightsI_8|         array|
|p_ZZL27transformer_layer_schedulerRN3hls6streamIfLi0EEES2_PK18MatmulShardWeightsI_8_q1         |   in|   32|   ap_memory|   p_ZZL27transformer_layer_schedulerRN3hls6streamIfLi0EEES2_PK18MatmulShardWeightsI_8|         array|
|p_ZZL27transformer_layer_schedulerRN3hls6streamIfLi0EEES2_PK18MatmulShardWeightsI_7_address0   |  out|    7|   ap_memory|   p_ZZL27transformer_layer_schedulerRN3hls6streamIfLi0EEES2_PK18MatmulShardWeightsI_7|         array|
|p_ZZL27transformer_layer_schedulerRN3hls6streamIfLi0EEES2_PK18MatmulShardWeightsI_7_ce0        |  out|    1|   ap_memory|   p_ZZL27transformer_layer_schedulerRN3hls6streamIfLi0EEES2_PK18MatmulShardWeightsI_7|         array|
|p_ZZL27transformer_layer_schedulerRN3hls6streamIfLi0EEES2_PK18MatmulShardWeightsI_7_we0        |  out|    1|   ap_memory|   p_ZZL27transformer_layer_schedulerRN3hls6streamIfLi0EEES2_PK18MatmulShardWeightsI_7|         array|
|p_ZZL27transformer_layer_schedulerRN3hls6streamIfLi0EEES2_PK18MatmulShardWeightsI_7_d0         |  out|   32|   ap_memory|   p_ZZL27transformer_layer_schedulerRN3hls6streamIfLi0EEES2_PK18MatmulShardWeightsI_7|         array|
|p_ZZL27transformer_layer_schedulerRN3hls6streamIfLi0EEES2_PK18MatmulShardWeightsI_7_address1   |  out|    7|   ap_memory|   p_ZZL27transformer_layer_schedulerRN3hls6streamIfLi0EEES2_PK18MatmulShardWeightsI_7|         array|
|p_ZZL27transformer_layer_schedulerRN3hls6streamIfLi0EEES2_PK18MatmulShardWeightsI_7_ce1        |  out|    1|   ap_memory|   p_ZZL27transformer_layer_schedulerRN3hls6streamIfLi0EEES2_PK18MatmulShardWeightsI_7|         array|
|p_ZZL27transformer_layer_schedulerRN3hls6streamIfLi0EEES2_PK18MatmulShardWeightsI_7_q1         |   in|   32|   ap_memory|   p_ZZL27transformer_layer_schedulerRN3hls6streamIfLi0EEES2_PK18MatmulShardWeightsI_7|         array|
|p_ZZL27transformer_layer_schedulerRN3hls6streamIfLi0EEES2_PK18MatmulShardWeightsI_6_address0   |  out|    7|   ap_memory|   p_ZZL27transformer_layer_schedulerRN3hls6streamIfLi0EEES2_PK18MatmulShardWeightsI_6|         array|
|p_ZZL27transformer_layer_schedulerRN3hls6streamIfLi0EEES2_PK18MatmulShardWeightsI_6_ce0        |  out|    1|   ap_memory|   p_ZZL27transformer_layer_schedulerRN3hls6streamIfLi0EEES2_PK18MatmulShardWeightsI_6|         array|
|p_ZZL27transformer_layer_schedulerRN3hls6streamIfLi0EEES2_PK18MatmulShardWeightsI_6_we0        |  out|    1|   ap_memory|   p_ZZL27transformer_layer_schedulerRN3hls6streamIfLi0EEES2_PK18MatmulShardWeightsI_6|         array|
|p_ZZL27transformer_layer_schedulerRN3hls6streamIfLi0EEES2_PK18MatmulShardWeightsI_6_d0         |  out|   32|   ap_memory|   p_ZZL27transformer_layer_schedulerRN3hls6streamIfLi0EEES2_PK18MatmulShardWeightsI_6|         array|
|p_ZZL27transformer_layer_schedulerRN3hls6streamIfLi0EEES2_PK18MatmulShardWeightsI_6_address1   |  out|    7|   ap_memory|   p_ZZL27transformer_layer_schedulerRN3hls6streamIfLi0EEES2_PK18MatmulShardWeightsI_6|         array|
|p_ZZL27transformer_layer_schedulerRN3hls6streamIfLi0EEES2_PK18MatmulShardWeightsI_6_ce1        |  out|    1|   ap_memory|   p_ZZL27transformer_layer_schedulerRN3hls6streamIfLi0EEES2_PK18MatmulShardWeightsI_6|         array|
|p_ZZL27transformer_layer_schedulerRN3hls6streamIfLi0EEES2_PK18MatmulShardWeightsI_6_q1         |   in|   32|   ap_memory|   p_ZZL27transformer_layer_schedulerRN3hls6streamIfLi0EEES2_PK18MatmulShardWeightsI_6|         array|
|p_ZZL27transformer_layer_schedulerRN3hls6streamIfLi0EEES2_PK18MatmulShardWeightsI_5_address0   |  out|    7|   ap_memory|   p_ZZL27transformer_layer_schedulerRN3hls6streamIfLi0EEES2_PK18MatmulShardWeightsI_5|         array|
|p_ZZL27transformer_layer_schedulerRN3hls6streamIfLi0EEES2_PK18MatmulShardWeightsI_5_ce0        |  out|    1|   ap_memory|   p_ZZL27transformer_layer_schedulerRN3hls6streamIfLi0EEES2_PK18MatmulShardWeightsI_5|         array|
|p_ZZL27transformer_layer_schedulerRN3hls6streamIfLi0EEES2_PK18MatmulShardWeightsI_5_we0        |  out|    1|   ap_memory|   p_ZZL27transformer_layer_schedulerRN3hls6streamIfLi0EEES2_PK18MatmulShardWeightsI_5|         array|
|p_ZZL27transformer_layer_schedulerRN3hls6streamIfLi0EEES2_PK18MatmulShardWeightsI_5_d0         |  out|   32|   ap_memory|   p_ZZL27transformer_layer_schedulerRN3hls6streamIfLi0EEES2_PK18MatmulShardWeightsI_5|         array|
|p_ZZL27transformer_layer_schedulerRN3hls6streamIfLi0EEES2_PK18MatmulShardWeightsI_5_address1   |  out|    7|   ap_memory|   p_ZZL27transformer_layer_schedulerRN3hls6streamIfLi0EEES2_PK18MatmulShardWeightsI_5|         array|
|p_ZZL27transformer_layer_schedulerRN3hls6streamIfLi0EEES2_PK18MatmulShardWeightsI_5_ce1        |  out|    1|   ap_memory|   p_ZZL27transformer_layer_schedulerRN3hls6streamIfLi0EEES2_PK18MatmulShardWeightsI_5|         array|
|p_ZZL27transformer_layer_schedulerRN3hls6streamIfLi0EEES2_PK18MatmulShardWeightsI_5_q1         |   in|   32|   ap_memory|   p_ZZL27transformer_layer_schedulerRN3hls6streamIfLi0EEES2_PK18MatmulShardWeightsI_5|         array|
|p_ZZL27transformer_layer_schedulerRN3hls6streamIfLi0EEES2_PK18MatmulShardWeightsI_4_address0   |  out|    7|   ap_memory|   p_ZZL27transformer_layer_schedulerRN3hls6streamIfLi0EEES2_PK18MatmulShardWeightsI_4|         array|
|p_ZZL27transformer_layer_schedulerRN3hls6streamIfLi0EEES2_PK18MatmulShardWeightsI_4_ce0        |  out|    1|   ap_memory|   p_ZZL27transformer_layer_schedulerRN3hls6streamIfLi0EEES2_PK18MatmulShardWeightsI_4|         array|
|p_ZZL27transformer_layer_schedulerRN3hls6streamIfLi0EEES2_PK18MatmulShardWeightsI_4_we0        |  out|    1|   ap_memory|   p_ZZL27transformer_layer_schedulerRN3hls6streamIfLi0EEES2_PK18MatmulShardWeightsI_4|         array|
|p_ZZL27transformer_layer_schedulerRN3hls6streamIfLi0EEES2_PK18MatmulShardWeightsI_4_d0         |  out|   32|   ap_memory|   p_ZZL27transformer_layer_schedulerRN3hls6streamIfLi0EEES2_PK18MatmulShardWeightsI_4|         array|
|p_ZZL27transformer_layer_schedulerRN3hls6streamIfLi0EEES2_PK18MatmulShardWeightsI_4_address1   |  out|    7|   ap_memory|   p_ZZL27transformer_layer_schedulerRN3hls6streamIfLi0EEES2_PK18MatmulShardWeightsI_4|         array|
|p_ZZL27transformer_layer_schedulerRN3hls6streamIfLi0EEES2_PK18MatmulShardWeightsI_4_ce1        |  out|    1|   ap_memory|   p_ZZL27transformer_layer_schedulerRN3hls6streamIfLi0EEES2_PK18MatmulShardWeightsI_4|         array|
|p_ZZL27transformer_layer_schedulerRN3hls6streamIfLi0EEES2_PK18MatmulShardWeightsI_4_q1         |   in|   32|   ap_memory|   p_ZZL27transformer_layer_schedulerRN3hls6streamIfLi0EEES2_PK18MatmulShardWeightsI_4|         array|
|p_ZZL27transformer_layer_schedulerRN3hls6streamIfLi0EEES2_PK18MatmulShardWeightsI_3_address0   |  out|    7|   ap_memory|   p_ZZL27transformer_layer_schedulerRN3hls6streamIfLi0EEES2_PK18MatmulShardWeightsI_3|         array|
|p_ZZL27transformer_layer_schedulerRN3hls6streamIfLi0EEES2_PK18MatmulShardWeightsI_3_ce0        |  out|    1|   ap_memory|   p_ZZL27transformer_layer_schedulerRN3hls6streamIfLi0EEES2_PK18MatmulShardWeightsI_3|         array|
|p_ZZL27transformer_layer_schedulerRN3hls6streamIfLi0EEES2_PK18MatmulShardWeightsI_3_we0        |  out|    1|   ap_memory|   p_ZZL27transformer_layer_schedulerRN3hls6streamIfLi0EEES2_PK18MatmulShardWeightsI_3|         array|
|p_ZZL27transformer_layer_schedulerRN3hls6streamIfLi0EEES2_PK18MatmulShardWeightsI_3_d0         |  out|   32|   ap_memory|   p_ZZL27transformer_layer_schedulerRN3hls6streamIfLi0EEES2_PK18MatmulShardWeightsI_3|         array|
|p_ZZL27transformer_layer_schedulerRN3hls6streamIfLi0EEES2_PK18MatmulShardWeightsI_3_address1   |  out|    7|   ap_memory|   p_ZZL27transformer_layer_schedulerRN3hls6streamIfLi0EEES2_PK18MatmulShardWeightsI_3|         array|
|p_ZZL27transformer_layer_schedulerRN3hls6streamIfLi0EEES2_PK18MatmulShardWeightsI_3_ce1        |  out|    1|   ap_memory|   p_ZZL27transformer_layer_schedulerRN3hls6streamIfLi0EEES2_PK18MatmulShardWeightsI_3|         array|
|p_ZZL27transformer_layer_schedulerRN3hls6streamIfLi0EEES2_PK18MatmulShardWeightsI_3_q1         |   in|   32|   ap_memory|   p_ZZL27transformer_layer_schedulerRN3hls6streamIfLi0EEES2_PK18MatmulShardWeightsI_3|         array|
|p_ZZL27transformer_layer_schedulerRN3hls6streamIfLi0EEES2_PK18MatmulShardWeightsI_2_address0   |  out|    7|   ap_memory|   p_ZZL27transformer_layer_schedulerRN3hls6streamIfLi0EEES2_PK18MatmulShardWeightsI_2|         array|
|p_ZZL27transformer_layer_schedulerRN3hls6streamIfLi0EEES2_PK18MatmulShardWeightsI_2_ce0        |  out|    1|   ap_memory|   p_ZZL27transformer_layer_schedulerRN3hls6streamIfLi0EEES2_PK18MatmulShardWeightsI_2|         array|
|p_ZZL27transformer_layer_schedulerRN3hls6streamIfLi0EEES2_PK18MatmulShardWeightsI_2_we0        |  out|    1|   ap_memory|   p_ZZL27transformer_layer_schedulerRN3hls6streamIfLi0EEES2_PK18MatmulShardWeightsI_2|         array|
|p_ZZL27transformer_layer_schedulerRN3hls6streamIfLi0EEES2_PK18MatmulShardWeightsI_2_d0         |  out|   32|   ap_memory|   p_ZZL27transformer_layer_schedulerRN3hls6streamIfLi0EEES2_PK18MatmulShardWeightsI_2|         array|
|p_ZZL27transformer_layer_schedulerRN3hls6streamIfLi0EEES2_PK18MatmulShardWeightsI_2_address1   |  out|    7|   ap_memory|   p_ZZL27transformer_layer_schedulerRN3hls6streamIfLi0EEES2_PK18MatmulShardWeightsI_2|         array|
|p_ZZL27transformer_layer_schedulerRN3hls6streamIfLi0EEES2_PK18MatmulShardWeightsI_2_ce1        |  out|    1|   ap_memory|   p_ZZL27transformer_layer_schedulerRN3hls6streamIfLi0EEES2_PK18MatmulShardWeightsI_2|         array|
|p_ZZL27transformer_layer_schedulerRN3hls6streamIfLi0EEES2_PK18MatmulShardWeightsI_2_q1         |   in|   32|   ap_memory|   p_ZZL27transformer_layer_schedulerRN3hls6streamIfLi0EEES2_PK18MatmulShardWeightsI_2|         array|
|p_ZZL27transformer_layer_schedulerRN3hls6streamIfLi0EEES2_PK18MatmulShardWeightsI_1_address0   |  out|    7|   ap_memory|   p_ZZL27transformer_layer_schedulerRN3hls6streamIfLi0EEES2_PK18MatmulShardWeightsI_1|         array|
|p_ZZL27transformer_layer_schedulerRN3hls6streamIfLi0EEES2_PK18MatmulShardWeightsI_1_ce0        |  out|    1|   ap_memory|   p_ZZL27transformer_layer_schedulerRN3hls6streamIfLi0EEES2_PK18MatmulShardWeightsI_1|         array|
|p_ZZL27transformer_layer_schedulerRN3hls6streamIfLi0EEES2_PK18MatmulShardWeightsI_1_we0        |  out|    1|   ap_memory|   p_ZZL27transformer_layer_schedulerRN3hls6streamIfLi0EEES2_PK18MatmulShardWeightsI_1|         array|
|p_ZZL27transformer_layer_schedulerRN3hls6streamIfLi0EEES2_PK18MatmulShardWeightsI_1_d0         |  out|   32|   ap_memory|   p_ZZL27transformer_layer_schedulerRN3hls6streamIfLi0EEES2_PK18MatmulShardWeightsI_1|         array|
|p_ZZL27transformer_layer_schedulerRN3hls6streamIfLi0EEES2_PK18MatmulShardWeightsI_1_address1   |  out|    7|   ap_memory|   p_ZZL27transformer_layer_schedulerRN3hls6streamIfLi0EEES2_PK18MatmulShardWeightsI_1|         array|
|p_ZZL27transformer_layer_schedulerRN3hls6streamIfLi0EEES2_PK18MatmulShardWeightsI_1_ce1        |  out|    1|   ap_memory|   p_ZZL27transformer_layer_schedulerRN3hls6streamIfLi0EEES2_PK18MatmulShardWeightsI_1|         array|
|p_ZZL27transformer_layer_schedulerRN3hls6streamIfLi0EEES2_PK18MatmulShardWeightsI_1_q1         |   in|   32|   ap_memory|   p_ZZL27transformer_layer_schedulerRN3hls6streamIfLi0EEES2_PK18MatmulShardWeightsI_1|         array|
|p_ZZL27transformer_layer_schedulerRN3hls6streamIfLi0EEES2_PK18MatmulShardWeightsI_address0     |  out|    7|   ap_memory|     p_ZZL27transformer_layer_schedulerRN3hls6streamIfLi0EEES2_PK18MatmulShardWeightsI|         array|
|p_ZZL27transformer_layer_schedulerRN3hls6streamIfLi0EEES2_PK18MatmulShardWeightsI_ce0          |  out|    1|   ap_memory|     p_ZZL27transformer_layer_schedulerRN3hls6streamIfLi0EEES2_PK18MatmulShardWeightsI|         array|
|p_ZZL27transformer_layer_schedulerRN3hls6streamIfLi0EEES2_PK18MatmulShardWeightsI_we0          |  out|    1|   ap_memory|     p_ZZL27transformer_layer_schedulerRN3hls6streamIfLi0EEES2_PK18MatmulShardWeightsI|         array|
|p_ZZL27transformer_layer_schedulerRN3hls6streamIfLi0EEES2_PK18MatmulShardWeightsI_d0           |  out|   32|   ap_memory|     p_ZZL27transformer_layer_schedulerRN3hls6streamIfLi0EEES2_PK18MatmulShardWeightsI|         array|
|p_ZZL27transformer_layer_schedulerRN3hls6streamIfLi0EEES2_PK18MatmulShardWeightsI_address1     |  out|    7|   ap_memory|     p_ZZL27transformer_layer_schedulerRN3hls6streamIfLi0EEES2_PK18MatmulShardWeightsI|         array|
|p_ZZL27transformer_layer_schedulerRN3hls6streamIfLi0EEES2_PK18MatmulShardWeightsI_ce1          |  out|    1|   ap_memory|     p_ZZL27transformer_layer_schedulerRN3hls6streamIfLi0EEES2_PK18MatmulShardWeightsI|         array|
|p_ZZL27transformer_layer_schedulerRN3hls6streamIfLi0EEES2_PK18MatmulShardWeightsI_q1           |   in|   32|   ap_memory|     p_ZZL27transformer_layer_schedulerRN3hls6streamIfLi0EEES2_PK18MatmulShardWeightsI|         array|
+-----------------------------------------------------------------------------------------------+-----+-----+------------+--------------------------------------------------------------------------------------+--------------+

