Copyright 1986-2022 Xilinx, Inc. All Rights Reserved. Copyright 2022-2023 Advanced Micro Devices, Inc. All Rights Reserved.
----------------------------------------------------------------------------------------------------------------------------------------------------------------------------------
| Tool Version : Vivado v.2023.2 (lin64) Build 4029153 Fri Oct 13 20:13:54 MDT 2023
| Date         : Mon Mar 16 22:50:53 2026
| Host         : <REDACTED_HOST> running 64-bit Ubuntu 22.04.5 LTS
| Command      : report_accelerator_utilization -kernels { gemv_kernel:level0_i/ulp/gemv_kernel_1/inst:gemv_kernel_1} -file kernel_util_routed.rpt -name kernel_util_routed -json
| Design       : level0_wrapper
| Device       : xcu55c
| Design State : Routed
----------------------------------------------------------------------------------------------------------------------------------------------------------------------------------

Accelerator Utilization Design Information

Table of Contents
-----------------
1. System Utilization

1. System Utilization
---------------------

+---------------------+-------------------+------------------+-------------------+----------------+---------------+----------------+
| Name                | LUT               | LUTAsMem         | REG               | BRAM           | URAM          | DSP            |
+---------------------+-------------------+------------------+-------------------+----------------+---------------+----------------+
| Platform            |  131665 [ 10.10%] |  10111 [  1.68%] |  183964 [  7.06%] |  202 [ 10.02%] |   0 [  0.00%] |    4 [  0.04%] |
| User Budget         | 1172015 [100.00%] | 590849 [100.00%] | 2423396 [100.00%] | 1814 [100.00%] | 960 [100.00%] | 9020 [100.00%] |
|    Used Resources   |  387830 [ 33.09%] |  29781 [  5.04%] |  291324 [ 12.02%] |   24 [  1.32%] |   0 [  0.00%] | 4096 [ 45.41%] |
|    Unused Resources |  784185 [ 66.91%] | 561068 [ 94.96%] | 2132072 [ 87.98%] | 1790 [ 98.68%] | 960 [100.00%] | 4924 [ 54.59%] |
| gemv_kernel         |  387830 [ 33.09%] |  29781 [  5.04%] |  291324 [ 12.02%] |   24 [  1.32%] |   0 [  0.00%] | 4096 [ 45.41%] |
|    gemv_kernel_1    |  387830 [ 33.09%] |  29781 [  5.04%] |  291324 [ 12.02%] |   24 [  1.32%] |   0 [  0.00%] | 4096 [ 45.41%] |
+---------------------+-------------------+------------------+-------------------+----------------+---------------+----------------+


