#-----------------------------------------------------------
# xsim v2023.2 (64-bit)
# SW Build 4029153 on Fri Oct 13 20:13:54 MDT 2023
# IP Build 4028589 on Sat Oct 14 00:45:43 MDT 2023
# SharedData Build 4025554 on Tue Oct 10 17:18:54 MDT 2023
# Start of session at: Fri Jul 24 11:46:26 2026
# Process ID: 3312969
# Current directory: <REMOTE_WORKSPACE>/A-MICRO26-DSP-Packing/A_New_Baseline/Ultra-DSP-MAX/W4A4/tests/.syntax_work_v1
# Command line: xsim -log ../results/overlap_dsp_chains_xsim.log -mode tcl -source {xsim.dir/overlap_chain_sim/xsim_script.tcl}
# Log file: <REMOTE_WORKSPACE>/A-MICRO26-DSP-Packing/A_New_Baseline/Ultra-DSP-MAX/W4A4/tests/.syntax_work_v1/../results/overlap_dsp_chains_xsim.log
# Journal file: <REMOTE_WORKSPACE>/A-MICRO26-DSP-Packing/A_New_Baseline/Ultra-DSP-MAX/W4A4/tests/.syntax_work_v1/xsim.jou
# Running On: <REMOTE_HOST>, OS: Linux, CPU Frequency: 800.070 MHz, CPU Physical cores: 28, Host memory: 2164186 MB
#-----------------------------------------------------------
source xsim.dir/overlap_chain_sim/xsim_script.tcl
# xsim {overlap_chain_sim} -autoloadwcfg -runall
Time resolution is 1 ps
run -all
PASS: 200 MHz overlap FOUR12 latency=2, TWO24 latency=1, II=1
$finish called at time : 235 ns : File "<REMOTE_WORKSPACE>/A-MICRO26-DSP-Packing/A_New_Baseline/Ultra-DSP-MAX/W4A4/tests/test_overlap_dsp_chains.v" Line 129
exit
INFO: [Common 17-206] Exiting xsim at Fri Jul 24 11:46:30 2026...
